[run-qemu] audio: auto-selected pa (host: pulse running, qemu: pa supported)
[run-qemu] --update none → museum mode (P2K_NO_AUTO_UPDATE=1)
[run-qemu] read-only savedata: P2K_NO_SAVEDATA=1; running in /mnt/hgfs/encore_forensic/composis/Encore-Pinball2000/.run-qemu.ZYbsCT (no savedata/ subdir)
[run-qemu] cwd=/mnt/hgfs/encore_forensic/composis/Encore-Pinball2000/.run-qemu.ZYbsCT
[run-qemu] /home/encore/.cache/p2k-qemu-build/qemu-10.0.8/build/qemu-system-i386 -M pinball2000,game=rfm,roms-dir=/mnt/hgfs/encore_forensic/composis/Encore-Pinball2000/roms -no-reboot -m 16 -display none -serial null -audio driver=pa 
qemu-system-i386: info: pinball2000: loaded /mnt/hgfs/encore_forensic/composis/Encore-Pinball2000/roms/rfm_u100.rom (8388608 bytes -> chip0 16-bit lane)
qemu-system-i386: info: pinball2000: loaded /mnt/hgfs/encore_forensic/composis/Encore-Pinball2000/roms/rfm_u101.rom (8388608 bytes -> chip1 16-bit lane)
qemu-system-i386: info: pinball2000: loaded /mnt/hgfs/encore_forensic/composis/Encore-Pinball2000/roms/rfm_u102.rom (8388608 bytes -> chip0 16-bit lane)
qemu-system-i386: info: pinball2000: loaded /mnt/hgfs/encore_forensic/composis/Encore-Pinball2000/roms/rfm_u103.rom (8388608 bytes -> chip1 16-bit lane)
qemu-system-i386: info: pinball2000: loaded /mnt/hgfs/encore_forensic/composis/Encore-Pinball2000/roms/rfm_u104.rom (8388608 bytes -> chip0 16-bit lane)
qemu-system-i386: info: pinball2000: loaded /mnt/hgfs/encore_forensic/composis/Encore-Pinball2000/roms/rfm_u105.rom (8388608 bytes -> chip1 16-bit lane)
qemu-system-i386: info: pinball2000: loaded /mnt/hgfs/encore_forensic/composis/Encore-Pinball2000/roms/rfm_u106.rom (8388608 bytes -> chip0 16-bit lane)
qemu-system-i386: info: pinball2000: loaded /mnt/hgfs/encore_forensic/composis/Encore-Pinball2000/roms/rfm_u107.rom (8388608 bytes -> chip1 16-bit lane)
qemu-system-i386: info: pinball2000: loaded /mnt/hgfs/encore_forensic/composis/Encore-Pinball2000/roms/rfm_u109.bin (4194304 bytes -> chip0 16-bit lane)
qemu-system-i386: info: pinball2000: loaded /mnt/hgfs/encore_forensic/composis/Encore-Pinball2000/roms/rfm_u110.bin (4194304 bytes -> chip1 16-bit lane)
qemu-system-i386: info: pinball2000: mapped p2k.optrom           @ 0x000c0000 (32 KiB)
qemu-system-i386: info: pinball2000: loaded /mnt/hgfs/encore_forensic/composis/Encore-Pinball2000/roms/bios.bin (65536 bytes -> BIOS)
qemu-system-i386: info: pinball2000: mapped p2k.bios-shadow      @ 0x000f0000 (64 KiB, RW)
qemu-system-i386: info: pinball2000: mapped p2k.bios-reset       @ 0xffff0000 (64 KiB)
qemu-system-i386: info: pinball2000: mapped p2k.plx-bank0        @ 0x08000000 (16384 KiB)
qemu-system-i386: info: pinball2000: mapped p2k.plx-bank1        @ 0x08800000 (16384 KiB)
qemu-system-i386: info: pinball2000: mapped p2k.plx-bank2        @ 0x09800000 (16384 KiB)
qemu-system-i386: info: pinball2000: mapped p2k.plx-bank3        @ 0x0a800000 (16384 KiB)
qemu-system-i386: info: pinball2000: mapped p2k.dcs-cs3          @ 0x0b800000 (8192 KiB)
qemu-system-i386: info: pinball2000: mapped p2k.dcs-rombar       @ 0x18000000 (8192 KiB)
qemu-system-i386: info: pinball2000: mapped p2k.bar5-bank0       @ 0x14000000 (16384 KiB)
qemu-system-i386: info: pinball2000: mapped p2k.bar5-bank1       @ 0x15000000 (16384 KiB)
qemu-system-i386: info: pinball2000: mapped p2k.bar5-bank2       @ 0x16000000 (16384 KiB)
qemu-system-i386: info: pinball2000: mapped p2k.bar5-bank3       @ 0x17000000 (16384 KiB)
qemu-system-i386: info: pinball2000: mapped p2k.bank0-alias      @ 0xff000000 (4096 KiB)
qemu-system-i386: info: pinball2000: Cyrix MediaGX TCG extensions ENABLED (0F 3B BB1_RESET, 0F 3C CPU_WRITE, 0F 3D CPU_READ implemented per databook §4.1.5/§4.1.6 + on-silicon scratchpad pipeline; 0F 36/37/39/3F log+UD; 0F 3A reserved for SSE4 dispatch). Stock i386 binaries are unaffected.
qemu-system-i386: info: pinball2000: installed ISA stubs (kbd/0x61/cmos/post/com1) [UART<->chardev bidir]
qemu-system-i386: info: pinball2000: SuperIO W83977EF (0x2E/0x2F), CC5530 (0xEA/0xEB) and port 0x61 toggler installed
qemu-system-i386: info: pinball2000: installed Cyrix CCR at I/O 0x22/0x23 (GCR[0xb8] reset=0x0d -> GX_base_p=0x40000000, scratchpad=4KB; storage is mutable)
qemu-system-i386: info: pinball2000: installed PCI cf8/cfc stub (MediaGX dev0, PRISM dev8, Cx5520 dev18)
qemu-system-i386: info: pinball2000: P2K_NO_SAVEDATA set — running in read-only savedata mode (no seed, no save)
qemu-system-i386: info: pinball2000: mapped p2k.bar2-sram        @ 0x11000000 (128 KiB SRAM + 16 MiB sentinel)
qemu-system-i386: info: pinball2000: PLX BAR0 regs+SEEPROM @ 0x10000000 (256 bytes)
qemu-system-i386: info: pinball2000: P2K_NO_AUTO_UPDATE set — leaving BAR3 all-0xFF (base-image path; known stall on SWE1, see qemu/NOTES.next.md)
qemu-system-i386: info: pinball2000: DCS BAR4 MMIO @ 0x13000000 (16 MiB) [shared core, mode=io-handled]
qemu-system-i386: info: pinball2000: DCS-2 UART installed at I/O 0x138-0x13f [shared core]
qemu-system-i386: info: dcs-audio: pb2kslib loaded 866 entries from /mnt/hgfs/encore_forensic/composis/Encore-Pinball2000/roms/rfm_sound.bin
qemu-system-i386: info: pinball2000: DCS audio installed (44100 Hz S16 mono, 8-voice mixer, 866 pb2k entries; P2K_NO_DCS_AUDIO=1 to disable)
qemu-system-i386: info: pinball2000: LPT driver-board installed at I/O 0x378-0x37a (STATUS=0x87, edge-detect dispatch; keys: F1 quit | F2 flip-Y | F3 screenshot | F4 door | F5/Enter pulse | F6/F9 actions | F7/F8 flippers | Space/S start | F10/C coin | F12 dump | Esc/Left service | Up/Down volume | Right enter)
qemu-system-i386: info: pinball2000: GP BLT engine MMIO at 0x40008100 size 0x110
qemu-system-i386: info: pinball2000: VSYNC ticker armed (~57 Hz frame, 30 sub-tick updates @ DC_TIMING2)
qemu-system-i386: info: pinball2000: BT-130 mem_detect patcher armed
qemu-system-i386: info: pinball2000: diag sampler ON (PIT/PIC/IDT/XINU-sched, every 100 ms; unset P2K_DIAG to silence)
qemu-system-i386: info: pinball2000: timing-audit armed (initial @3s, every 5s with P2K_DIAG=1; disable with P2K_NO_TIMING_AUDIT=1)
qemu-system-i386: info: pinball2000: BT-131 NIC LAN ROM shadow installed at 0xd0008 (8B read-only MMIO; MAC 00:00:c0:01:02:03 board_id=0x2a checksum=0x0f)
qemu-system-i386: info: p2k-probe-cell-shim: ACTIVE (P2K_NO_AUTO_UPDATE) — Unicorn-style probe-cell maintenance scheduled. This is a TEMPORARY compatibility bridge for --update none parity, NOT clean QEMU device behavior. Removal condition: when DCS/PLX9054 model returns the right value at the probe address natively, delete p2k-probe-cell-shim.c and stop calling p2k_install_probe_cell_shim() from pinball2000.c.
qemu-system-i386: info: pinball2000: machine ready (game=rfm, ram=16 MiB)
qemu-system-i386: info: pinball2000: PM entry CS:EIP=0008:000801d9 ESP=0008b000
qemu-system-i386: info: p2k-diag: PIT ch0 mode=3 gate=1 count=0 (18.21 Hz)
qemu-system-i386: info: p2k-diag: PIT ch1 mode=3 gate=1 count=0 (18.21 Hz)
qemu-system-i386: info: p2k-diag: PIT ch2 mode=3 gate=0 count=0 (18.21 Hz)
qemu-system-i386: info: p2k-diag: PIC master imr=00 irr=01 isr=00 base=00
qemu-system-i386: info: p2k-diag: IDT base=0x00000000 limit=0x0000
qemu-system-i386: info: p2k-diag: IDT[0x20] sel=0x0000 off=0x00000000 type=0x00 (IRQ0/PIT)
qemu-system-i386: info: p2k-diag: IDT[0x28] sel=0x0000 off=0x00000000 type=0x00 (IRQ8/RTC)
qemu-system-i386: info: p2k-diag: cpu eip=0x00080fff cs=0x0008 esp=0x0008afbc eflags=0x00000002 cr0=0x60000011
qemu-system-i386: info: p2k-probe-cell-shim: located probe cell at 0x00231d78 — phase=pre-XINU scribble=0x0000ffff every 50 ms; will flip to 0x00000000 once XINU installs clkint at IDT[0x20] (--update none compatibility bridge)
qemu-system-i386: info: p2k-diag: PIT ch0 mode=2 gate=1 count=298 (4003.97 Hz)
qemu-system-i386: info: p2k-diag: PIC master imr=fd irr=01 isr=00 base=20
qemu-system-i386: info: p2k-diag: IDT base=0x0024d324 limit=0x017f
qemu-system-i386: info: p2k-diag: IDT[0x20] sel=0x0008 off=0x001af6ba type=0x8f (IRQ0/PIT)
qemu-system-i386: info: p2k-diag: IDT[0x28] sel=0x0008 off=0x001b8af3 type=0x8f (IRQ8/RTC)
qemu-system-i386: info: p2k-probe-cell-shim: phase=post-XINU (IDT[0x20]: panic-stub 0x001b8a9b → clkint 0x001af6ba) — switching scribble to 0x00000000 at [0x00231d78] so DCS probe returns PRESENT
qemu-system-i386: info: p2k-probe-cell-shim: first post-XINU scribble committed; awaiting first DCS command from guest
qemu-system-i386: info: pinball2000: BT-130 mem_detect patch applied at 0x001b9a55: 0x04 -> 0x0E (4 MiB -> 14 MiB pages)
qemu-system-i386: info: pinball2000: irq0 missed-edge replay disabled (set P2K_IRQ_REPLAY=1 to enable legacy safety net)
qemu-system-i386: info: p2k-diag: PIC master imr=e0 irr=00 isr=00 base=20
qemu-system-i386: info: pinball2000: GP first-write off=0x8110 val=0xffffffff size=4
qemu-system-i386: info: pinball2000: GP first-write off=0x8114 val=0xffffffff size=4
qemu-system-i386: info: pinball2000: GP first-write off=0x8120 val=0xffffffff size=4
qemu-system-i386: info: pinball2000: GP first-write off=0x8124 val=0xffffffff size=4
qemu-system-i386: info: pinball2000: GP first-write off=0x8128 val=0xffffffff size=4
qemu-system-i386: info: pinball2000: GP first-write off=0x812c val=0xffffffff size=4
qemu-system-i386: info: pinball2000: GP first-write off=0x8108 val=0x02d00000 size=4
qemu-system-i386: info: pinball2000: GP first-write off=0x8100 val=0x02cf00c9 size=4
qemu-system-i386: info: pinball2000: GP first-write off=0x8104 val=0x000100ee size=4
qemu-system-i386: info: pinball2000: GP BLT #0: src(0,720) dst(201,719) w=238 raster=0x000010c6 TRANSPARENT key=0x7c1f
qemu-system-i386: info: pinball2000: GP BLT #1: src(238,720) dst(201,718) w=238 raster=0x000010c6 TRANSPARENT key=0x7c1f
qemu-system-i386: info: pinball2000: GP BLT #2: src(476,720) dst(201,717) w=238 raster=0x000010c6 TRANSPARENT key=0x7c1f
qemu-system-i386: info: pinball2000: GP BLT #3: src(714,720) dst(201,716) w=238 raster=0x000010c6 TRANSPARENT key=0x7c1f
qemu-system-i386: info: pinball2000: GP BLT #4: src(952,720) dst(201,715) w=72 raster=0x000010c6 TRANSPARENT key=0x7c1f
qemu-system-i386: info: pinball2000: GP BLT #5: src(0,721) dst(273,715) w=166 raster=0x000010c6 TRANSPARENT key=0x7c1f
qemu-system-i386: info: pinball2000: GP BLT #6: src(166,721) dst(201,714) w=238 raster=0x000010c6 TRANSPARENT key=0x7c1f
qemu-system-i386: info: pinball2000: GP BLT #7: src(404,721) dst(201,713) w=238 raster=0x000010c6 TRANSPARENT key=0x7c1f
qemu-system-i386: info: pinball2000: GP BLT #8: src(642,721) dst(201,712) w=238 raster=0x000010c6 TRANSPARENT key=0x7c1f
qemu-system-i386: info: pinball2000: GP BLT #9: src(880,721) dst(201,711) w=144 raster=0x000010c6 TRANSPARENT key=0x7c1f
qemu-system-i386: info: pinball2000: GP BLT #10: src(0,722) dst(345,711) w=94 raster=0x000010c6 TRANSPARENT key=0x7c1f
qemu-system-i386: info: pinball2000: GP BLT #11: src(94,722) dst(201,710) w=238 raster=0x000010c6 TRANSPARENT key=0x7c1f
qemu-system-i386: info: pinball2000: GP BLT #12: src(332,722) dst(201,709) w=238 raster=0x000010c6 TRANSPARENT key=0x7c1f
qemu-system-i386: info: pinball2000: GP BLT #13: src(570,722) dst(201,708) w=238 raster=0x000010c6 TRANSPARENT key=0x7c1f
qemu-system-i386: info: pinball2000: GP BLT #14: src(808,722) dst(201,707) w=216 raster=0x000010c6 TRANSPARENT key=0x7c1f
qemu-system-i386: info: pinball2000: GP BLT #15: src(0,723) dst(417,707) w=22 raster=0x000010c6 TRANSPARENT key=0x7c1f
qemu-system-i386: info: pinball2000: GP BLT #16: src(22,723) dst(201,706) w=238 raster=0x000010c6 TRANSPARENT key=0x7c1f
qemu-system-i386: info: pinball2000: GP BLT #17: src(260,723) dst(201,705) w=238 raster=0x000010c6 TRANSPARENT key=0x7c1f
qemu-system-i386: info: pinball2000: GP BLT #18: src(498,723) dst(201,704) w=238 raster=0x000010c6 TRANSPARENT key=0x7c1f
qemu-system-i386: info: pinball2000: GP BLT #19: src(736,723) dst(201,703) w=238 raster=0x000010c6 TRANSPARENT key=0x7c1f
qemu-system-i386: info: p2k-diag: cpu eip=0x001b94b0 cs=0x0008 esp=0x003ffff0 eflags=0x00000202 cr0=0x60000011
qemu-system-i386: info: p2k-diag: PIC master imr=ff irr=01 isr=00 base=20
qemu-system-i386: info: dcs-audio: ogg src_chans=1 src_rate=22050
qemu-system-i386: info: dcs-audio: decoded cmd=0x003a name=dcs-bong frames=30024 peak=27816 rms=4870
qemu-system-i386: info: dcs-audio: [BAR4] process_cmd 0x003a → key=0x003a name=dcs-bong frames=30024 ch=0 vol=255 pan=127 (played #1)
qemu-system-i386: info: dcs-audio: [BAR4] process_cmd 0x00aa → key=0x0fff no-pb2k-entry (missed #1)
qemu-system-i386: info: p2k-diag: PIC master imr=e0 irr=01 isr=00 base=20
qemu-system-i386: info: dcs-audio: ch0 END  (cmd=0x003a name=dcs-bong frames=30024 cb_elapsed=32)
qemu-system-i386: info: p2k-diag: PIC master imr=ff irr=00 isr=00 base=20
qemu-system-i386: info: p2k-diag: PIC master imr=e0 irr=01 isr=00 base=20
qemu-system-i386: info: dcs-audio: [BAR4] execute_mixer 0x55aa d1=0x40bf → GLOBAL_VOL=191 (broadcast to all 8 voices, per Unicorn Mix_Volume(-1))
qemu-system-i386: info: dcs-audio: [BAR4] execute_mixer 0x55ab d1=0x3fff → ch7 VOL=255
qemu-system-i386: info: dcs-audio: [BAR4] execute_mixer 0x55ac d1=0x3f7f → ch7 PAN=127
qemu-system-i386: info: p2k-diag: PIC master imr=ff irr=01 isr=00 base=20
qemu-system-i386: info: p2k-diag: cpu eip=0x001b88b9 cs=0x0008 esp=0x003f5f0c eflags=0x00000002 cr0=0x60000011
qemu-system-i386: info: p2k-diag: PIC master imr=e0 irr=01 isr=00 base=20
qemu-system-i386: info: p2k-diag: PIC master imr=ff irr=00 isr=00 base=20
qemu-system-i386: info: p2k-diag: PIC master imr=e0 irr=01 isr=00 base=20
qemu-system-i386: info: p2k-timing #0 snap | clock=QEMU_CLOCK_VIRTUAL icount=off expected: pit0_div=298 pit0_mode=2 pit0_hz=4003.97 irq0_edges_pit_expected=12013 observed: irq0_raised=11234 irq0_replayed=0 clkint_entered=4458 eoi_seen=4458 delivery=39.7% replay=0.0% imr=e0 irr=01 isr=00 base=20 idt20=0x001af6ba handler=clkint clkint_hook=0x001af6ba shim=0 wall=3.010s vtime=3.000s scale=0.997x host_slow=no pic_base=0x20
qemu-system-i386: info: p2k-latency snap | raise->clkint p50=68us p95=168us p99=210us max=1448us max_total=1448us n=4096 | pdb05 count=4383
qemu-system-i386: info: p2k-pdb05 snap | pdb05_wall_delta   p50=615us p95=967us p99=1193us max=16818us max_total=16818us n=4096
qemu-system-i386: info: p2k-pdb05 snap | pdb05_wall_total   p50=615us p95=967us p99=1193us max=16818us max_total=16818us n=4096
qemu-system-i386: info: p2k-pdb05 snap | pdb05_vtime_delta  p50=615us p95=967us p99=1193us max=16818us max_total=16818us n=4096
qemu-system-i386: info: p2k-pdb05 snap | pdb05_vtime_total  p50=615us p95=967us p99=1193us max=16818us max_total=16818us n=4096
qemu-system-i386: info: p2k-xinu-drift snap | period_ms=0.250 | total: wall=3010.0ms vtime=3000.3ms xinu=1113.4ms drift=0.370 | delta: wall=0.0ms vtime=0.0ms xinu=0.0ms drift=0.000
qemu-system-i386: info: p2k-segment snap | raise_intack  p50=63us p95=161us p99=202us max=1442us max_total=1442us n=4096
qemu-system-i386: info: p2k-segment snap | intack_entry  p50=5us p95=6us p99=11us max=105us max_total=105us n=4096
qemu-system-i386: info: p2k-segment snap | entry_eoi     p50=1us p95=2us p99=3us max=134us max_total=134us n=4096
qemu-system-i386: info: p2k-segment snap | eoi_iret      p50=44us p95=91us p99=273us max=2032us max_total=2032us n=4091
qemu-system-i386: info: p2k-segment snap | iret_raise    p50=480us p95=814us p99=961us max=16508us max_total=16508us n=4091
qemu-system-i386: info: p2k-segment snap | coverage intack_seen=4458 iret_seen=4091 (vs clkint_entered=4458)
qemu-system-i386: info: p2k-eoi-eip snap | 0x001af6ba:4458 
qemu-system-i386: info: p2k-diag: cpu eip=0x001b94b0 cs=0x0008 esp=0x003ffff0 eflags=0x00000202 cr0=0x60000011
qemu-system-i386: info: p2k-diag: cpu eip=0x001b94b0 cs=0x0008 esp=0x003ffff0 eflags=0x00000202 cr0=0x60000011
qemu-system-i386: info: p2k-diag: cpu eip=0x001b94b0 cs=0x0008 esp=0x003ffff0 eflags=0x00000202 cr0=0x60000011
qemu-system-i386: info: p2k-timing #1 snap | clock=QEMU_CLOCK_VIRTUAL icount=off expected: pit0_div=298 pit0_mode=2 pit0_hz=4003.97 irq0_edges_pit_expected=24152 observed: irq0_raised=23374 irq0_replayed=0 clkint_entered=9673 eoi_seen=9673 delivery=41.4% replay=0.0% imr=e0 irr=01 isr=00 base=20 idt20=0x001af6ba handler=clkint clkint_hook=0x001af6ba shim=0 wall=6.042s vtime=6.032s scale=0.998x host_slow=no pic_base=0x20
qemu-system-i386: info: p2k-latency snap | raise->clkint p50=100us p95=176us p99=219us max=550us max_total=1448us n=4096 | pdb05 count=9598
qemu-system-i386: info: p2k-pdb05 snap | pdb05_wall_delta   p50=624us p95=971us p99=1137us max=2223us max_total=32907us n=4096
qemu-system-i386: info: p2k-pdb05 snap | pdb05_wall_total   p50=624us p95=971us p99=1137us max=2223us max_total=32907us n=4096
qemu-system-i386: info: p2k-pdb05 snap | pdb05_vtime_delta  p50=624us p95=971us p99=1137us max=2223us max_total=32907us n=4096
qemu-system-i386: info: p2k-pdb05 snap | pdb05_vtime_total  p50=624us p95=971us p99=1137us max=2223us max_total=32907us n=4096
qemu-system-i386: info: p2k-xinu-drift snap | period_ms=0.250 | total: wall=6041.8ms vtime=6032.1ms xinu=2415.9ms drift=0.400 | delta: wall=3031.9ms vtime=3031.9ms xinu=1302.5ms drift=0.430
qemu-system-i386: info: p2k-segment snap | raise_intack  p50=94us p95=168us p99=209us max=548us max_total=1442us n=4096
qemu-system-i386: info: p2k-segment snap | intack_entry  p50=5us p95=8us p99=26us max=184us max_total=184us n=4096
qemu-system-i386: info: p2k-segment snap | entry_eoi     p50=1us p95=2us p99=3us max=171us max_total=171us n=4096
qemu-system-i386: info: p2k-segment snap | eoi_iret      p50=46us p95=99us p99=278us max=550us max_total=2032us n=4096
qemu-system-i386: info: p2k-segment snap | iret_raise    p50=484us p95=828us p99=949us max=1905us max_total=16508us n=4096
qemu-system-i386: info: p2k-segment snap | coverage intack_seen=9673 iret_seen=8838 (vs clkint_entered=9673)
qemu-system-i386: info: p2k-eoi-eip snap | 0x001af6ba:9673 
qemu-system-i386: info: p2k-diag: cpu eip=0x001b94b0 cs=0x0008 esp=0x003ffff0 eflags=0x00000202 cr0=0x60000011
qemu-system-i386: info: p2k-diag: PIC master imr=ff irr=01 isr=00 base=20
qemu-system-i386: info: p2k-diag: PIC master imr=e0 irr=01 isr=00 base=20
qemu-system-i386: info: p2k-diag: cpu eip=0x001fd5c4 cs=0x0008 esp=0x003f5ef4 eflags=0x00000202 cr0=0x60000011
qemu-system-i386: info: p2k-diag: PIC master imr=ff irr=00 isr=00 base=20
qemu-system-i386: info: p2k-diag: cpu eip=0x001b88b9 cs=0x0008 esp=0x003fff50 eflags=0x00000002 cr0=0x60000011
qemu-system-i386: info: p2k-diag: PIC master imr=e0 irr=01 isr=00 base=20
qemu-system-i386: info: p2k-timing #2 snap | clock=QEMU_CLOCK_VIRTUAL icount=off expected: pit0_div=298 pit0_mode=2 pit0_hz=4003.97 irq0_edges_pit_expected=36290 observed: irq0_raised=35513 irq0_replayed=0 clkint_entered=14887 eoi_seen=14887 delivery=41.9% replay=0.0% imr=e0 irr=01 isr=00 base=20 idt20=0x001af6ba handler=clkint clkint_hook=0x001af6ba shim=0 wall=9.073s vtime=9.064s scale=0.999x host_slow=no pic_base=0x20
qemu-system-i386: info: p2k-latency snap | raise->clkint p50=98us p95=177us p99=211us max=563us max_total=1448us n=4096 | pdb05 count=14812
qemu-system-i386: info: p2k-pdb05 snap | pdb05_wall_delta   p50=624us p95=976us p99=1125us max=10531us max_total=32445us n=4096
qemu-system-i386: info: p2k-pdb05 snap | pdb05_wall_total   p50=624us p95=976us p99=1125us max=10531us max_total=32907us n=4096
qemu-system-i386: info: p2k-pdb05 snap | pdb05_vtime_delta  p50=624us p95=976us p99=1125us max=10531us max_total=32445us n=4096
qemu-system-i386: info: p2k-pdb05 snap | pdb05_vtime_total  p50=624us p95=976us p99=1125us max=10531us max_total=32907us n=4096
qemu-system-i386: info: p2k-xinu-drift snap | period_ms=0.250 | total: wall=9073.3ms vtime=9063.6ms xinu=3718.1ms drift=0.410 | delta: wall=3031.4ms vtime=3031.4ms xinu=1302.2ms drift=0.430
qemu-system-i386: info: p2k-segment snap | raise_intack  p50=93us p95=170us p99=203us max=555us max_total=1442us n=4096
qemu-system-i386: info: p2k-segment snap | intack_entry  p50=5us p95=7us p99=25us max=148us max_total=184us n=4096
qemu-system-i386: info: p2k-segment snap | entry_eoi     p50=1us p95=2us p99=3us max=133us max_total=171us n=4096
qemu-system-i386: info: p2k-segment snap | eoi_iret      p50=45us p95=99us p99=271us max=762us max_total=2032us n=4096
qemu-system-i386: info: p2k-segment snap | iret_raise    p50=477us p95=822us p99=938us max=3919us max_total=16508us n=4096
qemu-system-i386: info: p2k-segment snap | coverage intack_seen=14887 iret_seen=13592 (vs clkint_entered=14887)
qemu-system-i386: info: p2k-eoi-eip snap | 0x001af6ba:14887 
qemu-system-i386: info: p2k-diag: PIC master imr=ff irr=01 isr=00 base=20
qemu-system-i386: info: p2k-diag: cpu eip=0x001b88e1 cs=0x0008 esp=0x003f7f6c eflags=0x00000002 cr0=0x60000011
qemu-system-i386: info: p2k-diag: PIC master imr=e0 irr=01 isr=00 base=20
qemu-system-i386: info: p2k-diag: PIC master imr=ff irr=00 isr=00 base=20
qemu-system-i386: info: p2k-diag: PIC master imr=e0 irr=01 isr=00 base=20
qemu-system-i386: info: p2k-diag: cpu eip=0x001b94b0 cs=0x0008 esp=0x003ffff0 eflags=0x00000202 cr0=0x60000011
qemu-system-i386: info: p2k-diag: cpu eip=0x001fd6ac cs=0x0008 esp=0x003f5ef4 eflags=0x00000202 cr0=0x60000011
qemu-system-i386: info: p2k-diag: PIC master imr=ff irr=00 isr=00 base=20
qemu-system-i386: info: p2k-diag: PIC master imr=e0 irr=00 isr=00 base=20
qemu-system-i386: info: p2k-diag: PIC master imr=ff irr=00 isr=00 base=20
qemu-system-i386: info: p2k-diag: PIC master imr=e0 irr=01 isr=00 base=20
qemu-system-i386: info: p2k-timing #3 snap | clock=QEMU_CLOCK_VIRTUAL icount=off expected: pit0_div=298 pit0_mode=2 pit0_hz=4003.97 irq0_edges_pit_expected=48421 observed: irq0_raised=47643 irq0_replayed=0 clkint_entered=20139 eoi_seen=20139 delivery=42.3% replay=0.0% imr=e0 irr=00 isr=00 base=20 idt20=0x001af6ba handler=clkint clkint_hook=0x001af6ba shim=0 wall=12.103s vtime=12.093s scale=0.999x host_slow=no pic_base=0x20
qemu-system-i386: info: p2k-latency snap | raise->clkint p50=85us p95=168us p99=206us max=476us max_total=1448us n=4096 | pdb05 count=20064
qemu-system-i386: info: p2k-pdb05 snap | pdb05_wall_delta   p50=615us p95=966us p99=1109us max=3271us max_total=30795us n=4096
qemu-system-i386: info: p2k-pdb05 snap | pdb05_wall_total   p50=615us p95=966us p99=1109us max=3271us max_total=32907us n=4096
qemu-system-i386: info: p2k-pdb05 snap | pdb05_vtime_delta  p50=615us p95=966us p99=1109us max=3271us max_total=30795us n=4096
qemu-system-i386: info: p2k-pdb05 snap | pdb05_vtime_total  p50=615us p95=966us p99=1109us max=3271us max_total=32907us n=4096
qemu-system-i386: info: p2k-xinu-drift snap | period_ms=0.250 | total: wall=12103.0ms vtime=12093.3ms xinu=5029.8ms drift=0.416 | delta: wall=3029.7ms vtime=3029.7ms xinu=1311.7ms drift=0.433
qemu-system-i386: info: p2k-segment snap | raise_intack  p50=80us p95=160us p99=198us max=471us max_total=1442us n=4096
qemu-system-i386: info: p2k-segment snap | intack_entry  p50=5us p95=7us p99=17us max=118us max_total=184us n=4096
qemu-system-i386: info: p2k-segment snap | entry_eoi     p50=1us p95=2us p99=3us max=223us max_total=223us n=4096
qemu-system-i386: info: p2k-segment snap | eoi_iret      p50=43us p95=88us p99=270us max=510us max_total=2032us n=4096
qemu-system-i386: info: p2k-segment snap | iret_raise    p50=475us p95=831us p99=947us max=3155us max_total=16508us n=4096
qemu-system-i386: info: p2k-segment snap | coverage intack_seen=20139 iret_seen=18442 (vs clkint_entered=20139)
qemu-system-i386: info: p2k-eoi-eip snap | 0x001af6ba:20139 
qemu-system-i386: info: p2k-diag: cpu eip=0x001b94b0 cs=0x0008 esp=0x003ffff0 eflags=0x00000202 cr0=0x60000011
qemu-system-i386: info: p2k-diag: cpu eip=0x001b94b0 cs=0x0008 esp=0x003ffff0 eflags=0x00000202 cr0=0x60000011
qemu-system-i386: info: p2k-diag: cpu eip=0x001b94b0 cs=0x0008 esp=0x003ffff0 eflags=0x00000202 cr0=0x60000011
qemu-system-i386: info: p2k-timing #4 snap | clock=QEMU_CLOCK_VIRTUAL icount=off expected: pit0_div=298 pit0_mode=2 pit0_hz=4003.97 irq0_edges_pit_expected=60525 observed: irq0_raised=59746 irq0_replayed=0 clkint_entered=25413 eoi_seen=25413 delivery=42.5% replay=0.0% imr=e0 irr=01 isr=00 base=20 idt20=0x001af6ba handler=clkint clkint_hook=0x001af6ba shim=0 wall=15.126s vtime=15.116s scale=0.999x host_slow=no pic_base=0x20
qemu-system-i386: info: p2k-latency snap | raise->clkint p50=60us p95=153us p99=190us max=338us max_total=1448us n=4096 | pdb05 count=25338
qemu-system-i386: info: p2k-pdb05 snap | pdb05_wall_delta   p50=620us p95=976us p99=1109us max=3615us max_total=23396us n=4096
qemu-system-i386: info: p2k-pdb05 snap | pdb05_wall_total   p50=620us p95=976us p99=1109us max=3615us max_total=32907us n=4096
qemu-system-i386: info: p2k-pdb05 snap | pdb05_vtime_delta  p50=620us p95=976us p99=1109us max=3615us max_total=23396us n=4096
qemu-system-i386: info: p2k-pdb05 snap | pdb05_vtime_total  p50=620us p95=976us p99=1109us max=3615us max_total=32907us n=4096
qemu-system-i386: info: p2k-xinu-drift snap | period_ms=0.250 | total: wall=15125.8ms vtime=15116.1ms xinu=6347.0ms drift=0.420 | delta: wall=3022.9ms vtime=3022.9ms xinu=1317.2ms drift=0.436
qemu-system-i386: info: p2k-segment snap | raise_intack  p50=55us p95=147us p99=183us max=933us max_total=1442us n=4096
qemu-system-i386: info: p2k-segment snap | intack_entry  p50=5us p95=7us p99=10us max=319us max_total=319us n=4096
qemu-system-i386: info: p2k-segment snap | entry_eoi     p50=1us p95=2us p99=3us max=54us max_total=223us n=4096
qemu-system-i386: info: p2k-segment snap | eoi_iret      p50=43us p95=86us p99=310us max=694us max_total=2032us n=4096
qemu-system-i386: info: p2k-segment snap | iret_raise    p50=500us p95=855us p99=949us max=1177us max_total=22774us n=4096
qemu-system-i386: info: p2k-segment snap | coverage intack_seen=25413 iret_seen=23425 (vs clkint_entered=25413)
qemu-system-i386: info: p2k-eoi-eip snap | 0x001af6ba:25413 
qemu-system-i386: info: p2k-diag: cpu eip=0x001b94b0 cs=0x0008 esp=0x003ffff0 eflags=0x00000202 cr0=0x60000011
qemu-system-i386: info: p2k-diag: PIC master imr=ff irr=01 isr=00 base=20
qemu-system-i386: info: p2k-diag: PIC master imr=e0 irr=01 isr=00 base=20
qemu-system-i386: info: p2k-diag: cpu eip=0x001b94b0 cs=0x0008 esp=0x003ffff0 eflags=0x00000202 cr0=0x60000011
qemu-system-i386: info: p2k-diag: cpu eip=0x001b94b0 cs=0x0008 esp=0x003ffff0 eflags=0x00000202 cr0=0x60000011
qemu-system-i386: info: p2k-timing #5 snap | clock=QEMU_CLOCK_VIRTUAL icount=off expected: pit0_div=298 pit0_mode=2 pit0_hz=4003.97 irq0_edges_pit_expected=72633 observed: irq0_raised=71854 irq0_replayed=0 clkint_entered=30544 eoi_seen=30544 delivery=42.5% replay=0.0% imr=e0 irr=01 isr=00 base=20 idt20=0x001af6ba handler=clkint clkint_hook=0x001af6ba shim=0 wall=18.150s vtime=18.140s scale=0.999x host_slow=no pic_base=0x20
qemu-system-i386: info: p2k-latency snap | raise->clkint p50=72us p95=200us p99=250us max=475us max_total=1448us n=4096 | pdb05 count=30469
qemu-system-i386: info: p2k-pdb05 snap | pdb05_wall_delta   p50=637us p95=978us p99=1150us max=3447us max_total=24856us n=4096
qemu-system-i386: info: p2k-pdb05 snap | pdb05_wall_total   p50=637us p95=978us p99=1150us max=3447us max_total=32907us n=4096
qemu-system-i386: info: p2k-pdb05 snap | pdb05_vtime_delta  p50=637us p95=978us p99=1150us max=3447us max_total=24856us n=4096
qemu-system-i386: info: p2k-pdb05 snap | pdb05_vtime_total  p50=637us p95=978us p99=1150us max=3447us max_total=32907us n=4096
qemu-system-i386: info: p2k-xinu-drift snap | period_ms=0.250 | total: wall=18149.9ms vtime=18140.2ms xinu=7628.4ms drift=0.420 | delta: wall=3024.1ms vtime=3024.1ms xinu=1281.5ms drift=0.424
qemu-system-i386: info: p2k-segment snap | raise_intack  p50=67us p95=192us p99=240us max=465us max_total=1442us n=4096
qemu-system-i386: info: p2k-segment snap | intack_entry  p50=5us p95=9us p99=16us max=226us max_total=319us n=4096
qemu-system-i386: info: p2k-segment snap | entry_eoi     p50=1us p95=3us p99=4us max=156us max_total=257us n=4096
qemu-system-i386: info: p2k-segment snap | eoi_iret      p50=53us p95=117us p99=309us max=835us max_total=2032us n=4096
qemu-system-i386: info: p2k-segment snap | iret_raise    p50=486us p95=815us p99=955us max=3114us max_total=22774us n=4096
qemu-system-i386: info: p2k-segment snap | coverage intack_seen=30544 iret_seen=28138 (vs clkint_entered=30544)
qemu-system-i386: info: p2k-eoi-eip snap | 0x001af6ba:30544 
qemu-system-i386: info: p2k-diag: cpu eip=0x001fd760 cs=0x0008 esp=0x003f5ef4 eflags=0x00000202 cr0=0x60000011
qemu-system-i386: info: p2k-diag: PIC master imr=ff irr=01 isr=00 base=20
qemu-system-i386: info: p2k-diag: PIC master imr=e0 irr=00 isr=00 base=20
qemu-system-i386: info: p2k-diag: cpu eip=0x001b94b0 cs=0x0008 esp=0x003ffff0 eflags=0x00000202 cr0=0x60000011
qemu-system-i386: info: p2k-diag: PIC master imr=ff irr=01 isr=00 base=20
qemu-system-i386: info: p2k-diag: PIC master imr=e0 irr=01 isr=00 base=20
qemu-system-i386: info: p2k-diag: cpu eip=0x001b94b0 cs=0x0008 esp=0x003ffff0 eflags=0x00000202 cr0=0x60000011
qemu-system-i386: info: p2k-timing #6 snap | clock=QEMU_CLOCK_VIRTUAL icount=off expected: pit0_div=298 pit0_mode=2 pit0_hz=4003.97 irq0_edges_pit_expected=84762 observed: irq0_raised=83982 irq0_replayed=0 clkint_entered=35456 eoi_seen=35456 delivery=42.2% replay=0.0% imr=e0 irr=00 isr=00 base=20 idt20=0x001af6ba handler=clkint clkint_hook=0x001af6ba shim=0 wall=21.179s vtime=21.169s scale=1.000x host_slow=no pic_base=0x20
qemu-system-i386: info: p2k-latency snap | raise->clkint p50=106us p95=216us p99=290us max=1356us max_total=1448us n=4096 | pdb05 count=35381
qemu-system-i386: info: p2k-pdb05 snap | pdb05_wall_delta   p50=657us p95=1030us p99=1254us max=10551us max_total=30192us n=4096
qemu-system-i386: info: p2k-pdb05 snap | pdb05_wall_total   p50=657us p95=1030us p99=1254us max=10551us max_total=32907us n=4096
qemu-system-i386: info: p2k-pdb05 snap | pdb05_vtime_delta  p50=657us p95=1030us p99=1254us max=10550us max_total=30192us n=4096
qemu-system-i386: info: p2k-pdb05 snap | pdb05_vtime_total  p50=657us p95=1030us p99=1254us max=10550us max_total=32907us n=4096
qemu-system-i386: info: p2k-xinu-drift snap | period_ms=0.250 | total: wall=21179.1ms vtime=21169.4ms xinu=8855.2ms drift=0.418 | delta: wall=3029.2ms vtime=3029.2ms xinu=1226.8ms drift=0.405
qemu-system-i386: info: p2k-segment snap | raise_intack  p50=100us p95=206us p99=284us max=1352us max_total=1442us n=4096
qemu-system-i386: info: p2k-segment snap | intack_entry  p50=5us p95=10us p99=37us max=2199us max_total=2199us n=4096
qemu-system-i386: info: p2k-segment snap | entry_eoi     p50=1us p95=3us p99=5us max=328us max_total=328us n=4096
qemu-system-i386: info: p2k-segment snap | eoi_iret      p50=61us p95=149us p99=359us max=699us max_total=2032us n=4096
qemu-system-i386: info: p2k-segment snap | iret_raise    p50=476us p95=833us p99=993us max=2890us max_total=22774us n=4096
qemu-system-i386: info: p2k-segment snap | coverage intack_seen=35456 iret_seen=32444 (vs clkint_entered=35456)
qemu-system-i386: info: p2k-eoi-eip snap | 0x001af6ba:35456 
qemu-system-i386: info: p2k-diag: PIC master imr=ff irr=01 isr=00 base=20
qemu-system-i386: info: p2k-diag: cpu eip=0x001b88e1 cs=0x0008 esp=0x003fff54 eflags=0x00000002 cr0=0x60000011
qemu-system-i386: info: p2k-diag: PIC master imr=e0 irr=01 isr=00 base=20
qemu-system-i386: info: p2k-diag: cpu eip=0x001b94b0 cs=0x0008 esp=0x003ffff0 eflags=0x00000202 cr0=0x60000011
qemu-system-i386: info: p2k-diag: cpu eip=0x001b94b0 cs=0x0008 esp=0x003ffff0 eflags=0x00000202 cr0=0x60000011
qemu-system-i386: info: p2k-timing #7 snap | clock=QEMU_CLOCK_VIRTUAL icount=off expected: pit0_div=298 pit0_mode=2 pit0_hz=4003.97 irq0_edges_pit_expected=96883 observed: irq0_raised=96105 irq0_replayed=0 clkint_entered=40622 eoi_seen=40622 delivery=42.3% replay=0.0% imr=e0 irr=01 isr=00 base=20 idt20=0x001af6ba handler=clkint clkint_hook=0x001af6ba shim=0 wall=24.206s vtime=24.197s scale=1.000x host_slow=no pic_base=0x20
qemu-system-i386: info: p2k-latency snap | raise->clkint p50=67us p95=182us p99=221us max=507us max_total=1448us n=4096 | pdb05 count=40547
qemu-system-i386: info: p2k-pdb05 snap | pdb05_wall_delta   p50=629us p95=975us p99=1133us max=1979us max_total=28239us n=4096
qemu-system-i386: info: p2k-pdb05 snap | pdb05_wall_total   p50=629us p95=975us p99=1133us max=1979us max_total=32907us n=4096
qemu-system-i386: info: p2k-pdb05 snap | pdb05_vtime_delta  p50=629us p95=974us p99=1133us max=1979us max_total=28239us n=4096
qemu-system-i386: info: p2k-pdb05 snap | pdb05_vtime_total  p50=629us p95=974us p99=1133us max=1979us max_total=32907us n=4096
qemu-system-i386: info: p2k-xinu-drift snap | period_ms=0.250 | total: wall=24206.4ms vtime=24196.7ms xinu=10145.4ms drift=0.419 | delta: wall=3027.2ms vtime=3027.2ms xinu=1290.2ms drift=0.426
qemu-system-i386: info: p2k-segment snap | raise_intack  p50=62us p95=174us p99=211us max=500us max_total=1442us n=4096
qemu-system-i386: info: p2k-segment snap | intack_entry  p50=5us p95=8us p99=22us max=123us max_total=2199us n=4096
qemu-system-i386: info: p2k-segment snap | entry_eoi     p50=1us p95=3us p99=4us max=146us max_total=692us n=4096
qemu-system-i386: info: p2k-segment snap | eoi_iret      p50=52us p95=111us p99=320us max=647us max_total=2032us n=4096
qemu-system-i386: info: p2k-segment snap | iret_raise    p50=485us p95=827us p99=952us max=1804us max_total=27539us n=4096
qemu-system-i386: info: p2k-segment snap | coverage intack_seen=40622 iret_seen=37167 (vs clkint_entered=40622)
qemu-system-i386: info: p2k-eoi-eip snap | 0x001af6ba:40622 
qemu-system-i386: info: p2k-diag: cpu eip=0x001b94b0 cs=0x0008 esp=0x003ffff0 eflags=0x00000202 cr0=0x60000011
qemu-system-i386: info: p2k-diag: PIC master imr=ff irr=01 isr=00 base=20
qemu-system-i386: info: p2k-diag: cpu eip=0x001b88f3 cs=0x0008 esp=0x003fff78 eflags=0x00000002 cr0=0x60000011
qemu-system-i386: info: p2k-diag: PIC master imr=e0 irr=01 isr=00 base=20
qemu-system-i386: info: p2k-diag: cpu eip=0x001b94b0 cs=0x0008 esp=0x003ffff0 eflags=0x00000202 cr0=0x60000011
qemu-system-i386: info: p2k-timing #8 snap | clock=QEMU_CLOCK_VIRTUAL icount=off expected: pit0_div=298 pit0_mode=2 pit0_hz=4003.97 irq0_edges_pit_expected=108989 observed: irq0_raised=108211 irq0_replayed=0 clkint_entered=45833 eoi_seen=45833 delivery=42.4% replay=0.0% imr=e0 irr=00 isr=00 base=20 idt20=0x001af6ba handler=clkint clkint_hook=0x001af6ba shim=0 wall=27.230s vtime=27.220s scale=1.000x host_slow=no pic_base=0x20
qemu-system-i386: info: p2k-latency snap | raise->clkint p50=63us p95=145us p99=193us max=347us max_total=1448us n=4096 | pdb05 count=45758
qemu-system-i386: info: p2k-pdb05 snap | pdb05_wall_delta   p50=625us p95=984us p99=1170us max=5383us max_total=24921us n=4096
qemu-system-i386: info: p2k-pdb05 snap | pdb05_wall_total   p50=625us p95=984us p99=1170us max=5383us max_total=32907us n=4096
qemu-system-i386: info: p2k-pdb05 snap | pdb05_vtime_delta  p50=625us p95=984us p99=1170us max=5383us max_total=24921us n=4096
qemu-system-i386: info: p2k-pdb05 snap | pdb05_vtime_total  p50=625us p95=984us p99=1170us max=5383us max_total=32907us n=4096
qemu-system-i386: info: p2k-xinu-drift snap | period_ms=0.250 | total: wall=27229.9ms vtime=27220.2ms xinu=11446.9ms drift=0.420 | delta: wall=3023.6ms vtime=3023.6ms xinu=1301.5ms drift=0.430
qemu-system-i386: info: p2k-segment snap | raise_intack  p50=57us p95=138us p99=182us max=333us max_total=1442us n=4096
qemu-system-i386: info: p2k-segment snap | intack_entry  p50=5us p95=8us p99=16us max=133us max_total=2199us n=4096
qemu-system-i386: info: p2k-segment snap | entry_eoi     p50=1us p95=2us p99=3us max=60us max_total=692us n=4096
qemu-system-i386: info: p2k-segment snap | eoi_iret      p50=46us p95=100us p99=297us max=602us max_total=2032us n=4096
qemu-system-i386: info: p2k-segment snap | iret_raise    p50=498us p95=860us p99=961us max=5132us max_total=27539us n=4096
qemu-system-i386: info: p2k-segment snap | coverage intack_seen=45833 iret_seen=42088 (vs clkint_entered=45833)
qemu-system-i386: info: p2k-eoi-eip snap | 0x001af6ba:45833 
qemu-system-i386: info: p2k-diag: cpu eip=0x001b94b0 cs=0x0008 esp=0x003ffff0 eflags=0x00000202 cr0=0x60000011
qemu-system-i386: info: p2k-diag: cpu eip=0x001b94b0 cs=0x0008 esp=0x003ffff0 eflags=0x00000202 cr0=0x60000011
qemu-system-i386: info: p2k-diag: cpu eip=0x001b94b0 cs=0x0008 esp=0x003ffff0 eflags=0x00000202 cr0=0x60000011
qemu-system-i386: info: p2k-timing #9 snap | clock=QEMU_CLOCK_VIRTUAL icount=off expected: pit0_div=298 pit0_mode=2 pit0_hz=4003.97 irq0_edges_pit_expected=121061 observed: irq0_raised=120282 irq0_replayed=0 clkint_entered=50936 eoi_seen=50936 delivery=42.3% replay=0.0% imr=e0 irr=00 isr=00 base=20 idt20=0x001af6ba handler=clkint clkint_hook=0x001af6ba shim=0 wall=30.245s vtime=30.235s scale=1.000x host_slow=no pic_base=0x20
qemu-system-i386: info: p2k-latency snap | raise->clkint p50=67us p95=166us p99=225us max=1263us max_total=1448us n=4096 | pdb05 count=50861
qemu-system-i386: info: p2k-pdb05 snap | pdb05_wall_delta   p50=645us p95=993us p99=1161us max=3508us max_total=15264us n=4096
qemu-system-i386: info: p2k-pdb05 snap | pdb05_wall_total   p50=645us p95=993us p99=1161us max=3508us max_total=32907us n=4096
qemu-system-i386: info: p2k-pdb05 snap | pdb05_vtime_delta  p50=645us p95=993us p99=1161us max=3508us max_total=15264us n=4096
qemu-system-i386: info: p2k-pdb05 snap | pdb05_vtime_total  p50=645us p95=993us p99=1161us max=3508us max_total=32907us n=4096
qemu-system-i386: info: p2k-xinu-drift snap | period_ms=0.250 | total: wall=30245.0ms vtime=30235.3ms xinu=12721.4ms drift=0.421 | delta: wall=3015.1ms vtime=3015.1ms xinu=1274.5ms drift=0.423
qemu-system-i386: info: p2k-segment snap | raise_intack  p50=61us p95=159us p99=217us max=1252us max_total=1442us n=4096
qemu-system-i386: info: p2k-segment snap | intack_entry  p50=5us p95=8us p99=17us max=60us max_total=2199us n=4096
qemu-system-i386: info: p2k-segment snap | entry_eoi     p50=1us p95=3us p99=4us max=68us max_total=692us n=4096
qemu-system-i386: info: p2k-segment snap | eoi_iret      p50=52us p95=111us p99=346us max=1249us max_total=2032us n=4096
qemu-system-i386: info: p2k-segment snap | iret_raise    p50=507us p95=846us p99=950us max=2738us max_total=27539us n=4096
qemu-system-i386: info: p2k-segment snap | coverage intack_seen=50936 iret_seen=46853 (vs clkint_entered=50936)
qemu-system-i386: info: p2k-eoi-eip snap | 0x001af6ba:50936 
qemu-system-i386: info: p2k-diag: cpu eip=0x001fd6ac cs=0x0008 esp=0x003f5ef4 eflags=0x00000202 cr0=0x60000011
qemu-system-i386: info: p2k-diag: cpu eip=0x001b94b0 cs=0x0008 esp=0x003ffff0 eflags=0x00000202 cr0=0x60000011
qemu-system-i386: info: p2k-diag: PIC master imr=ff irr=00 isr=00 base=20
qemu-system-i386: info: p2k-diag: PIC master imr=e0 irr=01 isr=00 base=20
qemu-system-i386: info: p2k-diag: cpu eip=0x001b94b0 cs=0x0008 esp=0x003ffff0 eflags=0x00000202 cr0=0x60000011
qemu-system-i386: info: p2k-diag: PIC master imr=ff irr=00 isr=00 base=20
qemu-system-i386: info: p2k-diag: PIC master imr=e0 irr=01 isr=00 base=20
qemu-system-i386: info: p2k-timing #10 snap | clock=QEMU_CLOCK_VIRTUAL icount=off expected: pit0_div=298 pit0_mode=2 pit0_hz=4003.97 irq0_edges_pit_expected=133151 observed: irq0_raised=132372 irq0_replayed=0 clkint_entered=55869 eoi_seen=55869 delivery=42.2% replay=0.0% imr=e0 irr=01 isr=00 base=20 idt20=0x001af6ba handler=clkint clkint_hook=0x001af6ba shim=0 wall=33.264s vtime=33.255s scale=1.000x host_slow=no pic_base=0x20
qemu-system-i386: info: p2k-latency snap | raise->clkint p50=77us p95=204us p99=258us max=1014us max_total=2526us n=4096 | pdb05 count=55794
qemu-system-i386: info: p2k-pdb05 snap | pdb05_wall_delta   p50=650us p95=1056us p99=1316us max=2563us max_total=20287us n=4096
qemu-system-i386: info: p2k-pdb05 snap | pdb05_wall_total   p50=650us p95=1056us p99=1316us max=2563us max_total=32907us n=4096
qemu-system-i386: info: p2k-pdb05 snap | pdb05_vtime_delta  p50=650us p95=1056us p99=1316us max=2563us max_total=20287us n=4096
qemu-system-i386: info: p2k-pdb05 snap | pdb05_vtime_total  p50=650us p95=1056us p99=1316us max=2563us max_total=32907us n=4096
qemu-system-i386: info: p2k-xinu-drift snap | period_ms=0.250 | total: wall=33264.4ms vtime=33254.7ms xinu=13953.4ms drift=0.419 | delta: wall=3019.4ms vtime=3019.4ms xinu=1232.0ms drift=0.408
qemu-system-i386: info: p2k-segment snap | raise_intack  p50=71us p95=196us p99=249us max=1097us max_total=2522us n=4096
qemu-system-i386: info: p2k-segment snap | intack_entry  p50=6us p95=10us p99=38us max=215us max_total=2199us n=4096
qemu-system-i386: info: p2k-segment snap | entry_eoi     p50=1us p95=3us p99=4us max=126us max_total=692us n=4096
qemu-system-i386: info: p2k-segment snap | eoi_iret      p50=63us p95=135us p99=334us max=735us max_total=2032us n=4096
qemu-system-i386: info: p2k-segment snap | iret_raise    p50=496us p95=867us p99=1041us max=4183us max_total=27539us n=4096
qemu-system-i386: info: p2k-segment snap | coverage intack_seen=55869 iret_seen=51342 (vs clkint_entered=55869)
qemu-system-i386: info: p2k-eoi-eip snap | 0x001af6ba:55869 
qemu-system-i386: info: p2k-diag: cpu eip=0x001b94b0 cs=0x0008 esp=0x003ffff0 eflags=0x00000202 cr0=0x60000011
qemu-system-i386: info: p2k-diag: cpu eip=0x001fd742 cs=0x0008 esp=0x003f5ef4 eflags=0x00000202 cr0=0x60000011
qemu-system-i386: info: p2k-diag: cpu eip=0x001b94b0 cs=0x0008 esp=0x003ffff0 eflags=0x00000202 cr0=0x60000011
qemu-system-i386: info: p2k-timing #11 snap | clock=QEMU_CLOCK_VIRTUAL icount=off expected: pit0_div=298 pit0_mode=2 pit0_hz=4003.97 irq0_edges_pit_expected=145265 observed: irq0_raised=144486 irq0_replayed=0 clkint_entered=60874 eoi_seen=60874 delivery=42.1% replay=0.0% imr=e0 irr=00 isr=00 base=20 idt20=0x001af6ba handler=clkint clkint_hook=0x001af6ba shim=0 wall=36.290s vtime=36.280s scale=1.000x host_slow=no pic_base=0x20
qemu-system-i386: info: p2k-latency snap | raise->clkint p50=76us p95=209us p99=293us max=1101us max_total=2526us n=4096 | pdb05 count=60799
qemu-system-i386: info: p2k-pdb05 snap | pdb05_wall_delta   p50=650us p95=1031us p99=1311us max=7308us max_total=27400us n=4096
qemu-system-i386: info: p2k-pdb05 snap | pdb05_wall_total   p50=650us p95=1031us p99=1311us max=7308us max_total=32907us n=4096
qemu-system-i386: info: p2k-pdb05 snap | pdb05_vtime_delta  p50=649us p95=1031us p99=1311us max=7308us max_total=27399us n=4096
qemu-system-i386: info: p2k-pdb05 snap | pdb05_vtime_total  p50=649us p95=1031us p99=1311us max=7308us max_total=32907us n=4096
qemu-system-i386: info: p2k-xinu-drift snap | period_ms=0.250 | total: wall=36290.0ms vtime=36280.3ms xinu=15203.4ms drift=0.419 | delta: wall=3025.6ms vtime=3025.6ms xinu=1250.0ms drift=0.413
qemu-system-i386: info: p2k-segment snap | raise_intack  p50=69us p95=202us p99=285us max=1090us max_total=2522us n=4096
qemu-system-i386: info: p2k-segment snap | intack_entry  p50=5us p95=10us p99=33us max=294us max_total=2199us n=4096
qemu-system-i386: info: p2k-segment snap | entry_eoi     p50=1us p95=3us p99=4us max=262us max_total=692us n=4096
qemu-system-i386: info: p2k-segment snap | eoi_iret      p50=62us p95=137us p99=351us max=849us max_total=2032us n=4096
qemu-system-i386: info: p2k-segment snap | iret_raise    p50=495us p95=830us p99=1020us max=6619us max_total=27539us n=4096
qemu-system-i386: info: p2k-segment snap | coverage intack_seen=60874 iret_seen=55856 (vs clkint_entered=60874)
qemu-system-i386: info: p2k-eoi-eip snap | 0x001af6ba:60874 
qemu-system-i386: info: p2k-diag: cpu eip=0x001b94b0 cs=0x0008 esp=0x003ffff0 eflags=0x00000202 cr0=0x60000011
qemu-system-i386: info: p2k-diag: PIC master imr=ff irr=00 isr=00 base=20
qemu-system-i386: info: p2k-diag: PIC master imr=e0 irr=00 isr=00 base=20
qemu-system-i386: info: p2k-diag: cpu eip=0x001b94b0 cs=0x0008 esp=0x003ffff0 eflags=0x00000202 cr0=0x60000011
qemu-system-i386: terminating on signal 15 from pid 93147 (timeout)
qemu-system-i386: info: p2k-timing #12 exit | clock=QEMU_CLOCK_VIRTUAL icount=off expected: pit0_div=298 pit0_mode=2 pit0_hz=4003.97 irq0_edges_pit_expected=152903 observed: irq0_raised=152117 irq0_replayed=0 clkint_entered=64088 eoi_seen=64088 delivery=42.1% replay=0.0% imr=ff irr=01 isr=00 base=20 idt20=0x001af6ba handler=clkint clkint_hook=0x001af6ba shim=0 wall=38.199s vtime=38.188s scale=1.000x host_slow=no pic_base=0x20
qemu-system-i386: info: p2k-latency exit | raise->clkint p50=70us p95=187us p99=255us max=563us max_total=2526us n=4096 | pdb05 count=64013
qemu-system-i386: info: p2k-pdb05 exit | pdb05_wall_delta   p50=632us p95=987us p99=1222us max=35709us max_total=35709us n=3214
qemu-system-i386: info: p2k-pdb05 exit | pdb05_wall_total   p50=632us p95=999us p99=1230us max=35709us max_total=35709us n=4096
qemu-system-i386: info: p2k-pdb05 exit | pdb05_vtime_delta  p50=632us p95=987us p99=1222us max=35709us max_total=35709us n=3214
qemu-system-i386: info: p2k-pdb05 exit | pdb05_vtime_total  p50=632us p95=999us p99=1230us max=35709us max_total=35709us n=4096
qemu-system-i386: info: p2k-xinu-drift exit | period_ms=0.250 | total: wall=38198.8ms vtime=38187.9ms xinu=16006.1ms drift=0.419 | delta: wall=1908.8ms vtime=1907.6ms xinu=802.7ms drift=0.421
qemu-system-i386: info: p2k-segment exit | raise_intack  p50=65us p95=178us p99=250us max=527us max_total=2522us n=4096
qemu-system-i386: info: p2k-segment exit | intack_entry  p50=5us p95=9us p99=32us max=377us max_total=2199us n=4096
qemu-system-i386: info: p2k-segment exit | entry_eoi     p50=1us p95=3us p99=4us max=178us max_total=692us n=4096
qemu-system-i386: info: p2k-segment exit | eoi_iret      p50=58us p95=129us p99=346us max=691us max_total=2032us n=4096
qemu-system-i386: info: p2k-segment exit | iret_raise    p50=493us p95=825us p99=977us max=34558us max_total=34558us n=4096
qemu-system-i386: info: p2k-segment exit | coverage intack_seen=64088 iret_seen=58824 (vs clkint_entered=64088)
qemu-system-i386: info: p2k-eoi-eip exit | 0x001af6ba:64088 
qemu-system-i386: info: pinball2000: P2K_NO_SAVEDATA set — discarding BAR3 flash changes
qemu-system-i386: info: pinball2000: P2K_NO_SAVEDATA set — discarding SEEPROM changes
qemu-system-i386: info: pinball2000: P2K_NO_SAVEDATA set — discarding BAR2 NVRAM changes
