[run-qemu] audio: auto-selected pa (host: pulse running, qemu: pa supported)
[run-qemu] --update none → museum mode (P2K_NO_AUTO_UPDATE=1)
[run-qemu] read-only savedata: P2K_NO_SAVEDATA=1; running in /mnt/hgfs/encore_forensic/composis/Encore-Pinball2000/.run-qemu.PEWB8w (no savedata/ subdir)
[run-qemu] cwd=/mnt/hgfs/encore_forensic/composis/Encore-Pinball2000/.run-qemu.PEWB8w
[run-qemu] /home/encore/.cache/p2k-qemu-build/qemu-10.0.8/build/qemu-system-i386 -M pinball2000,game=swe1,roms-dir=/mnt/hgfs/encore_forensic/composis/Encore-Pinball2000/roms -no-reboot -m 16 -display none -serial null -audio driver=pa 
qemu-system-i386: info: pinball2000: loaded /mnt/hgfs/encore_forensic/composis/Encore-Pinball2000/roms/swe1_u100.rom (8388608 bytes -> chip0 16-bit lane)
qemu-system-i386: info: pinball2000: loaded /mnt/hgfs/encore_forensic/composis/Encore-Pinball2000/roms/swe1_u101.rom (8388608 bytes -> chip1 16-bit lane)
qemu-system-i386: info: pinball2000: loaded /mnt/hgfs/encore_forensic/composis/Encore-Pinball2000/roms/swe1_u102.rom (8388608 bytes -> chip0 16-bit lane)
qemu-system-i386: info: pinball2000: loaded /mnt/hgfs/encore_forensic/composis/Encore-Pinball2000/roms/swe1_u103.rom (8388608 bytes -> chip1 16-bit lane)
qemu-system-i386: info: pinball2000: loaded /mnt/hgfs/encore_forensic/composis/Encore-Pinball2000/roms/swe1_u104.rom (8388608 bytes -> chip0 16-bit lane)
qemu-system-i386: info: pinball2000: loaded /mnt/hgfs/encore_forensic/composis/Encore-Pinball2000/roms/swe1_u105.rom (8388608 bytes -> chip1 16-bit lane)
qemu-system-i386: info: pinball2000: loaded /mnt/hgfs/encore_forensic/composis/Encore-Pinball2000/roms/swe1_u106.rom (8388608 bytes -> chip0 16-bit lane)
qemu-system-i386: info: pinball2000: loaded /mnt/hgfs/encore_forensic/composis/Encore-Pinball2000/roms/swe1_u107.rom (8388608 bytes -> chip1 16-bit lane)
qemu-system-i386: info: pinball2000: loaded /mnt/hgfs/encore_forensic/composis/Encore-Pinball2000/roms/swe1_u109.rom (4194304 bytes -> chip0 16-bit lane)
qemu-system-i386: info: pinball2000: loaded /mnt/hgfs/encore_forensic/composis/Encore-Pinball2000/roms/swe1_u110.rom (4194304 bytes -> chip1 16-bit lane)
qemu-system-i386: info: pinball2000: mapped p2k.optrom           @ 0x000c0000 (32 KiB)
qemu-system-i386: info: pinball2000: loaded /mnt/hgfs/encore_forensic/composis/Encore-Pinball2000/roms/bios.bin (65536 bytes -> BIOS)
qemu-system-i386: info: pinball2000: mapped p2k.bios-shadow      @ 0x000f0000 (64 KiB, RW)
qemu-system-i386: info: pinball2000: mapped p2k.bios-reset       @ 0xffff0000 (64 KiB)
qemu-system-i386: info: pinball2000: mapped p2k.plx-bank0        @ 0x08000000 (16384 KiB)
qemu-system-i386: info: pinball2000: mapped p2k.plx-bank1        @ 0x08800000 (16384 KiB)
qemu-system-i386: info: pinball2000: mapped p2k.plx-bank2        @ 0x09800000 (16384 KiB)
qemu-system-i386: info: pinball2000: mapped p2k.plx-bank3        @ 0x0a800000 (16384 KiB)
qemu-system-i386: info: pinball2000: mapped p2k.dcs-cs3          @ 0x0b800000 (8192 KiB)
qemu-system-i386: info: pinball2000: mapped p2k.dcs-rombar       @ 0x18000000 (8192 KiB)
qemu-system-i386: info: pinball2000: mapped p2k.bar5-bank0       @ 0x14000000 (16384 KiB)
qemu-system-i386: info: pinball2000: mapped p2k.bar5-bank1       @ 0x15000000 (16384 KiB)
qemu-system-i386: info: pinball2000: mapped p2k.bar5-bank2       @ 0x16000000 (16384 KiB)
qemu-system-i386: info: pinball2000: mapped p2k.bar5-bank3       @ 0x17000000 (16384 KiB)
qemu-system-i386: info: pinball2000: mapped p2k.bank0-alias      @ 0xff000000 (4096 KiB)
qemu-system-i386: info: pinball2000: Cyrix MediaGX TCG extensions ENABLED (0F 3B BB1_RESET, 0F 3C CPU_WRITE, 0F 3D CPU_READ implemented per databook §4.1.5/§4.1.6 + on-silicon scratchpad pipeline; 0F 36/37/39/3F log+UD; 0F 3A reserved for SSE4 dispatch). Stock i386 binaries are unaffected.
qemu-system-i386: info: pinball2000: installed ISA stubs (kbd/0x61/cmos/post/com1) [UART<->chardev bidir]
qemu-system-i386: info: pinball2000: SuperIO W83977EF (0x2E/0x2F), CC5530 (0xEA/0xEB) and port 0x61 toggler installed
qemu-system-i386: info: pinball2000: installed Cyrix CCR at I/O 0x22/0x23 (GCR[0xb8] reset=0x0d -> GX_base_p=0x40000000, scratchpad=4KB; storage is mutable)
qemu-system-i386: info: pinball2000: installed PCI cf8/cfc stub (MediaGX dev0, PRISM dev8, Cx5520 dev18)
qemu-system-i386: info: pinball2000: P2K_NO_SAVEDATA set — running in read-only savedata mode (no seed, no save)
qemu-system-i386: info: pinball2000: mapped p2k.bar2-sram        @ 0x11000000 (128 KiB SRAM + 16 MiB sentinel)
qemu-system-i386: info: pinball2000: PLX BAR0 regs+SEEPROM @ 0x10000000 (256 bytes)
qemu-system-i386: info: pinball2000: P2K_NO_AUTO_UPDATE set — leaving BAR3 all-0xFF (base-image path; known stall on SWE1, see qemu/NOTES.next.md)
qemu-system-i386: info: pinball2000: DCS BAR4 MMIO @ 0x13000000 (16 MiB) [shared core, mode=io-handled]
qemu-system-i386: info: pinball2000: DCS-2 UART installed at I/O 0x138-0x13f [shared core]
qemu-system-i386: info: dcs-audio: pb2kslib loaded 689 entries from /mnt/hgfs/encore_forensic/composis/Encore-Pinball2000/roms/swe1_sound.bin
qemu-system-i386: info: pinball2000: DCS audio installed (44100 Hz S16 mono, 8-voice mixer, 689 pb2k entries; P2K_NO_DCS_AUDIO=1 to disable)
qemu-system-i386: info: pinball2000: LPT driver-board installed at I/O 0x378-0x37a (STATUS=0x87, edge-detect dispatch; keys: F1 quit | F2 flip-Y | F3 screenshot | F4 door | F5/Enter pulse | F6/F9 actions | F7/F8 flippers | Space/S start | F10/C coin | F12 dump | Esc/Left service | Up/Down volume | Right enter)
qemu-system-i386: info: pinball2000: GP BLT engine MMIO at 0x40008100 size 0x110
qemu-system-i386: info: pinball2000: VSYNC ticker armed (~57 Hz frame, 30 sub-tick updates @ DC_TIMING2)
qemu-system-i386: info: pinball2000: BT-130 mem_detect patcher armed
qemu-system-i386: info: pinball2000: diag sampler ON (PIT/PIC/IDT/XINU-sched, every 100 ms; unset P2K_DIAG to silence)
qemu-system-i386: info: pinball2000: timing-audit armed (initial @3s, every 5s with P2K_DIAG=1; disable with P2K_NO_TIMING_AUDIT=1)
qemu-system-i386: info: pinball2000: BT-131 NIC LAN ROM shadow installed at 0xd0008 (8B read-only MMIO; MAC 00:00:c0:01:02:03 board_id=0x2a checksum=0x0f)
qemu-system-i386: info: p2k-probe-cell-shim: ACTIVE (P2K_NO_AUTO_UPDATE) — Unicorn-style probe-cell maintenance scheduled. This is a TEMPORARY compatibility bridge for --update none parity, NOT clean QEMU device behavior. Removal condition: when DCS/PLX9054 model returns the right value at the probe address natively, delete p2k-probe-cell-shim.c and stop calling p2k_install_probe_cell_shim() from pinball2000.c.
qemu-system-i386: info: pinball2000: machine ready (game=swe1, ram=16 MiB)
qemu-system-i386: info: pinball2000: PM entry CS:EIP=0008:000801d9 ESP=0008b000
qemu-system-i386: info: p2k-diag: PIT ch0 mode=3 gate=1 count=0 (18.21 Hz)
qemu-system-i386: info: p2k-diag: PIT ch1 mode=3 gate=1 count=0 (18.21 Hz)
qemu-system-i386: info: p2k-diag: PIT ch2 mode=3 gate=0 count=0 (18.21 Hz)
qemu-system-i386: info: p2k-diag: PIC master imr=00 irr=01 isr=00 base=00
qemu-system-i386: info: p2k-diag: IDT base=0x00000000 limit=0x0000
qemu-system-i386: info: p2k-diag: IDT[0x20] sel=0x0000 off=0x00000000 type=0x00 (IRQ0/PIT)
qemu-system-i386: info: p2k-diag: IDT[0x28] sel=0x0000 off=0x00000000 type=0x00 (IRQ8/RTC)
qemu-system-i386: info: p2k-diag: cpu eip=0x00080fff cs=0x0008 esp=0x0008af8c eflags=0x00000002 cr0=0x60000011
qemu-system-i386: info: p2k-probe-cell-shim: located probe cell at 0x002797c4 — phase=pre-XINU scribble=0x0000ffff every 50 ms; will flip to 0x00000000 once XINU installs clkint at IDT[0x20] (--update none compatibility bridge)
qemu-system-i386: info: p2k-diag: PIT ch0 mode=2 gate=1 count=298 (4003.97 Hz)
qemu-system-i386: info: p2k-diag: PIC master imr=ff irr=01 isr=00 base=20
qemu-system-i386: info: p2k-diag: IDT base=0x00296d18 limit=0x017f
qemu-system-i386: info: p2k-diag: IDT[0x20] sel=0x0008 off=0x001cc4be type=0x8f (IRQ0/PIT)
qemu-system-i386: info: p2k-diag: IDT[0x28] sel=0x0008 off=0x001d85f7 type=0x8f (IRQ8/RTC)
qemu-system-i386: info: p2k-probe-cell-shim: phase=post-XINU (IDT[0x20]: panic-stub 0x001d859f → clkint 0x001cc4be) — switching scribble to 0x00000000 at [0x002797c4] so DCS probe returns PRESENT
qemu-system-i386: info: p2k-probe-cell-shim: first post-XINU scribble committed; awaiting first DCS command from guest
qemu-system-i386: info: pinball2000: BT-130 mem_detect patch applied at 0x001d9c99: 0x04 -> 0x0E (4 MiB -> 14 MiB pages)
qemu-system-i386: info: pinball2000: irq0 missed-edge replay disabled (set P2K_IRQ_REPLAY=1 to enable legacy safety net)
qemu-system-i386: info: pinball2000: irq0-iret tb-exit ENABLED (Strategy-1) (set P2K_NO_IRQ0_IRET_TB_EXIT=1 to disable)
qemu-system-i386: info: p2k-diag: PIC master imr=60 irr=01 isr=00 base=20
qemu-system-i386: info: pinball2000: GP first-write off=0x8110 val=0xffffffff size=4
qemu-system-i386: info: pinball2000: GP first-write off=0x8114 val=0xffffffff size=4
qemu-system-i386: info: pinball2000: GP first-write off=0x8120 val=0xffffffff size=4
qemu-system-i386: info: pinball2000: GP first-write off=0x8124 val=0xffffffff size=4
qemu-system-i386: info: pinball2000: GP first-write off=0x8128 val=0xffffffff size=4
qemu-system-i386: info: pinball2000: GP first-write off=0x812c val=0xffffffff size=4
qemu-system-i386: info: pinball2000: GP first-write off=0x8108 val=0x02d80328 size=4
qemu-system-i386: info: pinball2000: GP first-write off=0x8100 val=0x01f80014 size=4
qemu-system-i386: info: pinball2000: GP first-write off=0x8104 val=0x000100d8 size=4
qemu-system-i386: info: pinball2000: GP BLT #0: src(808,728) dst(20,504) w=216 raster=0x000010c6 TRANSPARENT key=0x7c1f
qemu-system-i386: info: pinball2000: GP BLT #1: src(0,729) dst(236,504) w=384 raster=0x000010c6 TRANSPARENT key=0x7c1f
qemu-system-i386: info: pinball2000: GP BLT #2: src(384,729) dst(20,503) w=600 raster=0x000010c6 TRANSPARENT key=0x7c1f
qemu-system-i386: info: pinball2000: GP BLT #3: src(984,729) dst(20,502) w=40 raster=0x000010c6 TRANSPARENT key=0x7c1f
qemu-system-i386: info: pinball2000: GP BLT #4: src(0,730) dst(60,502) w=560 raster=0x000010c6 TRANSPARENT key=0x7c1f
qemu-system-i386: info: pinball2000: GP BLT #5: src(560,730) dst(20,501) w=464 raster=0x000010c6 TRANSPARENT key=0x7c1f
qemu-system-i386: info: pinball2000: GP BLT #6: src(0,731) dst(484,501) w=136 raster=0x000010c6 TRANSPARENT key=0x7c1f
qemu-system-i386: info: pinball2000: GP BLT #7: src(136,731) dst(20,500) w=600 raster=0x000010c6 TRANSPARENT key=0x7c1f
qemu-system-i386: info: pinball2000: GP BLT #8: src(736,731) dst(20,499) w=288 raster=0x000010c6 TRANSPARENT key=0x7c1f
qemu-system-i386: info: pinball2000: GP BLT #9: src(0,732) dst(308,499) w=312 raster=0x000010c6 TRANSPARENT key=0x7c1f
qemu-system-i386: info: pinball2000: GP BLT #10: src(312,732) dst(20,498) w=600 raster=0x000010c6 TRANSPARENT key=0x7c1f
qemu-system-i386: info: pinball2000: GP BLT #11: src(912,732) dst(20,497) w=112 raster=0x000010c6 TRANSPARENT key=0x7c1f
qemu-system-i386: info: pinball2000: GP BLT #12: src(0,733) dst(132,497) w=488 raster=0x000010c6 TRANSPARENT key=0x7c1f
qemu-system-i386: info: pinball2000: GP BLT #13: src(488,733) dst(20,496) w=536 raster=0x000010c6 TRANSPARENT key=0x7c1f
qemu-system-i386: info: pinball2000: GP BLT #14: src(0,734) dst(556,496) w=64 raster=0x000010c6 TRANSPARENT key=0x7c1f
qemu-system-i386: info: pinball2000: GP BLT #15: src(64,734) dst(20,495) w=600 raster=0x000010c6 TRANSPARENT key=0x7c1f
qemu-system-i386: info: pinball2000: GP BLT #16: src(664,734) dst(20,494) w=360 raster=0x000010c6 TRANSPARENT key=0x7c1f
qemu-system-i386: info: pinball2000: GP BLT #17: src(0,735) dst(380,494) w=240 raster=0x000010c6 TRANSPARENT key=0x7c1f
qemu-system-i386: info: pinball2000: GP BLT #18: src(240,735) dst(20,493) w=600 raster=0x000010c6 TRANSPARENT key=0x7c1f
qemu-system-i386: info: pinball2000: GP BLT #19: src(840,735) dst(20,492) w=184 raster=0x000010c6 TRANSPARENT key=0x7c1f
qemu-system-i386: info: p2k-diag: cpu eip=0x00241a54 cs=0x0008 esp=0x0039bf34 eflags=0x00000202 cr0=0x60000011
qemu-system-i386: info: dcs-audio: ogg src_chans=1 src_rate=22050
qemu-system-i386: info: dcs-audio: decoded cmd=0x003a name=dcs-bong frames=30024 peak=27816 rms=4870
qemu-system-i386: info: dcs-audio: [BAR4] process_cmd 0x003a → key=0x003a name=dcs-bong frames=30024 ch=0 vol=255 pan=127 (played #1)
qemu-system-i386: info: dcs-audio: [BAR4] process_cmd 0x00aa → key=0x0fff no-pb2k-entry (missed #1)
qemu-system-i386: info: p2k-diag: cpu eip=0x001d96ae cs=0x0008 esp=0x003ffff0 eflags=0x00000202 cr0=0x60000011
qemu-system-i386: info: dcs-audio: ch0 END  (cmd=0x003a name=dcs-bong frames=30024 cb_elapsed=32)
qemu-system-i386: info: dcs-audio: [BAR4] execute_mixer 0x55aa d1=0x609f → GLOBAL_VOL=159 (broadcast to all 8 voices, per Unicorn Mix_Volume(-1))
qemu-system-i386: info: dcs-audio: [BAR4] execute_mixer 0x55ab d1=0x3fff → ch7 VOL=255
qemu-system-i386: info: dcs-audio: [BAR4] execute_mixer 0x55ac d1=0x3f7f → ch7 PAN=127
qemu-system-i386: info: p2k-timing #0 snap | clock=QEMU_CLOCK_VIRTUAL icount=off expected: pit0_div=298 pit0_mode=2 pit0_hz=4003.97 irq0_edges_pit_expected=12014 observed: irq0_raised=11224 irq0_replayed=0 clkint_entered=3708 eoi_seen=3708 delivery=33.0% replay=0.0% imr=60 irr=00 isr=00 base=20 idt20=0x001cc4be handler=clkint clkint_hook=0x001cc4be shim=0 wall=3.013s vtime=3.000s scale=0.996x host_slow=no pic_base=0x20
qemu-system-i386: info: p2k-latency snap | raise->clkint p50=72us p95=162us p99=224us max=859us max_total=859us n=3708 | pdb05 count=3615
qemu-system-i386: info: p2k-pdb05 snap | pdb05_wall_delta   p50=639us p95=980us p99=1163us max=32692us max_total=32692us n=3614
qemu-system-i386: info: p2k-pdb05 snap | pdb05_wall_total   p50=639us p95=980us p99=1163us max=32692us max_total=32692us n=3614
qemu-system-i386: info: p2k-pdb05 snap | pdb05_vtime_delta  p50=639us p95=980us p99=1163us max=32692us max_total=32692us n=3614
qemu-system-i386: info: p2k-pdb05 snap | pdb05_vtime_total  p50=639us p95=980us p99=1163us max=32692us max_total=32692us n=3614
qemu-system-i386: info: p2k-xinu-drift snap | period_ms=0.250 | total: wall=3012.6ms vtime=3000.4ms xinu=926.1ms drift=0.307 | delta: wall=0.0ms vtime=0.0ms xinu=0.0ms drift=0.000
qemu-system-i386: info: p2k-segment snap | raise_intack  p50=67us p95=157us p99=217us max=857us max_total=857us n=3708
qemu-system-i386: info: p2k-segment snap | intack_entry  p50=5us p95=7us p99=28us max=60us max_total=60us n=3708
qemu-system-i386: info: p2k-segment snap | entry_eoi     p50=1us p95=2us p99=3us max=147us max_total=147us n=3708
qemu-system-i386: info: p2k-segment snap | eoi_iret      p50=47us p95=112us p99=284us max=1921us max_total=1921us n=3403
qemu-system-i386: info: p2k-segment snap | iret_raise    p50=500us p95=841us p99=976us max=32254us max_total=32254us n=3402
qemu-system-i386: info: p2k-segment snap | coverage intack_seen=3708 iret_seen=3403 (vs clkint_entered=3708)
qemu-system-i386: info: p2k-eoi-eip snap | 0x001cc4be:3708 
qemu-system-i386: info: p2k-diag: cpu eip=0x001d96ae cs=0x0008 esp=0x003ffff0 eflags=0x00000202 cr0=0x60000011
qemu-system-i386: info: p2k-diag: PIC master imr=ff irr=01 isr=00 base=20
qemu-system-i386: info: p2k-diag: PIC master imr=60 irr=01 isr=00 base=20
qemu-system-i386: info: p2k-diag: cpu eip=0x001d96ae cs=0x0008 esp=0x003ffff0 eflags=0x00000202 cr0=0x60000011
qemu-system-i386: info: p2k-diag: cpu eip=0x001d96ae cs=0x0008 esp=0x003ffff0 eflags=0x00000202 cr0=0x60000011
qemu-system-i386: info: p2k-diag: PIC master imr=ff irr=01 isr=00 base=20
qemu-system-i386: info: p2k-diag: PIC master imr=60 irr=01 isr=00 base=20
qemu-system-i386: info: p2k-timing #1 snap | clock=QEMU_CLOCK_VIRTUAL icount=off expected: pit0_div=298 pit0_mode=2 pit0_hz=4003.97 irq0_edges_pit_expected=24109 observed: irq0_raised=23320 irq0_replayed=0 clkint_entered=8967 eoi_seen=8967 delivery=38.5% replay=0.0% imr=60 irr=00 isr=00 base=20 idt20=0x001cc4be handler=clkint clkint_hook=0x001cc4be shim=0 wall=6.033s vtime=6.021s scale=0.998x host_slow=no pic_base=0x20
qemu-system-i386: info: p2k-latency snap | raise->clkint p50=72us p95=163us p99=213us max=583us max_total=859us n=4096 | pdb05 count=8874
qemu-system-i386: info: p2k-pdb05 snap | pdb05_wall_delta   p50=628us p95=956us p99=1092us max=2584us max_total=21595us n=4096
qemu-system-i386: info: p2k-pdb05 snap | pdb05_wall_total   p50=628us p95=956us p99=1092us max=2584us max_total=32692us n=4096
qemu-system-i386: info: p2k-pdb05 snap | pdb05_vtime_delta  p50=628us p95=956us p99=1092us max=2584us max_total=21595us n=4096
qemu-system-i386: info: p2k-pdb05 snap | pdb05_vtime_total  p50=628us p95=956us p99=1092us max=2584us max_total=32692us n=4096
qemu-system-i386: info: p2k-xinu-drift snap | period_ms=0.250 | total: wall=6033.4ms vtime=6021.2ms xinu=2239.5ms drift=0.371 | delta: wall=3020.8ms vtime=3020.8ms xinu=1313.4ms drift=0.435
qemu-system-i386: info: p2k-segment snap | raise_intack  p50=68us p95=156us p99=205us max=565us max_total=857us n=4096
qemu-system-i386: info: p2k-segment snap | intack_entry  p50=5us p95=7us p99=19us max=203us max_total=203us n=4096
qemu-system-i386: info: p2k-segment snap | entry_eoi     p50=1us p95=2us p99=3us max=165us max_total=165us n=4096
qemu-system-i386: info: p2k-segment snap | eoi_iret      p50=35us p95=100us p99=212us max=543us max_total=1921us n=4096
qemu-system-i386: info: p2k-segment snap | iret_raise    p50=495us p95=830us p99=941us max=1268us max_total=32254us n=4096
qemu-system-i386: info: p2k-segment snap | coverage intack_seen=8967 iret_seen=8275 (vs clkint_entered=8967)
qemu-system-i386: info: p2k-eoi-eip snap | 0x001cc4be:8967 
qemu-system-i386: info: p2k-diag: cpu eip=0x0023b762 cs=0x0008 esp=0x003f7ee4 eflags=0x00000202 cr0=0x60000011
qemu-system-i386: info: dcs-audio: ogg src_chans=1 src_rate=22050
qemu-system-i386: info: dcs-audio: decoded cmd=0x00ec name=S00EC frames=181272 peak=18391 rms=4261
qemu-system-i386: info: dcs-audio: [BAR4] execute_mixer 0x00ec d1=0xff7f d2=0x8200 → name=S00EC frames=181272 ch=4 vol=255 pan=127 (played #2)
qemu-system-i386: info: p2k-diag: cpu eip=0x001d96ae cs=0x0008 esp=0x003ffff0 eflags=0x00000202 cr0=0x60000011
qemu-system-i386: info: p2k-diag: cpu eip=0x001d96ae cs=0x0008 esp=0x003ffff0 eflags=0x00000202 cr0=0x60000011
qemu-system-i386: info: p2k-diag: PIC master imr=ff irr=01 isr=00 base=20
qemu-system-i386: info: p2k-diag: PIC master imr=60 irr=00 isr=00 base=20
qemu-system-i386: info: p2k-timing #2 snap | clock=QEMU_CLOCK_VIRTUAL icount=off expected: pit0_div=298 pit0_mode=2 pit0_hz=4003.97 irq0_edges_pit_expected=36217 observed: irq0_raised=35429 irq0_replayed=0 clkint_entered=14084 eoi_seen=14084 delivery=39.8% replay=0.0% imr=60 irr=01 isr=00 base=20 idt20=0x001cc4be handler=clkint clkint_hook=0x001cc4be shim=0 wall=9.057s vtime=9.045s scale=0.999x host_slow=no pic_base=0x20
qemu-system-i386: info: p2k-latency snap | raise->clkint p50=91us p95=168us p99=220us max=1108us max_total=1108us n=4096 | pdb05 count=13991
qemu-system-i386: info: p2k-pdb05 snap | pdb05_wall_delta   p50=638us p95=975us p99=1126us max=11473us max_total=24252us n=4096
qemu-system-i386: info: p2k-pdb05 snap | pdb05_wall_total   p50=638us p95=975us p99=1126us max=11473us max_total=32692us n=4096
qemu-system-i386: info: p2k-pdb05 snap | pdb05_vtime_delta  p50=638us p95=975us p99=1126us max=11473us max_total=24252us n=4096
qemu-system-i386: info: p2k-pdb05 snap | pdb05_vtime_total  p50=638us p95=975us p99=1126us max=11473us max_total=32692us n=4096
qemu-system-i386: info: p2k-xinu-drift snap | period_ms=0.250 | total: wall=9057.5ms vtime=9045.3ms xinu=3517.5ms drift=0.388 | delta: wall=3024.1ms vtime=3024.1ms xinu=1278.0ms drift=0.423
qemu-system-i386: info: p2k-segment snap | raise_intack  p50=85us p95=161us p99=213us max=1102us max_total=1102us n=4096
qemu-system-i386: info: p2k-segment snap | intack_entry  p50=5us p95=7us p99=21us max=284us max_total=284us n=4096
qemu-system-i386: info: p2k-segment snap | entry_eoi     p50=1us p95=2us p99=3us max=119us max_total=165us n=4096
qemu-system-i386: info: p2k-segment snap | eoi_iret      p50=46us p95=112us p99=235us max=10959us max_total=10959us n=4096
qemu-system-i386: info: p2k-segment snap | iret_raise    p50=496us p95=828us p99=943us max=4025us max_total=32254us n=4096
qemu-system-i386: info: p2k-segment snap | coverage intack_seen=14084 iret_seen=12983 (vs clkint_entered=14084)
qemu-system-i386: info: p2k-eoi-eip snap | 0x001cc4be:14084 
qemu-system-i386: info: p2k-diag: cpu eip=0x001d96ae cs=0x0008 esp=0x003ffff0 eflags=0x00000202 cr0=0x60000011
qemu-system-i386: info: p2k-diag: cpu eip=0x001d96ae cs=0x0008 esp=0x003ffff0 eflags=0x00000202 cr0=0x60000011
qemu-system-i386: info: dcs-audio: ogg src_chans=1 src_rate=22050
qemu-system-i386: info: dcs-audio: decoded cmd=0x03ce name=S03CE frames=25136 peak=25475 rms=5891
qemu-system-i386: info: dcs-audio: [BAR4] execute_mixer 0x03ce d1=0xff7f d2=0x8180 → name=S03CE frames=25136 ch=3 vol=255 pan=127 (played #3)
qemu-system-i386: info: dcs-audio: ch4 END  (cmd=0x00ec name=S00EC frames=181272 cb_elapsed=192)
qemu-system-i386: info: dcs-audio: ch3 END  (cmd=0x03ce name=S03CE frames=25136 cb_elapsed=27)
qemu-system-i386: info: p2k-diag: cpu eip=0x001d96ae cs=0x0008 esp=0x003ffff0 eflags=0x00000202 cr0=0x60000011
qemu-system-i386: info: dcs-audio: [BAR4] execute_mixer 0x03ce d1=0xff7f d2=0x8180 → name=S03CE frames=25136 ch=3 vol=255 pan=127 (played #4)
qemu-system-i386: info: dcs-audio: ch3 END  (cmd=0x03ce name=S03CE frames=25136 cb_elapsed=27)
qemu-system-i386: info: dcs-audio: [BAR4] execute_mixer 0x03ce d1=0xff7f d2=0x8180 → name=S03CE frames=25136 ch=3 vol=255 pan=127 (played #5)
qemu-system-i386: info: p2k-timing #3 snap | clock=QEMU_CLOCK_VIRTUAL icount=off expected: pit0_div=298 pit0_mode=2 pit0_hz=4003.97 irq0_edges_pit_expected=48329 observed: irq0_raised=47540 irq0_replayed=0 clkint_entered=19221 eoi_seen=19221 delivery=40.4% replay=0.0% imr=60 irr=01 isr=00 base=20 idt20=0x001cc4be handler=clkint clkint_hook=0x001cc4be shim=0 wall=12.082s vtime=12.070s scale=0.999x host_slow=no pic_base=0x20
qemu-system-i386: info: p2k-latency snap | raise->clkint p50=91us p95=158us p99=274us max=638us max_total=1108us n=4096 | pdb05 count=19128
qemu-system-i386: info: p2k-pdb05 snap | pdb05_wall_delta   p50=648us p95=999us p99=1218us max=8282us max_total=25398us n=4096
qemu-system-i386: info: p2k-pdb05 snap | pdb05_wall_total   p50=648us p95=999us p99=1218us max=8282us max_total=32692us n=4096
qemu-system-i386: info: p2k-pdb05 snap | pdb05_vtime_delta  p50=648us p95=999us p99=1218us max=8282us max_total=25398us n=4096
qemu-system-i386: info: p2k-pdb05 snap | pdb05_vtime_total  p50=648us p95=999us p99=1218us max=8282us max_total=32692us n=4096
qemu-system-i386: info: p2k-xinu-drift snap | period_ms=0.250 | total: wall=12082.4ms vtime=12070.2ms xinu=4800.5ms drift=0.397 | delta: wall=3024.9ms vtime=3024.9ms xinu=1283.0ms drift=0.424
qemu-system-i386: info: p2k-segment snap | raise_intack  p50=86us p95=152us p99=270us max=603us max_total=1102us n=4096
qemu-system-i386: info: p2k-segment snap | intack_entry  p50=5us p95=7us p99=12us max=150us max_total=284us n=4096
qemu-system-i386: info: p2k-segment snap | entry_eoi     p50=1us p95=2us p99=3us max=144us max_total=165us n=4096
qemu-system-i386: info: p2k-segment snap | eoi_iret      p50=47us p95=116us p99=251us max=8028us max_total=10959us n=4096
qemu-system-i386: info: p2k-segment snap | iret_raise    p50=509us p95=849us p99=947us max=1941us max_total=32254us n=4096
qemu-system-i386: info: p2k-segment snap | coverage intack_seen=19221 iret_seen=17690 (vs clkint_entered=19221)
qemu-system-i386: info: p2k-eoi-eip snap | 0x001cc4be:19221 
qemu-system-i386: info: p2k-diag: cpu eip=0x001d96ae cs=0x0008 esp=0x003ffff0 eflags=0x00000202 cr0=0x60000011
qemu-system-i386: info: dcs-audio: ch3 END  (cmd=0x03ce name=S03CE frames=25136 cb_elapsed=27)
qemu-system-i386: info: dcs-audio: [BAR4] execute_mixer 0x03ce d1=0xff7f d2=0x8180 → name=S03CE frames=25136 ch=3 vol=255 pan=127 (played #6)
qemu-system-i386: info: p2k-diag: PIC master imr=ff irr=00 isr=00 base=20
qemu-system-i386: info: p2k-diag: PIC master imr=60 irr=01 isr=00 base=20
qemu-system-i386: info: p2k-diag: cpu eip=0x0023b750 cs=0x0008 esp=0x003f7ee4 eflags=0x00000202 cr0=0x60000011
qemu-system-i386: info: dcs-audio: ch3 END  (cmd=0x03ce name=S03CE frames=25136 cb_elapsed=27)
qemu-system-i386: info: dcs-audio: [BAR4] execute_mixer 0x03ce d1=0xff7f d2=0x8180 → name=S03CE frames=25136 ch=3 vol=255 pan=127 (played #7)
qemu-system-i386: info: p2k-diag: PIC master imr=ff irr=00 isr=00 base=20
qemu-system-i386: info: dcs-audio: ch3 END  (cmd=0x03ce name=S03CE frames=25136 cb_elapsed=27)
qemu-system-i386: info: p2k-diag: PIC master imr=60 irr=01 isr=00 base=20
qemu-system-i386: info: p2k-diag: cpu eip=0x001d96ae cs=0x0008 esp=0x003ffff0 eflags=0x00000202 cr0=0x60000011
qemu-system-i386: info: p2k-timing #4 snap | clock=QEMU_CLOCK_VIRTUAL icount=off expected: pit0_div=298 pit0_mode=2 pit0_hz=4003.97 irq0_edges_pit_expected=60441 observed: irq0_raised=59653 irq0_replayed=0 clkint_entered=24250 eoi_seen=24250 delivery=40.7% replay=0.0% imr=60 irr=01 isr=00 base=20 idt20=0x001cc4be handler=clkint clkint_hook=0x001cc4be shim=0 wall=15.108s vtime=15.095s scale=0.999x host_slow=no pic_base=0x20
qemu-system-i386: info: p2k-latency snap | raise->clkint p50=97us p95=184us p99=328us max=561us max_total=1108us n=4096 | pdb05 count=24157
qemu-system-i386: info: p2k-pdb05 snap | pdb05_wall_delta   p50=655us p95=1003us p99=1265us max=4312us max_total=25870us n=4096
qemu-system-i386: info: p2k-pdb05 snap | pdb05_wall_total   p50=655us p95=1003us p99=1265us max=4312us max_total=32692us n=4096
qemu-system-i386: info: p2k-pdb05 snap | pdb05_vtime_delta  p50=655us p95=1003us p99=1265us max=4312us max_total=25870us n=4096
qemu-system-i386: info: p2k-pdb05 snap | pdb05_vtime_total  p50=655us p95=1003us p99=1265us max=4312us max_total=32692us n=4096
qemu-system-i386: info: p2k-xinu-drift snap | period_ms=0.250 | total: wall=15107.5ms vtime=15095.3ms xinu=6056.5ms drift=0.401 | delta: wall=3025.1ms vtime=3025.1ms xinu=1256.0ms drift=0.415
qemu-system-i386: info: p2k-segment snap | raise_intack  p50=92us p95=177us p99=322us max=553us max_total=1102us n=4096
qemu-system-i386: info: p2k-segment snap | intack_entry  p50=5us p95=8us p99=30us max=136us max_total=284us n=4096
qemu-system-i386: info: p2k-segment snap | entry_eoi     p50=1us p95=2us p99=4us max=236us max_total=236us n=4096
qemu-system-i386: info: p2k-segment snap | eoi_iret      p50=51us p95=135us p99=271us max=2966us max_total=10959us n=4096
qemu-system-i386: info: p2k-segment snap | iret_raise    p50=499us p95=825us p99=958us max=2110us max_total=32254us n=4096
qemu-system-i386: info: p2k-segment snap | coverage intack_seen=24250 iret_seen=22239 (vs clkint_entered=24250)
qemu-system-i386: info: p2k-eoi-eip snap | 0x001cc4be:24250 
qemu-system-i386: info: p2k-diag: cpu eip=0x0023cb73 cs=0x0008 esp=0x003abc90 eflags=0x00000202 cr0=0x60000011
qemu-system-i386: info: p2k-diag: cpu eip=0x0023b771 cs=0x0008 esp=0x003f7ee4 eflags=0x00000202 cr0=0x60000011
qemu-system-i386: info: p2k-diag: cpu eip=0x001d96ae cs=0x0008 esp=0x003ffff0 eflags=0x00000202 cr0=0x60000011
qemu-system-i386: info: p2k-diag: PIC master imr=ff irr=01 isr=00 base=20
qemu-system-i386: info: p2k-diag: PIC master imr=60 irr=01 isr=00 base=20
qemu-system-i386: info: p2k-timing #5 snap | clock=QEMU_CLOCK_VIRTUAL icount=off expected: pit0_div=298 pit0_mode=2 pit0_hz=4003.97 irq0_edges_pit_expected=72598 observed: irq0_raised=71808 irq0_replayed=0 clkint_entered=29225 eoi_seen=29225 delivery=40.7% replay=0.0% imr=60 irr=00 isr=00 base=20 idt20=0x001cc4be handler=clkint clkint_hook=0x001cc4be shim=0 wall=18.144s vtime=18.132s scale=0.999x host_slow=no pic_base=0x20
qemu-system-i386: info: p2k-latency snap | raise->clkint p50=98us p95=176us p99=247us max=3995us max_total=3995us n=4096 | pdb05 count=29132
qemu-system-i386: info: p2k-pdb05 snap | pdb05_wall_delta   p50=659us p95=1013us p99=1235us max=11715us max_total=36566us n=4096
qemu-system-i386: info: p2k-pdb05 snap | pdb05_wall_total   p50=659us p95=1013us p99=1235us max=11715us max_total=36566us n=4096
qemu-system-i386: info: p2k-pdb05 snap | pdb05_vtime_delta  p50=659us p95=1013us p99=1235us max=11715us max_total=36566us n=4096
qemu-system-i386: info: p2k-pdb05 snap | pdb05_vtime_total  p50=659us p95=1013us p99=1235us max=11715us max_total=36566us n=4096
qemu-system-i386: info: p2k-xinu-drift snap | period_ms=0.250 | total: wall=18143.8ms vtime=18131.6ms xinu=7299.0ms drift=0.402 | delta: wall=3036.3ms vtime=3036.3ms xinu=1242.5ms drift=0.409
qemu-system-i386: info: p2k-segment snap | raise_intack  p50=90us p95=169us p99=238us max=3980us max_total=3980us n=4096
qemu-system-i386: info: p2k-segment snap | intack_entry  p50=5us p95=9us p99=30us max=237us max_total=284us n=4096
qemu-system-i386: info: p2k-segment snap | entry_eoi     p50=1us p95=3us p99=4us max=158us max_total=236us n=4096
qemu-system-i386: info: p2k-segment snap | eoi_iret      p50=61us p95=164us p99=298us max=700us max_total=10959us n=4096
qemu-system-i386: info: p2k-segment snap | iret_raise    p50=494us p95=818us p99=982us max=10744us max_total=32254us n=4096
qemu-system-i386: info: p2k-segment snap | coverage intack_seen=29225 iret_seen=26654 (vs clkint_entered=29225)
qemu-system-i386: info: p2k-eoi-eip snap | 0x001cc4be:29225 
qemu-system-i386: info: p2k-diag: cpu eip=0x001d96ae cs=0x0008 esp=0x003ffff0 eflags=0x00000202 cr0=0x60000011
qemu-system-i386: info: p2k-diag: cpu eip=0x001d96ae cs=0x0008 esp=0x003ffff0 eflags=0x00000202 cr0=0x60000011
qemu-system-i386: info: p2k-diag: cpu eip=0x0023b5ae cs=0x0008 esp=0x003f7ee8 eflags=0x00000202 cr0=0x60000011
qemu-system-i386: info: p2k-diag: PIC master imr=ff irr=01 isr=00 base=20
qemu-system-i386: info: p2k-diag: PIC master imr=60 irr=00 isr=00 base=20
qemu-system-i386: info: p2k-diag: PIC master imr=ff irr=01 isr=00 base=20
qemu-system-i386: info: p2k-diag: PIC master imr=60 irr=01 isr=00 base=20
qemu-system-i386: info: p2k-timing #6 snap | clock=QEMU_CLOCK_VIRTUAL icount=off expected: pit0_div=298 pit0_mode=2 pit0_hz=4003.97 irq0_edges_pit_expected=84720 observed: irq0_raised=83931 irq0_replayed=0 clkint_entered=34170 eoi_seen=34170 delivery=40.7% replay=0.0% imr=60 irr=01 isr=00 base=20 idt20=0x001cc4be handler=clkint clkint_hook=0x001cc4be shim=0 wall=21.171s vtime=21.159s scale=0.999x host_slow=no pic_base=0x20
qemu-system-i386: info: p2k-latency snap | raise->clkint p50=107us p95=223us p99=298us max=698us max_total=3995us n=4096 | pdb05 count=34077
qemu-system-i386: info: p2k-pdb05 snap | pdb05_wall_delta   p50=659us p95=1032us p99=1325us max=6844us max_total=28580us n=4096
qemu-system-i386: info: p2k-pdb05 snap | pdb05_wall_total   p50=659us p95=1032us p99=1325us max=6844us max_total=36566us n=4096
qemu-system-i386: info: p2k-pdb05 snap | pdb05_vtime_delta  p50=659us p95=1032us p99=1325us max=6844us max_total=28580us n=4096
qemu-system-i386: info: p2k-pdb05 snap | pdb05_vtime_total  p50=659us p95=1032us p99=1325us max=6844us max_total=36566us n=4096
qemu-system-i386: info: p2k-xinu-drift snap | period_ms=0.250 | total: wall=21171.2ms vtime=21159.0ms xinu=8534.0ms drift=0.403 | delta: wall=3027.4ms vtime=3027.4ms xinu=1235.0ms drift=0.408
qemu-system-i386: info: p2k-segment snap | raise_intack  p50=101us p95=215us p99=295us max=687us max_total=3980us n=4096
qemu-system-i386: info: p2k-segment snap | intack_entry  p50=6us p95=9us p99=34us max=236us max_total=284us n=4096
qemu-system-i386: info: p2k-segment snap | entry_eoi     p50=1us p95=3us p99=4us max=174us max_total=236us n=4096
qemu-system-i386: info: p2k-segment snap | eoi_iret      p50=67us p95=177us p99=317us max=569us max_total=10959us n=4096
qemu-system-i386: info: p2k-segment snap | iret_raise    p50=485us p95=826us p99=1027us max=3310us max_total=32254us n=4096
qemu-system-i386: info: p2k-segment snap | coverage intack_seen=34170 iret_seen=30924 (vs clkint_entered=34170)
qemu-system-i386: info: p2k-eoi-eip snap | 0x001cc4be:34170 
qemu-system-i386: info: p2k-diag: cpu eip=0x001d96ae cs=0x0008 esp=0x003ffff0 eflags=0x00000202 cr0=0x60000011
qemu-system-i386: info: p2k-diag: PIC master imr=ff irr=00 isr=00 base=20
qemu-system-i386: info: p2k-diag: PIC master imr=60 irr=01 isr=00 base=20
qemu-system-i386: info: p2k-diag: cpu eip=0x001d96ae cs=0x0008 esp=0x003ffff0 eflags=0x00000202 cr0=0x60000011
qemu-system-i386: info: p2k-diag: cpu eip=0x001d96ae cs=0x0008 esp=0x003ffff0 eflags=0x00000202 cr0=0x60000011
qemu-system-i386: info: p2k-timing #7 snap | clock=QEMU_CLOCK_VIRTUAL icount=off expected: pit0_div=298 pit0_mode=2 pit0_hz=4003.97 irq0_edges_pit_expected=96838 observed: irq0_raised=96049 irq0_replayed=0 clkint_entered=39192 eoi_seen=39192 delivery=40.8% replay=0.0% imr=60 irr=01 isr=00 base=20 idt20=0x001cc4be handler=clkint clkint_hook=0x001cc4be shim=0 wall=24.198s vtime=24.186s scale=0.999x host_slow=no pic_base=0x20
qemu-system-i386: info: p2k-latency snap | raise->clkint p50=83us p95=200us p99=242us max=7575us max_total=7575us n=4096 | pdb05 count=39099
qemu-system-i386: info: p2k-pdb05 snap | pdb05_wall_delta   p50=646us p95=1013us p99=1226us max=11704us max_total=27692us n=4096
qemu-system-i386: info: p2k-pdb05 snap | pdb05_wall_total   p50=646us p95=1013us p99=1226us max=11704us max_total=36566us n=4096
qemu-system-i386: info: p2k-pdb05 snap | pdb05_vtime_delta  p50=646us p95=1013us p99=1226us max=11704us max_total=27692us n=4096
qemu-system-i386: info: p2k-pdb05 snap | pdb05_vtime_total  p50=646us p95=1013us p99=1226us max=11704us max_total=36566us n=4096
qemu-system-i386: info: p2k-xinu-drift snap | period_ms=0.250 | total: wall=24197.9ms vtime=24185.6ms xinu=9788.3ms drift=0.405 | delta: wall=3026.6ms vtime=3026.6ms xinu=1254.3ms drift=0.414
qemu-system-i386: info: p2k-segment snap | raise_intack  p50=77us p95=193us p99=234us max=7547us max_total=7547us n=4096
qemu-system-i386: info: p2k-segment snap | intack_entry  p50=5us p95=8us p99=25us max=287us max_total=287us n=4096
qemu-system-i386: info: p2k-segment snap | entry_eoi     p50=1us p95=3us p99=4us max=154us max_total=236us n=4096
qemu-system-i386: info: p2k-segment snap | eoi_iret      p50=57us p95=151us p99=263us max=1086us max_total=10959us n=4096
qemu-system-i386: info: p2k-segment snap | iret_raise    p50=484us p95=831us p99=977us max=5090us max_total=32254us n=4096
qemu-system-i386: info: p2k-segment snap | coverage intack_seen=39192 iret_seen=35416 (vs clkint_entered=39192)
qemu-system-i386: info: p2k-eoi-eip snap | 0x001cc4be:39192 
qemu-system-i386: info: p2k-diag: cpu eip=0x001d96ae cs=0x0008 esp=0x003ffff0 eflags=0x00000202 cr0=0x60000011
qemu-system-i386: info: p2k-diag: PIC master imr=ff irr=00 isr=00 base=20
qemu-system-i386: info: p2k-diag: PIC master imr=60 irr=01 isr=00 base=20
qemu-system-i386: info: p2k-diag: cpu eip=0x0023c586 cs=0x0008 esp=0x003abc90 eflags=0x00000202 cr0=0x60000011
qemu-system-i386: info: p2k-diag: cpu eip=0x001d96ae cs=0x0008 esp=0x003ffff0 eflags=0x00000202 cr0=0x60000011
qemu-system-i386: info: p2k-timing #8 snap | clock=QEMU_CLOCK_VIRTUAL icount=off expected: pit0_div=298 pit0_mode=2 pit0_hz=4003.97 irq0_edges_pit_expected=108978 observed: irq0_raised=108190 irq0_replayed=0 clkint_entered=44259 eoi_seen=44259 delivery=40.9% replay=0.0% imr=60 irr=01 isr=00 base=20 idt20=0x001cc4be handler=clkint clkint_hook=0x001cc4be shim=0 wall=27.230s vtime=27.218s scale=1.000x host_slow=no pic_base=0x20
qemu-system-i386: info: p2k-latency snap | raise->clkint p50=77us p95=196us p99=260us max=641us max_total=7575us n=4096 | pdb05 count=44166
qemu-system-i386: info: p2k-pdb05 snap | pdb05_wall_delta   p50=632us p95=1017us p99=1264us max=7276us max_total=33355us n=4096
qemu-system-i386: info: p2k-pdb05 snap | pdb05_wall_total   p50=632us p95=1017us p99=1264us max=7276us max_total=36566us n=4096
qemu-system-i386: info: p2k-pdb05 snap | pdb05_vtime_delta  p50=632us p95=1017us p99=1264us max=7276us max_total=33355us n=4096
qemu-system-i386: info: p2k-pdb05 snap | pdb05_vtime_total  p50=632us p95=1017us p99=1264us max=7276us max_total=36566us n=4096
qemu-system-i386: info: p2k-xinu-drift snap | period_ms=0.250 | total: wall=27229.8ms vtime=27217.5ms xinu=11053.8ms drift=0.406 | delta: wall=3031.9ms vtime=3031.9ms xinu=1265.5ms drift=0.417
qemu-system-i386: info: p2k-segment snap | raise_intack  p50=71us p95=189us p99=252us max=464us max_total=7547us n=4096
qemu-system-i386: info: p2k-segment snap | intack_entry  p50=5us p95=9us p99=21us max=584us max_total=584us n=4096
qemu-system-i386: info: p2k-segment snap | entry_eoi     p50=1us p95=3us p99=4us max=93us max_total=236us n=4096
qemu-system-i386: info: p2k-segment snap | eoi_iret      p50=64us p95=161us p99=296us max=705us max_total=10959us n=4096
qemu-system-i386: info: p2k-segment snap | iret_raise    p50=475us p95=816us p99=998us max=6710us max_total=32254us n=4096
qemu-system-i386: info: p2k-segment snap | coverage intack_seen=44259 iret_seen=39994 (vs clkint_entered=44259)
qemu-system-i386: info: p2k-eoi-eip snap | 0x001cc4be:44259 
qemu-system-i386: info: p2k-diag: cpu eip=0x001d96ae cs=0x0008 esp=0x003ffff0 eflags=0x00000202 cr0=0x60000011
qemu-system-i386: info: p2k-diag: cpu eip=0x001d96ae cs=0x0008 esp=0x003ffff0 eflags=0x00000202 cr0=0x60000011
qemu-system-i386: info: p2k-diag: cpu eip=0x0023b56e cs=0x0008 esp=0x003f7ee8 eflags=0x00000202 cr0=0x60000011
qemu-system-i386: info: p2k-diag: PIC master imr=ff irr=01 isr=00 base=20
qemu-system-i386: info: p2k-diag: PIC master imr=60 irr=01 isr=00 base=20
qemu-system-i386: info: p2k-diag: PIC master imr=ff irr=00 isr=00 base=20
qemu-system-i386: info: p2k-timing #9 snap | clock=QEMU_CLOCK_VIRTUAL icount=off expected: pit0_div=298 pit0_mode=2 pit0_hz=4003.97 irq0_edges_pit_expected=121117 observed: irq0_raised=120329 irq0_replayed=0 clkint_entered=49385 eoi_seen=49385 delivery=41.0% replay=0.0% imr=60 irr=01 isr=00 base=20 idt20=0x001cc4be handler=clkint clkint_hook=0x001cc4be shim=0 wall=30.261s vtime=30.249s scale=1.000x host_slow=no pic_base=0x20
qemu-system-i386: info: p2k-latency snap | raise->clkint p50=96us p95=190us p99=255us max=443us max_total=7575us n=4096 | pdb05 count=49292
qemu-system-i386: info: p2k-pdb05 snap | pdb05_wall_delta   p50=632us p95=966us p99=1190us max=5438us max_total=33213us n=4096
qemu-system-i386: info: p2k-pdb05 snap | pdb05_wall_total   p50=632us p95=966us p99=1190us max=5438us max_total=36566us n=4096
qemu-system-i386: info: p2k-pdb05 snap | pdb05_vtime_delta  p50=632us p95=966us p99=1190us max=5438us max_total=33213us n=4096
qemu-system-i386: info: p2k-pdb05 snap | pdb05_vtime_total  p50=632us p95=966us p99=1190us max=5438us max_total=36566us n=4096
qemu-system-i386: info: p2k-xinu-drift snap | period_ms=0.250 | total: wall=30261.4ms vtime=30249.2ms xinu=12334.0ms drift=0.408 | delta: wall=3031.6ms vtime=3031.6ms xinu=1280.2ms drift=0.422
qemu-system-i386: info: p2k-segment snap | raise_intack  p50=91us p95=183us p99=242us max=433us max_total=7547us n=4096
qemu-system-i386: info: p2k-segment snap | intack_entry  p50=5us p95=8us p99=32us max=235us max_total=584us n=4096
qemu-system-i386: info: p2k-segment snap | entry_eoi     p50=1us p95=3us p99=4us max=180us max_total=236us n=4096
qemu-system-i386: info: p2k-segment snap | eoi_iret      p50=57us p95=136us p99=230us max=678us max_total=10959us n=4096
qemu-system-i386: info: p2k-segment snap | iret_raise    p50=469us p95=788us p99=954us max=5272us max_total=32254us n=4096
qemu-system-i386: info: p2k-segment snap | coverage intack_seen=49385 iret_seen=44562 (vs clkint_entered=49385)
qemu-system-i386: info: p2k-eoi-eip snap | 0x001cc4be:49385 
qemu-system-i386: info: p2k-diag: PIC master imr=60 irr=01 isr=00 base=20
qemu-system-i386: info: p2k-diag: cpu eip=0x001d96ae cs=0x0008 esp=0x003ffff0 eflags=0x00000202 cr0=0x60000011
qemu-system-i386: info: p2k-diag: cpu eip=0x0023b771 cs=0x0008 esp=0x003f7ee4 eflags=0x00000202 cr0=0x60000011
qemu-system-i386: info: p2k-diag: cpu eip=0x001d96ae cs=0x0008 esp=0x003ffff0 eflags=0x00000202 cr0=0x60000011
qemu-system-i386: info: p2k-timing #10 snap | clock=QEMU_CLOCK_VIRTUAL icount=off expected: pit0_div=298 pit0_mode=2 pit0_hz=4003.97 irq0_edges_pit_expected=133265 observed: irq0_raised=132475 irq0_replayed=0 clkint_entered=54297 eoi_seen=54297 delivery=41.0% replay=0.0% imr=60 irr=01 isr=00 base=20 idt20=0x001cc4be handler=clkint clkint_hook=0x001cc4be shim=0 wall=33.295s vtime=33.283s scale=1.000x host_slow=no pic_base=0x20
qemu-system-i386: info: p2k-latency snap | raise->clkint p50=101us p95=198us p99=272us max=5509us max_total=7575us n=4096 | pdb05 count=54204
qemu-system-i386: info: p2k-pdb05 snap | pdb05_wall_delta   p50=654us p95=1025us p99=1242us max=6823us max_total=36182us n=4096
qemu-system-i386: info: p2k-pdb05 snap | pdb05_wall_total   p50=654us p95=1025us p99=1242us max=6823us max_total=36566us n=4096
qemu-system-i386: info: p2k-pdb05 snap | pdb05_vtime_delta  p50=654us p95=1025us p99=1243us max=6823us max_total=36182us n=4096
qemu-system-i386: info: p2k-pdb05 snap | pdb05_vtime_total  p50=654us p95=1025us p99=1243us max=6823us max_total=36566us n=4096
qemu-system-i386: info: p2k-xinu-drift snap | period_ms=0.250 | total: wall=33295.4ms vtime=33283.1ms xinu=13560.8ms drift=0.407 | delta: wall=3034.0ms vtime=3034.0ms xinu=1226.8ms drift=0.404
qemu-system-i386: info: p2k-segment snap | raise_intack  p50=95us p95=190us p99=268us max=5500us max_total=7547us n=4096
qemu-system-i386: info: p2k-segment snap | intack_entry  p50=5us p95=9us p99=33us max=173us max_total=584us n=4096
qemu-system-i386: info: p2k-segment snap | entry_eoi     p50=1us p95=3us p99=5us max=263us max_total=263us n=4096
qemu-system-i386: info: p2k-segment snap | eoi_iret      p50=59us p95=147us p99=274us max=1242us max_total=10959us n=4096
qemu-system-i386: info: p2k-segment snap | iret_raise    p50=484us p95=833us p99=995us max=6495us max_total=32254us n=4096
qemu-system-i386: info: p2k-segment snap | coverage intack_seen=54297 iret_seen=48923 (vs clkint_entered=54297)
qemu-system-i386: info: p2k-eoi-eip snap | 0x001cc4be:54297 
qemu-system-i386: info: p2k-diag: PIC master imr=ff irr=01 isr=00 base=20
qemu-system-i386: info: p2k-diag: cpu eip=0x0017bb01 cs=0x0008 esp=0x003fff9c eflags=0x00000202 cr0=0x60000011
qemu-system-i386: info: p2k-diag: PIC master imr=60 irr=01 isr=00 base=20
qemu-system-i386: info: p2k-diag: PIC master imr=ff irr=00 isr=00 base=20
qemu-system-i386: info: p2k-diag: PIC master imr=60 irr=01 isr=00 base=20
qemu-system-i386: info: p2k-diag: cpu eip=0x00241b3b cs=0x0008 esp=0x003f7f6e eflags=0x00000202 cr0=0x60000011
qemu-system-i386: info: p2k-diag: PIC master imr=ff irr=01 isr=00 base=20
qemu-system-i386: info: p2k-diag: PIC master imr=60 irr=01 isr=00 base=20
qemu-system-i386: info: p2k-diag: cpu eip=0x0023b762 cs=0x0008 esp=0x003f7ee4 eflags=0x00000202 cr0=0x60000011
qemu-system-i386: info: p2k-timing #11 snap | clock=QEMU_CLOCK_VIRTUAL icount=off expected: pit0_div=298 pit0_mode=2 pit0_hz=4003.97 irq0_edges_pit_expected=145402 observed: irq0_raised=144614 irq0_replayed=0 clkint_entered=59076 eoi_seen=59076 delivery=40.9% replay=0.0% imr=60 irr=01 isr=00 base=20 idt20=0x001cc4be handler=clkint clkint_hook=0x001cc4be shim=0 wall=36.327s vtime=36.315s scale=1.000x host_slow=no pic_base=0x20
qemu-system-i386: info: p2k-latency snap | raise->clkint p50=90us p95=227us p99=314us max=6142us max_total=7575us n=4096 | pdb05 count=58983
qemu-system-i386: info: p2k-pdb05 snap | pdb05_wall_delta   p50=634us p95=1188us p99=1905us max=9192us max_total=32540us n=4096
qemu-system-i386: info: p2k-pdb05 snap | pdb05_wall_total   p50=634us p95=1188us p99=1905us max=9192us max_total=36566us n=4096
qemu-system-i386: info: p2k-pdb05 snap | pdb05_vtime_delta  p50=634us p95=1188us p99=1905us max=9192us max_total=32540us n=4096
qemu-system-i386: info: p2k-pdb05 snap | pdb05_vtime_total  p50=634us p95=1188us p99=1905us max=9192us max_total=36566us n=4096
qemu-system-i386: info: p2k-xinu-drift snap | period_ms=0.250 | total: wall=36326.7ms vtime=36314.5ms xinu=14754.4ms drift=0.406 | delta: wall=3031.4ms vtime=3031.4ms xinu=1193.6ms drift=0.394
qemu-system-i386: info: p2k-segment snap | raise_intack  p50=83us p95=219us p99=300us max=6118us max_total=7547us n=4096
qemu-system-i386: info: p2k-segment snap | intack_entry  p50=6us p95=10us p99=33us max=372us max_total=584us n=4096
qemu-system-i386: info: p2k-segment snap | entry_eoi     p50=2us p95=3us p99=5us max=251us max_total=263us n=4096
qemu-system-i386: info: p2k-segment snap | eoi_iret      p50=70us p95=180us p99=335us max=6649us max_total=10959us n=4096
qemu-system-i386: info: p2k-segment snap | iret_raise    p50=473us p95=928us p99=1386us max=8593us max_total=32254us n=4096
qemu-system-i386: info: p2k-segment snap | coverage intack_seen=59076 iret_seen=53057 (vs clkint_entered=59076)
qemu-system-i386: info: p2k-eoi-eip snap | 0x001cc4be:59076 
qemu-system-i386: info: p2k-diag: cpu eip=0x001d96ae cs=0x0008 esp=0x003ffff0 eflags=0x00000202 cr0=0x60000011
qemu-system-i386: info: p2k-diag: PIC master imr=ff irr=01 isr=00 base=20
qemu-system-i386: info: p2k-diag: PIC master imr=60 irr=01 isr=00 base=20
qemu-system-i386: info: p2k-diag: cpu eip=0x001d96ae cs=0x0008 esp=0x003ffff0 eflags=0x00000202 cr0=0x60000011
qemu-system-i386: terminating on signal 15 from pid 94290 (timeout)
qemu-system-i386: info: p2k-timing #12 exit | clock=QEMU_CLOCK_VIRTUAL icount=off expected: pit0_div=298 pit0_mode=2 pit0_hz=4003.97 irq0_edges_pit_expected=153648 observed: irq0_raised=152849 irq0_replayed=0 clkint_entered=62466 eoi_seen=62466 delivery=40.9% replay=0.0% imr=ff irr=00 isr=00 base=20 idt20=0x001cc4be handler=clkint clkint_hook=0x001cc4be shim=0 wall=38.388s vtime=38.374s scale=1.000x host_slow=no pic_base=0x20
qemu-system-i386: info: p2k-latency exit | raise->clkint p50=78us p95=183us p99=236us max=661us max_total=7575us n=4096 | pdb05 count=62373
qemu-system-i386: info: p2k-pdb05 exit | pdb05_wall_delta   p50=656us p95=1056us p99=1337us max=32742us max_total=32742us n=3390
qemu-system-i386: info: p2k-pdb05 exit | pdb05_wall_total   p50=647us p95=1061us p99=1350us max=32742us max_total=36566us n=4096
qemu-system-i386: info: p2k-pdb05 exit | pdb05_vtime_delta  p50=656us p95=1056us p99=1337us max=32742us max_total=32742us n=3390
qemu-system-i386: info: p2k-pdb05 exit | pdb05_vtime_total  p50=647us p95=1061us p99=1350us max=32742us max_total=36566us n=4096
qemu-system-i386: info: p2k-xinu-drift exit | period_ms=0.250 | total: wall=38387.5ms vtime=38373.9ms xinu=15601.0ms drift=0.406 | delta: wall=2060.8ms vtime=2059.4ms xinu=846.7ms drift=0.411
qemu-system-i386: info: p2k-segment exit | raise_intack  p50=72us p95=176us p99=229us max=644us max_total=7547us n=4096
qemu-system-i386: info: p2k-segment exit | intack_entry  p50=6us p95=9us p99=23us max=521us max_total=584us n=4096
qemu-system-i386: info: p2k-segment exit | entry_eoi     p50=1us p95=3us p99=4us max=105us max_total=263us n=4096
qemu-system-i386: info: p2k-segment exit | eoi_iret      p50=65us p95=141us p99=265us max=610us max_total=10959us n=4096
qemu-system-i386: info: p2k-segment exit | iret_raise    p50=487us p95=880us p99=1110us max=2476us max_total=32254us n=4096
qemu-system-i386: info: p2k-segment exit | coverage intack_seen=62466 iret_seen=56151 (vs clkint_entered=62466)
qemu-system-i386: info: p2k-eoi-eip exit | 0x001cc4be:62466 
qemu-system-i386: info: pinball2000: P2K_NO_SAVEDATA set — discarding BAR3 flash changes
qemu-system-i386: info: pinball2000: P2K_NO_SAVEDATA set — discarding SEEPROM changes
qemu-system-i386: info: pinball2000: P2K_NO_SAVEDATA set — discarding BAR2 NVRAM changes
