[run-qemu] audio: auto-selected pa (host: pulse running, qemu: pa supported)
[run-qemu] --update none → museum mode (P2K_NO_AUTO_UPDATE=1)
[run-qemu] read-only savedata: P2K_NO_SAVEDATA=1; running in /mnt/hgfs/encore_forensic/composis/Encore-Pinball2000/.run-qemu.DUSJN1 (no savedata/ subdir)
[run-qemu] cwd=/mnt/hgfs/encore_forensic/composis/Encore-Pinball2000/.run-qemu.DUSJN1
[run-qemu] /home/encore/.cache/p2k-qemu-build/qemu-10.0.8/build/qemu-system-i386 -M pinball2000,game=swe1,roms-dir=/mnt/hgfs/encore_forensic/composis/Encore-Pinball2000/roms -no-reboot -m 16 -display none -serial null -audio driver=pa 
qemu-system-i386: info: pinball2000: loaded /mnt/hgfs/encore_forensic/composis/Encore-Pinball2000/roms/swe1_u100.rom (8388608 bytes -> chip0 16-bit lane)
qemu-system-i386: info: pinball2000: loaded /mnt/hgfs/encore_forensic/composis/Encore-Pinball2000/roms/swe1_u101.rom (8388608 bytes -> chip1 16-bit lane)
qemu-system-i386: info: pinball2000: loaded /mnt/hgfs/encore_forensic/composis/Encore-Pinball2000/roms/swe1_u102.rom (8388608 bytes -> chip0 16-bit lane)
qemu-system-i386: info: pinball2000: loaded /mnt/hgfs/encore_forensic/composis/Encore-Pinball2000/roms/swe1_u103.rom (8388608 bytes -> chip1 16-bit lane)
qemu-system-i386: info: pinball2000: loaded /mnt/hgfs/encore_forensic/composis/Encore-Pinball2000/roms/swe1_u104.rom (8388608 bytes -> chip0 16-bit lane)
qemu-system-i386: info: pinball2000: loaded /mnt/hgfs/encore_forensic/composis/Encore-Pinball2000/roms/swe1_u105.rom (8388608 bytes -> chip1 16-bit lane)
qemu-system-i386: info: pinball2000: loaded /mnt/hgfs/encore_forensic/composis/Encore-Pinball2000/roms/swe1_u106.rom (8388608 bytes -> chip0 16-bit lane)
qemu-system-i386: info: pinball2000: loaded /mnt/hgfs/encore_forensic/composis/Encore-Pinball2000/roms/swe1_u107.rom (8388608 bytes -> chip1 16-bit lane)
qemu-system-i386: info: pinball2000: loaded /mnt/hgfs/encore_forensic/composis/Encore-Pinball2000/roms/swe1_u109.rom (4194304 bytes -> chip0 16-bit lane)
qemu-system-i386: info: pinball2000: loaded /mnt/hgfs/encore_forensic/composis/Encore-Pinball2000/roms/swe1_u110.rom (4194304 bytes -> chip1 16-bit lane)
qemu-system-i386: info: pinball2000: mapped p2k.optrom           @ 0x000c0000 (32 KiB)
qemu-system-i386: info: pinball2000: loaded /mnt/hgfs/encore_forensic/composis/Encore-Pinball2000/roms/bios.bin (65536 bytes -> BIOS)
qemu-system-i386: info: pinball2000: mapped p2k.bios-shadow      @ 0x000f0000 (64 KiB, RW)
qemu-system-i386: info: pinball2000: mapped p2k.bios-reset       @ 0xffff0000 (64 KiB)
qemu-system-i386: info: pinball2000: mapped p2k.plx-bank0        @ 0x08000000 (16384 KiB)
qemu-system-i386: info: pinball2000: mapped p2k.plx-bank1        @ 0x08800000 (16384 KiB)
qemu-system-i386: info: pinball2000: mapped p2k.plx-bank2        @ 0x09800000 (16384 KiB)
qemu-system-i386: info: pinball2000: mapped p2k.plx-bank3        @ 0x0a800000 (16384 KiB)
qemu-system-i386: info: pinball2000: mapped p2k.dcs-cs3          @ 0x0b800000 (8192 KiB)
qemu-system-i386: info: pinball2000: mapped p2k.dcs-rombar       @ 0x18000000 (8192 KiB)
qemu-system-i386: info: pinball2000: mapped p2k.bar5-bank0       @ 0x14000000 (16384 KiB)
qemu-system-i386: info: pinball2000: mapped p2k.bar5-bank1       @ 0x15000000 (16384 KiB)
qemu-system-i386: info: pinball2000: mapped p2k.bar5-bank2       @ 0x16000000 (16384 KiB)
qemu-system-i386: info: pinball2000: mapped p2k.bar5-bank3       @ 0x17000000 (16384 KiB)
qemu-system-i386: info: pinball2000: mapped p2k.bank0-alias      @ 0xff000000 (4096 KiB)
qemu-system-i386: info: pinball2000: Cyrix MediaGX TCG extensions ENABLED (0F 3B BB1_RESET, 0F 3C CPU_WRITE, 0F 3D CPU_READ implemented per databook §4.1.5/§4.1.6 + on-silicon scratchpad pipeline; 0F 36/37/39/3F log+UD; 0F 3A reserved for SSE4 dispatch). Stock i386 binaries are unaffected.
qemu-system-i386: info: pinball2000: installed ISA stubs (kbd/0x61/cmos/post/com1) [UART<->chardev bidir]
qemu-system-i386: info: pinball2000: SuperIO W83977EF (0x2E/0x2F), CC5530 (0xEA/0xEB) and port 0x61 toggler installed
qemu-system-i386: info: pinball2000: installed Cyrix CCR at I/O 0x22/0x23 (GCR[0xb8] reset=0x0d -> GX_base_p=0x40000000, scratchpad=4KB; storage is mutable)
qemu-system-i386: info: pinball2000: installed PCI cf8/cfc stub (MediaGX dev0, PRISM dev8, Cx5520 dev18)
qemu-system-i386: info: pinball2000: P2K_NO_SAVEDATA set — running in read-only savedata mode (no seed, no save)
qemu-system-i386: info: pinball2000: mapped p2k.bar2-sram        @ 0x11000000 (128 KiB SRAM + 16 MiB sentinel)
qemu-system-i386: info: pinball2000: PLX BAR0 regs+SEEPROM @ 0x10000000 (256 bytes)
qemu-system-i386: info: pinball2000: P2K_NO_AUTO_UPDATE set — leaving BAR3 all-0xFF (base-image path; known stall on SWE1, see qemu/NOTES.next.md)
qemu-system-i386: info: pinball2000: DCS BAR4 MMIO @ 0x13000000 (16 MiB) [shared core, mode=io-handled]
qemu-system-i386: info: pinball2000: DCS-2 UART installed at I/O 0x138-0x13f [shared core]
qemu-system-i386: info: dcs-audio: pb2kslib loaded 689 entries from /mnt/hgfs/encore_forensic/composis/Encore-Pinball2000/roms/swe1_sound.bin
qemu-system-i386: info: pinball2000: DCS audio installed (44100 Hz S16 mono, 8-voice mixer, 689 pb2k entries; P2K_NO_DCS_AUDIO=1 to disable)
qemu-system-i386: info: pinball2000: LPT driver-board installed at I/O 0x378-0x37a (STATUS=0x87, edge-detect dispatch; keys: F1 quit | F2 flip-Y | F3 screenshot | F4 door | F5/Enter pulse | F6/F9 actions | F7/F8 flippers | Space/S start | F10/C coin | F12 dump | Esc/Left service | Up/Down volume | Right enter)
qemu-system-i386: info: pinball2000: GP BLT engine MMIO at 0x40008100 size 0x110
qemu-system-i386: info: pinball2000: VSYNC ticker armed (~57 Hz frame, 30 sub-tick updates @ DC_TIMING2)
qemu-system-i386: info: pinball2000: BT-130 mem_detect patcher armed
qemu-system-i386: info: pinball2000: diag sampler ON (PIT/PIC/IDT/XINU-sched, every 100 ms; unset P2K_DIAG to silence)
qemu-system-i386: info: pinball2000: timing-audit armed (initial @3s, every 5s with P2K_DIAG=1; disable with P2K_NO_TIMING_AUDIT=1)
qemu-system-i386: info: pinball2000: BT-131 NIC LAN ROM shadow installed at 0xd0008 (8B read-only MMIO; MAC 00:00:c0:01:02:03 board_id=0x2a checksum=0x0f)
qemu-system-i386: info: p2k-probe-cell-shim: ACTIVE (P2K_NO_AUTO_UPDATE) — Unicorn-style probe-cell maintenance scheduled. This is a TEMPORARY compatibility bridge for --update none parity, NOT clean QEMU device behavior. Removal condition: when DCS/PLX9054 model returns the right value at the probe address natively, delete p2k-probe-cell-shim.c and stop calling p2k_install_probe_cell_shim() from pinball2000.c.
qemu-system-i386: info: pinball2000: machine ready (game=swe1, ram=16 MiB)
qemu-system-i386: info: pinball2000: PM entry CS:EIP=0008:000801d9 ESP=0008b000
qemu-system-i386: info: p2k-diag: PIT ch0 mode=3 gate=1 count=0 (18.21 Hz)
qemu-system-i386: info: p2k-diag: PIT ch1 mode=3 gate=1 count=0 (18.21 Hz)
qemu-system-i386: info: p2k-diag: PIT ch2 mode=3 gate=0 count=0 (18.21 Hz)
qemu-system-i386: info: p2k-diag: PIC master imr=00 irr=01 isr=00 base=00
qemu-system-i386: info: p2k-diag: IDT base=0x00000000 limit=0x0000
qemu-system-i386: info: p2k-diag: IDT[0x20] sel=0x0000 off=0x00000000 type=0x00 (IRQ0/PIT)
qemu-system-i386: info: p2k-diag: IDT[0x28] sel=0x0000 off=0x00000000 type=0x00 (IRQ8/RTC)
qemu-system-i386: info: p2k-diag: cpu eip=0x00080fff cs=0x0008 esp=0x0008af8c eflags=0x00000002 cr0=0x60000011
qemu-system-i386: info: p2k-probe-cell-shim: located probe cell at 0x002797c4 — phase=pre-XINU scribble=0x0000ffff every 50 ms; will flip to 0x00000000 once XINU installs clkint at IDT[0x20] (--update none compatibility bridge)
qemu-system-i386: info: p2k-diag: PIT ch0 mode=2 gate=1 count=298 (4003.97 Hz)
qemu-system-i386: info: p2k-diag: PIC master imr=ff irr=01 isr=00 base=20
qemu-system-i386: info: p2k-diag: IDT base=0x00296d18 limit=0x017f
qemu-system-i386: info: p2k-diag: IDT[0x20] sel=0x0008 off=0x001cc4be type=0x8f (IRQ0/PIT)
qemu-system-i386: info: p2k-diag: IDT[0x28] sel=0x0008 off=0x001d85f7 type=0x8f (IRQ8/RTC)
qemu-system-i386: info: p2k-probe-cell-shim: phase=post-XINU (IDT[0x20]: panic-stub 0x001d859f → clkint 0x001cc4be) — switching scribble to 0x00000000 at [0x002797c4] so DCS probe returns PRESENT
qemu-system-i386: info: p2k-probe-cell-shim: first post-XINU scribble committed; awaiting first DCS command from guest
qemu-system-i386: info: pinball2000: BT-130 mem_detect patch applied at 0x001d9c99: 0x04 -> 0x0E (4 MiB -> 14 MiB pages)
qemu-system-i386: info: pinball2000: irq0 missed-edge replay disabled (set P2K_IRQ_REPLAY=1 to enable legacy safety net)
qemu-system-i386: info: pinball2000: irq0-iret tb-exit ENABLED (Strategy-1) (set P2K_NO_IRQ0_IRET_TB_EXIT=1 to disable)
qemu-system-i386: info: pinball2000: irq0 pit-deadline timer ENABLED (Strategy-2) (set P2K_NO_IRQ0_PIT_DEADLINE_TIMER=1 to disable)
qemu-system-i386: info: p2k-diag: PIC master imr=60 irr=01 isr=00 base=20
qemu-system-i386: info: pinball2000: GP first-write off=0x8110 val=0xffffffff size=4
qemu-system-i386: info: pinball2000: GP first-write off=0x8114 val=0xffffffff size=4
qemu-system-i386: info: pinball2000: GP first-write off=0x8120 val=0xffffffff size=4
qemu-system-i386: info: pinball2000: GP first-write off=0x8124 val=0xffffffff size=4
qemu-system-i386: info: pinball2000: GP first-write off=0x8128 val=0xffffffff size=4
qemu-system-i386: info: pinball2000: GP first-write off=0x812c val=0xffffffff size=4
qemu-system-i386: info: pinball2000: GP first-write off=0x8108 val=0x02d80328 size=4
qemu-system-i386: info: pinball2000: GP first-write off=0x8100 val=0x00180014 size=4
qemu-system-i386: info: pinball2000: GP first-write off=0x8104 val=0x000100d8 size=4
qemu-system-i386: info: pinball2000: GP BLT #0: src(808,728) dst(20,24) w=216 raster=0x000010c6 TRANSPARENT key=0x7c1f
qemu-system-i386: info: pinball2000: GP BLT #1: src(0,729) dst(236,24) w=384 raster=0x000010c6 TRANSPARENT key=0x7c1f
qemu-system-i386: info: pinball2000: GP BLT #2: src(384,729) dst(20,23) w=600 raster=0x000010c6 TRANSPARENT key=0x7c1f
qemu-system-i386: info: pinball2000: GP BLT #3: src(984,729) dst(20,22) w=40 raster=0x000010c6 TRANSPARENT key=0x7c1f
qemu-system-i386: info: pinball2000: GP BLT #4: src(0,730) dst(60,22) w=560 raster=0x000010c6 TRANSPARENT key=0x7c1f
qemu-system-i386: info: pinball2000: GP BLT #5: src(560,730) dst(20,21) w=464 raster=0x000010c6 TRANSPARENT key=0x7c1f
qemu-system-i386: info: pinball2000: GP BLT #6: src(0,731) dst(484,21) w=136 raster=0x000010c6 TRANSPARENT key=0x7c1f
qemu-system-i386: info: pinball2000: GP BLT #7: src(136,731) dst(20,20) w=600 raster=0x000010c6 TRANSPARENT key=0x7c1f
qemu-system-i386: info: pinball2000: GP BLT #8: src(736,731) dst(20,19) w=288 raster=0x000010c6 TRANSPARENT key=0x7c1f
qemu-system-i386: info: pinball2000: GP BLT #9: src(0,732) dst(308,19) w=312 raster=0x000010c6 TRANSPARENT key=0x7c1f
qemu-system-i386: info: pinball2000: GP BLT #10: src(312,732) dst(20,18) w=600 raster=0x000010c6 TRANSPARENT key=0x7c1f
qemu-system-i386: info: pinball2000: GP BLT #11: src(912,732) dst(20,17) w=112 raster=0x000010c6 TRANSPARENT key=0x7c1f
qemu-system-i386: info: pinball2000: GP BLT #12: src(0,733) dst(132,17) w=488 raster=0x000010c6 TRANSPARENT key=0x7c1f
qemu-system-i386: info: pinball2000: GP BLT #13: src(488,733) dst(20,16) w=536 raster=0x000010c6 TRANSPARENT key=0x7c1f
qemu-system-i386: info: pinball2000: GP BLT #14: src(0,734) dst(556,16) w=64 raster=0x000010c6 TRANSPARENT key=0x7c1f
qemu-system-i386: info: pinball2000: GP BLT #15: src(64,734) dst(20,15) w=600 raster=0x000010c6 TRANSPARENT key=0x7c1f
qemu-system-i386: info: pinball2000: GP BLT #16: src(664,734) dst(20,14) w=360 raster=0x000010c6 TRANSPARENT key=0x7c1f
qemu-system-i386: info: pinball2000: GP BLT #17: src(0,735) dst(380,14) w=240 raster=0x000010c6 TRANSPARENT key=0x7c1f
qemu-system-i386: info: pinball2000: GP BLT #18: src(240,735) dst(20,13) w=600 raster=0x000010c6 TRANSPARENT key=0x7c1f
qemu-system-i386: info: pinball2000: GP BLT #19: src(840,735) dst(20,12) w=184 raster=0x000010c6 TRANSPARENT key=0x7c1f
qemu-system-i386: info: p2k-diag: cpu eip=0x001d96ae cs=0x0008 esp=0x003ffff0 eflags=0x00000202 cr0=0x60000011
qemu-system-i386: info: dcs-audio: ogg src_chans=1 src_rate=22050
qemu-system-i386: info: dcs-audio: decoded cmd=0x003a name=dcs-bong frames=30024 peak=27816 rms=4870
qemu-system-i386: info: dcs-audio: [BAR4] process_cmd 0x003a → key=0x003a name=dcs-bong frames=30024 ch=0 vol=255 pan=127 (played #1)
qemu-system-i386: info: dcs-audio: [BAR4] process_cmd 0x00aa → key=0x0fff no-pb2k-entry (missed #1)
qemu-system-i386: info: p2k-diag: PIC master imr=ff irr=01 isr=00 base=20
qemu-system-i386: info: p2k-diag: PIC master imr=60 irr=01 isr=00 base=20
qemu-system-i386: info: p2k-diag: PIC master imr=ff irr=00 isr=00 base=20
qemu-system-i386: info: p2k-diag: cpu eip=0x001d83bd cs=0x0008 esp=0x003fff6c eflags=0x00000002 cr0=0x60000011
qemu-system-i386: info: p2k-diag: PIC master imr=60 irr=01 isr=00 base=20
qemu-system-i386: info: dcs-audio: ch0 END  (cmd=0x003a name=dcs-bong frames=30024 cb_elapsed=32)
qemu-system-i386: info: dcs-audio: [BAR4] execute_mixer 0x55aa d1=0x609f → GLOBAL_VOL=159 (broadcast to all 8 voices, per Unicorn Mix_Volume(-1))
qemu-system-i386: info: dcs-audio: [BAR4] execute_mixer 0x55ab d1=0x3fff → ch7 VOL=255
qemu-system-i386: info: dcs-audio: [BAR4] execute_mixer 0x55ac d1=0x3f7f → ch7 PAN=127
qemu-system-i386: info: p2k-timing #0 snap | clock=QEMU_CLOCK_VIRTUAL icount=off expected: pit0_div=298 pit0_mode=2 pit0_hz=4003.97 irq0_edges_pit_expected=12012 observed: irq0_raised=11241 irq0_replayed=0 clkint_entered=3875 eoi_seen=3875 delivery=34.5% replay=0.0% imr=60 irr=01 isr=00 base=20 idt20=0x001cc4be handler=clkint clkint_hook=0x001cc4be shim=0 wall=3.805s vtime=3.000s scale=0.788x host_slow=yes pic_base=0x20
qemu-system-i386: info: p2k-latency snap | raise->clkint p50=68us p95=137us p99=189us max=1651us max_total=1651us n=3875 | pdb05 count=3778
qemu-system-i386: info: p2k-pdb05 snap | pdb05_wall_delta   p50=619us p95=988us p99=1174us max=30573us max_total=30573us n=3777
qemu-system-i386: info: p2k-pdb05 snap | pdb05_wall_total   p50=619us p95=988us p99=1174us max=30573us max_total=30573us n=3777
qemu-system-i386: info: p2k-pdb05 snap | pdb05_vtime_delta  p50=619us p95=988us p99=1174us max=30573us max_total=30573us n=3777
qemu-system-i386: info: p2k-pdb05 snap | pdb05_vtime_total  p50=619us p95=988us p99=1174us max=30573us max_total=30573us n=3777
qemu-system-i386: info: p2k-xinu-drift snap | period_ms=0.250 | total: wall=3805.2ms vtime=3000.1ms xinu=967.8ms drift=0.254 | delta: wall=0.0ms vtime=0.0ms xinu=0.0ms drift=0.000
qemu-system-i386: info: p2k-segment snap | raise_intack  p50=63us p95=130us p99=182us max=1646us max_total=1646us n=3875
qemu-system-i386: info: p2k-segment snap | intack_entry  p50=5us p95=7us p99=24us max=530us max_total=530us n=3875
qemu-system-i386: info: p2k-segment snap | entry_eoi     p50=1us p95=2us p99=3us max=53us max_total=53us n=3875
qemu-system-i386: info: p2k-segment snap | eoi_iret      p50=46us p95=112us p99=237us max=2487us max_total=2487us n=3599
qemu-system-i386: info: p2k-segment snap | iret_raise    p50=496us p95=858us p99=971us max=30096us max_total=30096us n=3599
qemu-system-i386: info: p2k-segment snap | coverage intack_seen=3875 iret_seen=3599 (vs clkint_entered=3875)
qemu-system-i386: info: p2k-pit-deadline snap | arms=3599 fires=3113 period_ns=249752
qemu-system-i386: info: p2k-eoi-eip snap | 0x001cc4be:3875 
qemu-system-i386: info: p2k-diag: PIC master imr=ff irr=00 isr=00 base=20
qemu-system-i386: info: p2k-diag: PIC master imr=60 irr=00 isr=00 base=20
qemu-system-i386: info: p2k-diag: cpu eip=0x001d96ae cs=0x0008 esp=0x003ffff0 eflags=0x00000202 cr0=0x60000011
qemu-system-i386: info: p2k-diag: cpu eip=0x001d96ae cs=0x0008 esp=0x003ffff0 eflags=0x00000202 cr0=0x60000011
qemu-system-i386: info: p2k-diag: cpu eip=0x001d96ae cs=0x0008 esp=0x003ffff0 eflags=0x00000202 cr0=0x60000011
qemu-system-i386: info: p2k-timing #1 snap | clock=QEMU_CLOCK_VIRTUAL icount=off expected: pit0_div=298 pit0_mode=2 pit0_hz=4003.97 irq0_edges_pit_expected=24183 observed: irq0_raised=23408 irq0_replayed=0 clkint_entered=9192 eoi_seen=9192 delivery=39.3% replay=0.0% imr=60 irr=00 isr=00 base=20 idt20=0x001cc4be handler=clkint clkint_hook=0x001cc4be shim=0 wall=6.845s vtime=6.040s scale=0.882x host_slow=yes pic_base=0x20
qemu-system-i386: info: p2k-latency snap | raise->clkint p50=71us p95=151us p99=197us max=695us max_total=1651us n=4096 | pdb05 count=9095
qemu-system-i386: info: p2k-pdb05 snap | pdb05_wall_delta   p50=618us p95=977us p99=1088us max=4789us max_total=40191us n=4096
qemu-system-i386: info: p2k-pdb05 snap | pdb05_wall_total   p50=618us p95=977us p99=1088us max=4789us max_total=40191us n=4096
qemu-system-i386: info: p2k-pdb05 snap | pdb05_vtime_delta  p50=618us p95=977us p99=1088us max=4789us max_total=40191us n=4096
qemu-system-i386: info: p2k-pdb05 snap | pdb05_vtime_total  p50=618us p95=977us p99=1088us max=4789us max_total=40191us n=4096
qemu-system-i386: info: p2k-xinu-drift snap | period_ms=0.250 | total: wall=6844.9ms vtime=6039.8ms xinu=2295.7ms drift=0.335 | delta: wall=3039.6ms vtime=3039.6ms xinu=1327.9ms drift=0.437
qemu-system-i386: info: p2k-segment snap | raise_intack  p50=66us p95=145us p99=191us max=658us max_total=1646us n=4096
qemu-system-i386: info: p2k-segment snap | intack_entry  p50=5us p95=6us p99=13us max=172us max_total=530us n=4096
qemu-system-i386: info: p2k-segment snap | entry_eoi     p50=1us p95=2us p99=3us max=177us max_total=177us n=4096
qemu-system-i386: info: p2k-segment snap | eoi_iret      p50=33us p95=92us p99=194us max=656us max_total=2487us n=4096
qemu-system-i386: info: p2k-segment snap | iret_raise    p50=504us p95=854us p99=952us max=1145us max_total=30096us n=4096
qemu-system-i386: info: p2k-segment snap | coverage intack_seen=9192 iret_seen=8569 (vs clkint_entered=9192)
qemu-system-i386: info: p2k-pit-deadline snap | arms=8569 fires=7471 period_ns=249752
qemu-system-i386: info: p2k-eoi-eip snap | 0x001cc4be:9192 
qemu-system-i386: info: p2k-diag: cpu eip=0x001d96ae cs=0x0008 esp=0x003ffff0 eflags=0x00000202 cr0=0x60000011
qemu-system-i386: info: dcs-audio: ogg src_chans=1 src_rate=22050
qemu-system-i386: info: dcs-audio: decoded cmd=0x00ec name=S00EC frames=181272 peak=18391 rms=4261
qemu-system-i386: info: dcs-audio: [BAR4] execute_mixer 0x00ec d1=0xff7f d2=0x8200 → name=S00EC frames=181272 ch=4 vol=255 pan=127 (played #2)
qemu-system-i386: info: p2k-diag: PIC master imr=ff irr=00 isr=00 base=20
qemu-system-i386: info: p2k-diag: PIC master imr=60 irr=01 isr=00 base=20
qemu-system-i386: info: p2k-diag: cpu eip=0x0023b78c cs=0x0008 esp=0x003f7ee4 eflags=0x00000202 cr0=0x60000011
qemu-system-i386: info: p2k-diag: PIC master imr=ff irr=01 isr=00 base=20
qemu-system-i386: info: p2k-diag: PIC master imr=60 irr=01 isr=00 base=20
qemu-system-i386: info: p2k-diag: cpu eip=0x001d96ae cs=0x0008 esp=0x003ffff0 eflags=0x00010646 cr0=0x60000011
qemu-system-i386: info: p2k-diag: PIC master imr=ff irr=01 isr=00 base=20
qemu-system-i386: info: p2k-diag: PIC master imr=60 irr=01 isr=00 base=20
qemu-system-i386: info: p2k-timing #2 snap | clock=QEMU_CLOCK_VIRTUAL icount=off expected: pit0_div=298 pit0_mode=2 pit0_hz=4003.97 irq0_edges_pit_expected=36334 observed: irq0_raised=35562 irq0_replayed=0 clkint_entered=14461 eoi_seen=14461 delivery=40.7% replay=0.0% imr=60 irr=01 isr=00 base=20 idt20=0x001cc4be handler=clkint clkint_hook=0x001cc4be shim=0 wall=9.880s vtime=9.075s scale=0.919x host_slow=yes pic_base=0x20
qemu-system-i386: info: p2k-latency snap | raise->clkint p50=67us p95=155us p99=205us max=497us max_total=1651us n=4096 | pdb05 count=14364
qemu-system-i386: info: p2k-pdb05 snap | pdb05_wall_delta   p50=616us p95=988us p99=1116us max=8641us max_total=36240us n=4096
qemu-system-i386: info: p2k-pdb05 snap | pdb05_wall_total   p50=616us p95=988us p99=1116us max=8641us max_total=40191us n=4096
qemu-system-i386: info: p2k-pdb05 snap | pdb05_vtime_delta  p50=616us p95=988us p99=1116us max=8641us max_total=36240us n=4096
qemu-system-i386: info: p2k-pdb05 snap | pdb05_vtime_total  p50=616us p95=988us p99=1116us max=8641us max_total=40191us n=4096
qemu-system-i386: info: p2k-xinu-drift snap | period_ms=0.250 | total: wall=9879.6ms vtime=9074.5ms xinu=3611.7ms drift=0.366 | delta: wall=3034.7ms vtime=3034.7ms xinu=1315.9ms drift=0.434
qemu-system-i386: info: p2k-segment snap | raise_intack  p50=62us p95=148us p99=197us max=493us max_total=1646us n=4096
qemu-system-i386: info: p2k-segment snap | intack_entry  p50=5us p95=6us p99=13us max=191us max_total=530us n=4096
qemu-system-i386: info: p2k-segment snap | entry_eoi     p50=1us p95=2us p99=3us max=147us max_total=182us n=4096
qemu-system-i386: info: p2k-segment snap | eoi_iret      p50=45us p95=100us p99=214us max=10673us max_total=10673us n=4096
qemu-system-i386: info: p2k-segment snap | iret_raise    p50=489us p95=856us p99=959us max=8326us max_total=35452us n=4096
qemu-system-i386: info: p2k-segment snap | coverage intack_seen=14461 iret_seen=13437 (vs clkint_entered=14461)
qemu-system-i386: info: p2k-pit-deadline snap | arms=13437 fires=11780 period_ns=249752
qemu-system-i386: info: p2k-eoi-eip snap | 0x001cc4be:14461 
qemu-system-i386: info: p2k-diag: cpu eip=0x001d96ae cs=0x0008 esp=0x003ffff0 eflags=0x00000202 cr0=0x60000011
qemu-system-i386: info: p2k-diag: PIC master imr=ff irr=00 isr=00 base=20
qemu-system-i386: info: p2k-diag: PIC master imr=60 irr=01 isr=00 base=20
qemu-system-i386: info: p2k-diag: cpu eip=0x001d96ae cs=0x0008 esp=0x003ffff0 eflags=0x00000202 cr0=0x60000011
qemu-system-i386: info: dcs-audio: ogg src_chans=1 src_rate=22050
qemu-system-i386: info: dcs-audio: decoded cmd=0x03ce name=S03CE frames=25136 peak=25475 rms=5891
qemu-system-i386: info: dcs-audio: [BAR4] execute_mixer 0x03ce d1=0xff7f d2=0x8180 → name=S03CE frames=25136 ch=3 vol=255 pan=127 (played #3)
qemu-system-i386: info: dcs-audio: ch4 END  (cmd=0x00ec name=S00EC frames=181272 cb_elapsed=192)
qemu-system-i386: info: dcs-audio: ch3 END  (cmd=0x03ce name=S03CE frames=25136 cb_elapsed=27)
qemu-system-i386: info: dcs-audio: [BAR4] execute_mixer 0x03ce d1=0xff7f d2=0x8180 → name=S03CE frames=25136 ch=3 vol=255 pan=127 (played #4)
qemu-system-i386: info: p2k-diag: cpu eip=0x001d96ae cs=0x0008 esp=0x003ffff0 eflags=0x00000202 cr0=0x60000011
qemu-system-i386: info: dcs-audio: ch3 END  (cmd=0x03ce name=S03CE frames=25136 cb_elapsed=27)
qemu-system-i386: info: dcs-audio: [BAR4] execute_mixer 0x03ce d1=0xff7f d2=0x8180 → name=S03CE frames=25136 ch=3 vol=255 pan=127 (played #5)
qemu-system-i386: info: p2k-timing #3 snap | clock=QEMU_CLOCK_VIRTUAL icount=off expected: pit0_div=298 pit0_mode=2 pit0_hz=4003.97 irq0_edges_pit_expected=48465 observed: irq0_raised=47693 irq0_replayed=0 clkint_entered=19797 eoi_seen=19797 delivery=41.5% replay=0.0% imr=60 irr=00 isr=00 base=20 idt20=0x001cc4be handler=clkint clkint_hook=0x001cc4be shim=0 wall=12.909s vtime=12.104s scale=0.938x host_slow=yes pic_base=0x20
qemu-system-i386: info: p2k-latency snap | raise->clkint p50=68us p95=164us p99=194us max=285us max_total=1651us n=4096 | pdb05 count=19700
qemu-system-i386: info: p2k-pdb05 snap | pdb05_wall_delta   p50=611us p95=950us p99=1131us max=15671us max_total=31005us n=4096
qemu-system-i386: info: p2k-pdb05 snap | pdb05_wall_total   p50=611us p95=950us p99=1131us max=15671us max_total=40191us n=4096
qemu-system-i386: info: p2k-pdb05 snap | pdb05_vtime_delta  p50=611us p95=950us p99=1131us max=15671us max_total=31005us n=4096
qemu-system-i386: info: p2k-pdb05 snap | pdb05_vtime_total  p50=611us p95=950us p99=1131us max=15671us max_total=40191us n=4096
qemu-system-i386: info: p2k-xinu-drift snap | period_ms=0.250 | total: wall=12909.2ms vtime=12104.1ms xinu=4944.3ms drift=0.383 | delta: wall=3029.6ms vtime=3029.6ms xinu=1332.7ms drift=0.440
qemu-system-i386: info: p2k-segment snap | raise_intack  p50=64us p95=156us p99=186us max=279us max_total=1646us n=4096
qemu-system-i386: info: p2k-segment snap | intack_entry  p50=5us p95=7us p99=20us max=145us max_total=530us n=4096
qemu-system-i386: info: p2k-segment snap | entry_eoi     p50=1us p95=2us p99=3us max=140us max_total=182us n=4096
qemu-system-i386: info: p2k-segment snap | eoi_iret      p50=46us p95=106us p99=254us max=7888us max_total=10673us n=4096
qemu-system-i386: info: p2k-segment snap | iret_raise    p50=469us p95=797us p99=946us max=15141us max_total=35452us n=4096
qemu-system-i386: info: p2k-segment snap | coverage intack_seen=19797 iret_seen=18339 (vs clkint_entered=19797)
qemu-system-i386: info: p2k-pit-deadline snap | arms=18339 fires=16129 period_ns=249752
qemu-system-i386: info: p2k-eoi-eip snap | 0x001cc4be:19797 
qemu-system-i386: info: p2k-diag: cpu eip=0x001d96ae cs=0x0008 esp=0x003ffff0 eflags=0x00000202 cr0=0x60000011
qemu-system-i386: info: dcs-audio: ch3 END  (cmd=0x03ce name=S03CE frames=25136 cb_elapsed=26)
qemu-system-i386: info: dcs-audio: [BAR4] execute_mixer 0x03ce d1=0xff7f d2=0x8180 → name=S03CE frames=25136 ch=3 vol=255 pan=127 (played #6)
qemu-system-i386: info: p2k-diag: PIC master imr=ff irr=00 isr=00 base=20
qemu-system-i386: info: p2k-diag: PIC master imr=60 irr=01 isr=00 base=20
qemu-system-i386: info: dcs-audio: ch3 END  (cmd=0x03ce name=S03CE frames=25136 cb_elapsed=27)
qemu-system-i386: info: dcs-audio: [BAR4] execute_mixer 0x03ce d1=0xff7f d2=0x8180 → name=S03CE frames=25136 ch=3 vol=255 pan=127 (played #7)
qemu-system-i386: info: p2k-diag: cpu eip=0x001d96ae cs=0x0008 esp=0x003ffff0 eflags=0x00000202 cr0=0x60000011
qemu-system-i386: info: dcs-audio: ch3 END  (cmd=0x03ce name=S03CE frames=25136 cb_elapsed=27)
qemu-system-i386: info: p2k-diag: cpu eip=0x001d96ae cs=0x0008 esp=0x003ffff0 eflags=0x00000202 cr0=0x60000011
qemu-system-i386: info: p2k-timing #4 snap | clock=QEMU_CLOCK_VIRTUAL icount=off expected: pit0_div=298 pit0_mode=2 pit0_hz=4003.97 irq0_edges_pit_expected=60591 observed: irq0_raised=59819 irq0_replayed=0 clkint_entered=25150 eoi_seen=25150 delivery=42.0% replay=0.0% imr=60 irr=01 isr=00 base=20 idt20=0x001cc4be handler=clkint clkint_hook=0x001cc4be shim=0 wall=15.938s vtime=15.133s scale=0.949x host_slow=yes pic_base=0x20
qemu-system-i386: info: p2k-latency snap | raise->clkint p50=60us p95=127us p99=171us max=246us max_total=1651us n=4096 | pdb05 count=25053
qemu-system-i386: info: p2k-pdb05 snap | pdb05_wall_delta   p50=621us p95=993us p99=1140us max=3258us max_total=28961us n=4096
qemu-system-i386: info: p2k-pdb05 snap | pdb05_wall_total   p50=621us p95=993us p99=1140us max=3258us max_total=40191us n=4096
qemu-system-i386: info: p2k-pdb05 snap | pdb05_vtime_delta  p50=621us p95=993us p99=1140us max=3258us max_total=28961us n=4096
qemu-system-i386: info: p2k-pdb05 snap | pdb05_vtime_total  p50=621us p95=993us p99=1140us max=3258us max_total=40191us n=4096
qemu-system-i386: info: p2k-xinu-drift snap | period_ms=0.250 | total: wall=15937.8ms vtime=15132.7ms xinu=6281.3ms drift=0.394 | delta: wall=3028.6ms vtime=3028.6ms xinu=1336.9ms drift=0.441
qemu-system-i386: info: p2k-segment snap | raise_intack  p50=55us p95=122us p99=167us max=242us max_total=1646us n=4096
qemu-system-i386: info: p2k-segment snap | intack_entry  p50=5us p95=6us p99=10us max=73us max_total=530us n=4096
qemu-system-i386: info: p2k-segment snap | entry_eoi     p50=1us p95=2us p99=2us max=52us max_total=182us n=4096
qemu-system-i386: info: p2k-segment snap | eoi_iret      p50=46us p95=103us p99=201us max=2934us max_total=10673us n=4096
qemu-system-i386: info: p2k-segment snap | iret_raise    p50=496us p95=876us p99=983us max=1980us max_total=35452us n=4096
qemu-system-i386: info: p2k-segment snap | coverage intack_seen=25150 iret_seen=23379 (vs clkint_entered=25150)
qemu-system-i386: info: p2k-pit-deadline snap | arms=23379 fires=20473 period_ns=249752
qemu-system-i386: info: p2k-eoi-eip snap | 0x001cc4be:25150 
qemu-system-i386: info: p2k-diag: cpu eip=0x001d96ae cs=0x0008 esp=0x003ffff0 eflags=0x00000202 cr0=0x60000011
qemu-system-i386: info: p2k-diag: cpu eip=0x001d96ae cs=0x0008 esp=0x003ffff0 eflags=0x00000202 cr0=0x60000011
qemu-system-i386: info: p2k-diag: cpu eip=0x001d96ae cs=0x0008 esp=0x003ffff0 eflags=0x00000202 cr0=0x60000011
qemu-system-i386: info: p2k-timing #5 snap | clock=QEMU_CLOCK_VIRTUAL icount=off expected: pit0_div=298 pit0_mode=2 pit0_hz=4003.97 irq0_edges_pit_expected=72715 observed: irq0_raised=71944 irq0_replayed=0 clkint_entered=30536 eoi_seen=30536 delivery=42.4% replay=0.0% imr=60 irr=01 isr=00 base=20 idt20=0x001cc4be handler=clkint clkint_hook=0x001cc4be shim=0 wall=18.966s vtime=18.161s scale=0.958x host_slow=no pic_base=0x20
qemu-system-i386: info: p2k-latency snap | raise->clkint p50=61us p95=130us p99=179us max=447us max_total=1651us n=4096 | pdb05 count=30439
qemu-system-i386: info: p2k-pdb05 snap | pdb05_wall_delta   p50=622us p95=973us p99=1125us max=2562us max_total=29336us n=4096
qemu-system-i386: info: p2k-pdb05 snap | pdb05_wall_total   p50=622us p95=973us p99=1125us max=2562us max_total=40191us n=4096
qemu-system-i386: info: p2k-pdb05 snap | pdb05_vtime_delta  p50=622us p95=973us p99=1125us max=2562us max_total=29336us n=4096
qemu-system-i386: info: p2k-pdb05 snap | pdb05_vtime_total  p50=622us p95=973us p99=1125us max=2562us max_total=40191us n=4096
qemu-system-i386: info: p2k-xinu-drift snap | period_ms=0.250 | total: wall=18965.9ms vtime=18160.8ms xinu=7626.4ms drift=0.402 | delta: wall=3028.1ms vtime=3028.1ms xinu=1345.2ms drift=0.444
qemu-system-i386: info: p2k-segment snap | raise_intack  p50=56us p95=124us p99=170us max=417us max_total=1646us n=4096
qemu-system-i386: info: p2k-segment snap | intack_entry  p50=5us p95=6us p99=10us max=143us max_total=530us n=4096
qemu-system-i386: info: p2k-segment snap | entry_eoi     p50=1us p95=2us p99=3us max=34us max_total=182us n=4096
qemu-system-i386: info: p2k-segment snap | eoi_iret      p50=46us p95=102us p99=214us max=528us max_total=10673us n=4096
qemu-system-i386: info: p2k-segment snap | iret_raise    p50=503us p95=853us p99=977us max=1113us max_total=35452us n=4096
qemu-system-i386: info: p2k-segment snap | coverage intack_seen=30536 iret_seen=28460 (vs clkint_entered=30536)
qemu-system-i386: info: p2k-pit-deadline snap | arms=28460 fires=24849 period_ns=249752
qemu-system-i386: info: p2k-eoi-eip snap | 0x001cc4be:30536 
qemu-system-i386: info: p2k-diag: cpu eip=0x001d96ae cs=0x0008 esp=0x003ffff0 eflags=0x00000202 cr0=0x60000011
qemu-system-i386: info: p2k-diag: PIC master imr=ff irr=00 isr=00 base=20
qemu-system-i386: info: p2k-diag: cpu eip=0x001d836d cs=0x0008 esp=0x003fff48 eflags=0x00000002 cr0=0x60000011
qemu-system-i386: info: p2k-diag: PIC master imr=60 irr=00 isr=00 base=20
qemu-system-i386: info: p2k-diag: cpu eip=0x001d96ae cs=0x0008 esp=0x003ffff0 eflags=0x00000202 cr0=0x60000011
qemu-system-i386: info: p2k-timing #6 snap | clock=QEMU_CLOCK_VIRTUAL icount=off expected: pit0_div=298 pit0_mode=2 pit0_hz=4003.97 irq0_edges_pit_expected=84854 observed: irq0_raised=84081 irq0_replayed=0 clkint_entered=35911 eoi_seen=35911 delivery=42.7% replay=0.0% imr=60 irr=01 isr=00 base=20 idt20=0x001cc4be handler=clkint clkint_hook=0x001cc4be shim=0 wall=21.998s vtime=21.192s scale=0.963x host_slow=no pic_base=0x20
qemu-system-i386: info: p2k-latency snap | raise->clkint p50=61us p95=135us p99=189us max=622us max_total=1651us n=4096 | pdb05 count=35814
qemu-system-i386: info: p2k-pdb05 snap | pdb05_wall_delta   p50=625us p95=960us p99=1119us max=3961us max_total=32261us n=4096
qemu-system-i386: info: p2k-pdb05 snap | pdb05_wall_total   p50=625us p95=960us p99=1119us max=3961us max_total=40191us n=4096
qemu-system-i386: info: p2k-pdb05 snap | pdb05_vtime_delta  p50=625us p95=960us p99=1119us max=3961us max_total=32261us n=4096
qemu-system-i386: info: p2k-pdb05 snap | pdb05_vtime_total  p50=625us p95=960us p99=1119us max=3961us max_total=40191us n=4096
qemu-system-i386: info: p2k-xinu-drift snap | period_ms=0.250 | total: wall=21997.5ms vtime=21192.4ms xinu=8968.9ms drift=0.408 | delta: wall=3031.6ms vtime=3031.6ms xinu=1342.4ms drift=0.443
qemu-system-i386: info: p2k-segment snap | raise_intack  p50=56us p95=129us p99=183us max=617us max_total=1646us n=4096
qemu-system-i386: info: p2k-segment snap | intack_entry  p50=5us p95=7us p99=10us max=70us max_total=530us n=4096
qemu-system-i386: info: p2k-segment snap | entry_eoi     p50=1us p95=2us p99=3us max=135us max_total=182us n=4096
qemu-system-i386: info: p2k-segment snap | eoi_iret      p50=47us p95=111us p99=218us max=515us max_total=10673us n=4096
qemu-system-i386: info: p2k-segment snap | iret_raise    p50=495us p95=842us p99=970us max=3857us max_total=35452us n=4096
qemu-system-i386: info: p2k-segment snap | coverage intack_seen=35911 iret_seen=33505 (vs clkint_entered=35911)
qemu-system-i386: info: p2k-pit-deadline snap | arms=33505 fires=29201 period_ns=249752
qemu-system-i386: info: p2k-eoi-eip snap | 0x001cc4be:35911 
qemu-system-i386: info: p2k-diag: cpu eip=0x001d96ae cs=0x0008 esp=0x003ffff0 eflags=0x00000202 cr0=0x60000011
qemu-system-i386: info: p2k-diag: cpu eip=0x0023b589 cs=0x0008 esp=0x003f7ee8 eflags=0x00000202 cr0=0x60000011
qemu-system-i386: info: p2k-diag: cpu eip=0x001d96ae cs=0x0008 esp=0x003ffff0 eflags=0x00000202 cr0=0x60000011
qemu-system-i386: info: p2k-diag: PIC master imr=ff irr=00 isr=00 base=20
qemu-system-i386: info: p2k-timing #7 snap | clock=QEMU_CLOCK_VIRTUAL icount=off expected: pit0_div=298 pit0_mode=2 pit0_hz=4003.97 irq0_edges_pit_expected=96981 observed: irq0_raised=96208 irq0_replayed=0 clkint_entered=41226 eoi_seen=41226 delivery=42.9% replay=0.0% imr=60 irr=01 isr=00 base=20 idt20=0x001cc4be handler=clkint clkint_hook=0x001cc4be shim=0 wall=25.026s vtime=24.221s scale=0.968x host_slow=no pic_base=0x20
qemu-system-i386: info: p2k-latency snap | raise->clkint p50=60us p95=118us p99=169us max=401us max_total=1651us n=4096 | pdb05 count=41129
qemu-system-i386: info: p2k-pdb05 snap | pdb05_wall_delta   p50=638us p95=986us p99=1096us max=6769us max_total=29592us n=4096
qemu-system-i386: info: p2k-pdb05 snap | pdb05_wall_total   p50=638us p95=986us p99=1096us max=6769us max_total=40191us n=4096
qemu-system-i386: info: p2k-pdb05 snap | pdb05_vtime_delta  p50=638us p95=986us p99=1096us max=6769us max_total=29592us n=4096
qemu-system-i386: info: p2k-pdb05 snap | pdb05_vtime_total  p50=638us p95=986us p99=1096us max=6769us max_total=40191us n=4096
qemu-system-i386: info: p2k-xinu-drift snap | period_ms=0.250 | total: wall=25026.2ms vtime=24221.1ms xinu=10296.3ms drift=0.411 | delta: wall=3028.7ms vtime=3028.7ms xinu=1327.4ms drift=0.438
qemu-system-i386: info: p2k-segment snap | raise_intack  p50=55us p95=112us p99=158us max=395us max_total=1646us n=4096
qemu-system-i386: info: p2k-segment snap | intack_entry  p50=5us p95=6us p99=11us max=99us max_total=530us n=4096
qemu-system-i386: info: p2k-segment snap | entry_eoi     p50=1us p95=2us p99=3us max=18us max_total=182us n=4096
qemu-system-i386: info: p2k-segment snap | eoi_iret      p50=46us p95=97us p99=199us max=3908us max_total=10673us n=4096
qemu-system-i386: info: p2k-segment snap | iret_raise    p50=516us p95=878us p99=956us max=5683us max_total=35452us n=4096
qemu-system-i386: info: p2k-segment snap | coverage intack_seen=41226 iret_seen=38534 (vs clkint_entered=41226)
qemu-system-i386: info: p2k-pit-deadline snap | arms=38534 fires=33505 period_ns=249752
qemu-system-i386: info: p2k-eoi-eip snap | 0x001cc4be:41226 
qemu-system-i386: info: p2k-diag: PIC master imr=60 irr=01 isr=00 base=20
qemu-system-i386: info: p2k-diag: cpu eip=0x0023b53c cs=0x0008 esp=0x003f7ee8 eflags=0x00000202 cr0=0x60000011
qemu-system-i386: info: p2k-diag: cpu eip=0x001d96ae cs=0x0008 esp=0x003ffff0 eflags=0x00000202 cr0=0x60000011
qemu-system-i386: info: p2k-diag: cpu eip=0x0023b750 cs=0x0008 esp=0x003f7ee4 eflags=0x00000202 cr0=0x60000011
qemu-system-i386: info: p2k-diag: PIC master imr=ff irr=01 isr=00 base=20
qemu-system-i386: info: p2k-diag: PIC master imr=60 irr=01 isr=00 base=20
qemu-system-i386: info: p2k-timing #8 snap | clock=QEMU_CLOCK_VIRTUAL icount=off expected: pit0_div=298 pit0_mode=2 pit0_hz=4003.97 irq0_edges_pit_expected=109118 observed: irq0_raised=108346 irq0_replayed=0 clkint_entered=46578 eoi_seen=46578 delivery=43.0% replay=0.0% imr=60 irr=01 isr=00 base=20 idt20=0x001cc4be handler=clkint clkint_hook=0x001cc4be shim=0 wall=28.058s vtime=27.252s scale=0.971x host_slow=no pic_base=0x20
qemu-system-i386: info: p2k-latency snap | raise->clkint p50=60us p95=148us p99=184us max=407us max_total=1651us n=4096 | pdb05 count=46481
qemu-system-i386: info: p2k-pdb05 snap | pdb05_wall_delta   p50=617us p95=973us p99=1114us max=7999us max_total=33707us n=4096
qemu-system-i386: info: p2k-pdb05 snap | pdb05_wall_total   p50=617us p95=973us p99=1114us max=7999us max_total=40191us n=4096
qemu-system-i386: info: p2k-pdb05 snap | pdb05_vtime_delta  p50=617us p95=973us p99=1114us max=7999us max_total=33707us n=4096
qemu-system-i386: info: p2k-pdb05 snap | pdb05_vtime_total  p50=617us p95=973us p99=1114us max=7999us max_total=40191us n=4096
qemu-system-i386: info: p2k-xinu-drift snap | period_ms=0.250 | total: wall=28057.5ms vtime=27252.4ms xinu=11633.0ms drift=0.415 | delta: wall=3031.3ms vtime=3031.3ms xinu=1336.7ms drift=0.441
qemu-system-i386: info: p2k-segment snap | raise_intack  p50=55us p95=142us p99=176us max=400us max_total=1646us n=4096
qemu-system-i386: info: p2k-segment snap | intack_entry  p50=5us p95=6us p99=9us max=261us max_total=530us n=4096
qemu-system-i386: info: p2k-segment snap | entry_eoi     p50=1us p95=2us p99=3us max=77us max_total=182us n=4096
qemu-system-i386: info: p2k-segment snap | eoi_iret      p50=46us p95=99us p99=202us max=512us max_total=10673us n=4096
qemu-system-i386: info: p2k-segment snap | iret_raise    p50=494us p95=855us p99=947us max=7455us max_total=35452us n=4096
qemu-system-i386: info: p2k-segment snap | coverage intack_seen=46578 iret_seen=43590 (vs clkint_entered=46578)
qemu-system-i386: info: p2k-pit-deadline snap | arms=43590 fires=37855 period_ns=249752
qemu-system-i386: info: p2k-eoi-eip snap | 0x001cc4be:46578 
qemu-system-i386: info: p2k-diag: cpu eip=0x001d96ae cs=0x0008 esp=0x003ffff0 eflags=0x00000202 cr0=0x60000011
qemu-system-i386: info: p2k-diag: PIC master imr=ff irr=01 isr=00 base=20
qemu-system-i386: info: p2k-diag: PIC master imr=60 irr=01 isr=00 base=20
qemu-system-i386: info: p2k-diag: PIC master imr=ff irr=00 isr=00 base=20
qemu-system-i386: info: p2k-diag: PIC master imr=60 irr=01 isr=00 base=20
qemu-system-i386: info: p2k-diag: cpu eip=0x001d96ae cs=0x0008 esp=0x003ffff0 eflags=0x00000202 cr0=0x60000011
qemu-system-i386: info: p2k-diag: cpu eip=0x001d96ae cs=0x0008 esp=0x003ffff0 eflags=0x00000202 cr0=0x60000011
qemu-system-i386: info: p2k-timing #9 snap | clock=QEMU_CLOCK_VIRTUAL icount=off expected: pit0_div=298 pit0_mode=2 pit0_hz=4003.97 irq0_edges_pit_expected=121245 observed: irq0_raised=120474 irq0_replayed=0 clkint_entered=51765 eoi_seen=51765 delivery=43.0% replay=0.0% imr=60 irr=01 isr=00 base=20 idt20=0x001cc4be handler=clkint clkint_hook=0x001cc4be shim=0 wall=31.086s vtime=30.281s scale=0.974x host_slow=no pic_base=0x20
qemu-system-i386: info: p2k-latency snap | raise->clkint p50=61us p95=153us p99=190us max=283us max_total=1651us n=4096 | pdb05 count=51668
qemu-system-i386: info: p2k-pdb05 snap | pdb05_wall_delta   p50=625us p95=994us p99=1229us max=7632us max_total=30030us n=4096
qemu-system-i386: info: p2k-pdb05 snap | pdb05_wall_total   p50=625us p95=994us p99=1229us max=7632us max_total=40191us n=4096
qemu-system-i386: info: p2k-pdb05 snap | pdb05_vtime_delta  p50=625us p95=994us p99=1229us max=7632us max_total=30030us n=4096
qemu-system-i386: info: p2k-pdb05 snap | pdb05_vtime_total  p50=625us p95=994us p99=1229us max=7632us max_total=40191us n=4096
qemu-system-i386: info: p2k-xinu-drift snap | period_ms=0.250 | total: wall=31086.3ms vtime=30281.2ms xinu=12928.4ms drift=0.416 | delta: wall=3028.8ms vtime=3028.8ms xinu=1295.5ms drift=0.428
qemu-system-i386: info: p2k-segment snap | raise_intack  p50=56us p95=148us p99=182us max=278us max_total=1646us n=4096
qemu-system-i386: info: p2k-segment snap | intack_entry  p50=5us p95=6us p99=10us max=61us max_total=530us n=4096
qemu-system-i386: info: p2k-segment snap | entry_eoi     p50=1us p95=2us p99=3us max=93us max_total=182us n=4096
qemu-system-i386: info: p2k-segment snap | eoi_iret      p50=46us p95=98us p99=183us max=613us max_total=10673us n=4096
qemu-system-i386: info: p2k-segment snap | iret_raise    p50=497us p95=874us p99=1057us max=7264us max_total=35452us n=4096
qemu-system-i386: info: p2k-segment snap | coverage intack_seen=51765 iret_seen=48421 (vs clkint_entered=51765)
qemu-system-i386: info: p2k-pit-deadline snap | arms=48421 fires=42098 period_ns=249752
qemu-system-i386: info: p2k-eoi-eip snap | 0x001cc4be:51765 
qemu-system-i386: info: p2k-diag: cpu eip=0x001d96ae cs=0x0008 esp=0x003ffff0 eflags=0x00000202 cr0=0x60000011
qemu-system-i386: info: p2k-diag: PIC master imr=ff irr=00 isr=00 base=20
qemu-system-i386: info: p2k-diag: PIC master imr=60 irr=01 isr=00 base=20
qemu-system-i386: info: p2k-diag: cpu eip=0x001d96ae cs=0x0008 esp=0x003ffff0 eflags=0x00000202 cr0=0x60000011
qemu-system-i386: info: p2k-diag: cpu eip=0x001d96ae cs=0x0008 esp=0x003ffff0 eflags=0x00000202 cr0=0x60000011
qemu-system-i386: info: p2k-diag: PIC master imr=ff irr=00 isr=00 base=20
qemu-system-i386: info: p2k-timing #10 snap | clock=QEMU_CLOCK_VIRTUAL icount=off expected: pit0_div=298 pit0_mode=2 pit0_hz=4003.97 irq0_edges_pit_expected=133361 observed: irq0_raised=132590 irq0_replayed=0 clkint_entered=57079 eoi_seen=57079 delivery=43.0% replay=0.0% imr=60 irr=01 isr=00 base=20 idt20=0x001cc4be handler=clkint clkint_hook=0x001cc4be shim=0 wall=34.112s vtime=33.307s scale=0.976x host_slow=no pic_base=0x20
qemu-system-i386: info: p2k-latency snap | raise->clkint p50=61us p95=151us p99=192us max=590us max_total=1651us n=4096 | pdb05 count=56982
qemu-system-i386: info: p2k-pdb05 snap | pdb05_wall_delta   p50=627us p95=981us p99=1101us max=2647us max_total=27110us n=4096
qemu-system-i386: info: p2k-pdb05 snap | pdb05_wall_total   p50=627us p95=981us p99=1101us max=2647us max_total=40191us n=4096
qemu-system-i386: info: p2k-pdb05 snap | pdb05_vtime_delta  p50=627us p95=981us p99=1101us max=2647us max_total=27110us n=4096
qemu-system-i386: info: p2k-pdb05 snap | pdb05_vtime_total  p50=627us p95=981us p99=1101us max=2647us max_total=40191us n=4096
qemu-system-i386: info: p2k-xinu-drift snap | period_ms=0.250 | total: wall=34112.4ms vtime=33307.3ms xinu=14255.6ms drift=0.418 | delta: wall=3026.1ms vtime=3026.1ms xinu=1327.2ms drift=0.439
qemu-system-i386: info: p2k-segment snap | raise_intack  p50=56us p95=145us p99=186us max=585us max_total=1646us n=4096
qemu-system-i386: info: p2k-segment snap | intack_entry  p50=5us p95=6us p99=9us max=198us max_total=530us n=4096
qemu-system-i386: info: p2k-segment snap | entry_eoi     p50=1us p95=2us p99=3us max=153us max_total=182us n=4096
qemu-system-i386: info: p2k-segment snap | eoi_iret      p50=46us p95=96us p99=200us max=526us max_total=10673us n=4096
qemu-system-i386: info: p2k-segment snap | iret_raise    p50=503us p95=860us p99=956us max=2553us max_total=35452us n=4096
qemu-system-i386: info: p2k-segment snap | coverage intack_seen=57079 iret_seen=53387 (vs clkint_entered=57079)
qemu-system-i386: info: p2k-pit-deadline snap | arms=53387 fires=46438 period_ns=249752
qemu-system-i386: info: p2k-eoi-eip snap | 0x001cc4be:57079 
qemu-system-i386: info: p2k-diag: PIC master imr=60 irr=01 isr=00 base=20
qemu-system-i386: info: p2k-diag: cpu eip=0x001d96ae cs=0x0008 esp=0x003ffff0 eflags=0x00000202 cr0=0x60000011
qemu-system-i386: info: p2k-diag: cpu eip=0x001d96ae cs=0x0008 esp=0x003ffff0 eflags=0x00000202 cr0=0x60000011
qemu-system-i386: info: p2k-diag: cpu eip=0x001d96ae cs=0x0008 esp=0x003ffff0 eflags=0x00000202 cr0=0x60000011
qemu-system-i386: info: p2k-timing #11 snap | clock=QEMU_CLOCK_VIRTUAL icount=off expected: pit0_div=298 pit0_mode=2 pit0_hz=4003.97 irq0_edges_pit_expected=145485 observed: irq0_raised=144714 irq0_replayed=0 clkint_entered=62411 eoi_seen=62411 delivery=43.1% replay=0.0% imr=60 irr=01 isr=00 base=20 idt20=0x001cc4be handler=clkint clkint_hook=0x001cc4be shim=0 wall=37.140s vtime=36.335s scale=0.978x host_slow=no pic_base=0x20
qemu-system-i386: info: p2k-latency snap | raise->clkint p50=62us p95=145us p99=188us max=1570us max_total=1651us n=4096 | pdb05 count=62314
qemu-system-i386: info: p2k-pdb05 snap | pdb05_wall_delta   p50=637us p95=983us p99=1124us max=4618us max_total=30379us n=4096
qemu-system-i386: info: p2k-pdb05 snap | pdb05_wall_total   p50=637us p95=983us p99=1124us max=4618us max_total=40191us n=4096
qemu-system-i386: info: p2k-pdb05 snap | pdb05_vtime_delta  p50=637us p95=984us p99=1124us max=4617us max_total=30379us n=4096
qemu-system-i386: info: p2k-pdb05 snap | pdb05_vtime_total  p50=637us p95=984us p99=1124us max=4617us max_total=40191us n=4096
qemu-system-i386: info: p2k-xinu-drift snap | period_ms=0.250 | total: wall=37140.4ms vtime=36335.3ms xinu=15587.3ms drift=0.420 | delta: wall=3028.0ms vtime=3028.0ms xinu=1331.7ms drift=0.440
qemu-system-i386: info: p2k-segment snap | raise_intack  p50=57us p95=139us p99=183us max=1557us max_total=1646us n=4096
qemu-system-i386: info: p2k-segment snap | intack_entry  p50=5us p95=7us p99=15us max=67us max_total=530us n=4096
qemu-system-i386: info: p2k-segment snap | entry_eoi     p50=1us p95=2us p99=3us max=54us max_total=182us n=4096
qemu-system-i386: info: p2k-segment snap | eoi_iret      p50=48us p95=110us p99=218us max=662us max_total=10673us n=4096
qemu-system-i386: info: p2k-segment snap | iret_raise    p50=508us p95=853us p99=959us max=3232us max_total=35452us n=4096
qemu-system-i386: info: p2k-segment snap | coverage intack_seen=62411 iret_seen=58412 (vs clkint_entered=62411)
qemu-system-i386: info: p2k-pit-deadline snap | arms=58412 fires=50707 period_ns=249752
qemu-system-i386: info: p2k-eoi-eip snap | 0x001cc4be:62411 
qemu-system-i386: info: p2k-diag: cpu eip=0x0023b771 cs=0x0008 esp=0x003f7ee4 eflags=0x00000202 cr0=0x60000011
qemu-system-i386: info: p2k-diag: PIC master imr=ff irr=00 isr=00 base=20
qemu-system-i386: info: p2k-diag: PIC master imr=60 irr=01 isr=00 base=20
qemu-system-i386: info: p2k-diag: cpu eip=0x001d96ae cs=0x0008 esp=0x003ffff0 eflags=0x00000202 cr0=0x60000011
qemu-system-i386: terminating on signal 15 from pid 94879 (timeout)
qemu-system-i386: info: p2k-timing #12 exit | clock=QEMU_CLOCK_VIRTUAL icount=off expected: pit0_div=298 pit0_mode=2 pit0_hz=4003.97 irq0_edges_pit_expected=153676 observed: irq0_raised=152897 irq0_replayed=0 clkint_entered=65859 eoi_seen=65859 delivery=43.1% replay=0.0% imr=60 irr=00 isr=00 base=20 idt20=0x001cc4be handler=clkint clkint_hook=0x001cc4be shim=0 wall=39.187s vtime=38.381s scale=0.979x host_slow=no pic_base=0x20
qemu-system-i386: info: p2k-latency exit | raise->clkint p50=63us p95=147us p99=205us max=1983us max_total=1983us n=4096 | pdb05 count=65762
qemu-system-i386: info: p2k-pdb05 exit | pdb05_wall_delta   p50=642us p95=995us p99=1147us max=28146us max_total=28146us n=3448
qemu-system-i386: info: p2k-pdb05 exit | pdb05_wall_total   p50=641us p95=995us p99=1154us max=28146us max_total=40191us n=4096
qemu-system-i386: info: p2k-pdb05 exit | pdb05_vtime_delta  p50=642us p95=995us p99=1147us max=28146us max_total=28146us n=3448
qemu-system-i386: info: p2k-pdb05 exit | pdb05_vtime_total  p50=641us p95=995us p99=1154us max=28146us max_total=40191us n=4096
qemu-system-i386: info: p2k-xinu-drift exit | period_ms=0.250 | total: wall=39186.6ms vtime=38380.9ms xinu=16448.4ms drift=0.420 | delta: wall=2046.3ms vtime=2045.7ms xinu=861.1ms drift=0.421
qemu-system-i386: info: p2k-segment exit | raise_intack  p50=58us p95=141us p99=200us max=1962us max_total=1962us n=4096
qemu-system-i386: info: p2k-segment exit | intack_entry  p50=5us p95=7us p99=12us max=105us max_total=530us n=4096
qemu-system-i386: info: p2k-segment exit | entry_eoi     p50=1us p95=2us p99=3us max=57us max_total=182us n=4096
qemu-system-i386: info: p2k-segment exit | eoi_iret      p50=50us p95=119us p99=223us max=660us max_total=10673us n=4096
qemu-system-i386: info: p2k-segment exit | iret_raise    p50=506us p95=857us p99=968us max=5310us max_total=35452us n=4096
qemu-system-i386: info: p2k-segment exit | coverage intack_seen=65859 iret_seen=61654 (vs clkint_entered=65859)
qemu-system-i386: info: p2k-pit-deadline exit | arms=61654 fires=53516 period_ns=249752
qemu-system-i386: info: p2k-eoi-eip exit | 0x001cc4be:65859 
qemu-system-i386: info: pinball2000: P2K_NO_SAVEDATA set — discarding BAR3 flash changes
qemu-system-i386: info: pinball2000: P2K_NO_SAVEDATA set — discarding SEEPROM changes
qemu-system-i386: info: pinball2000: P2K_NO_SAVEDATA set — discarding BAR2 NVRAM changes
