[run-qemu] audio: auto-selected pa (host: pulse running, qemu: pa supported)
[run-qemu] --update none → museum mode (P2K_NO_AUTO_UPDATE=1)
[run-qemu] read-only savedata: P2K_NO_SAVEDATA=1; running in /mnt/hgfs/encore_forensic/composis/Encore-Pinball2000/.run-qemu.zB0hgx (no savedata/ subdir)
[run-qemu] cwd=/mnt/hgfs/encore_forensic/composis/Encore-Pinball2000/.run-qemu.zB0hgx
[run-qemu] /home/encore/.cache/p2k-qemu-build/qemu-10.0.8/build/qemu-system-i386 -M pinball2000,game=rfm,roms-dir=/mnt/hgfs/encore_forensic/composis/Encore-Pinball2000/roms -no-reboot -m 16 -display none -serial null -audio driver=pa 
qemu-system-i386: info: pinball2000: loaded /mnt/hgfs/encore_forensic/composis/Encore-Pinball2000/roms/rfm_u100.rom (8388608 bytes -> chip0 16-bit lane)
qemu-system-i386: info: pinball2000: loaded /mnt/hgfs/encore_forensic/composis/Encore-Pinball2000/roms/rfm_u101.rom (8388608 bytes -> chip1 16-bit lane)
qemu-system-i386: info: pinball2000: loaded /mnt/hgfs/encore_forensic/composis/Encore-Pinball2000/roms/rfm_u102.rom (8388608 bytes -> chip0 16-bit lane)
qemu-system-i386: info: pinball2000: loaded /mnt/hgfs/encore_forensic/composis/Encore-Pinball2000/roms/rfm_u103.rom (8388608 bytes -> chip1 16-bit lane)
qemu-system-i386: info: pinball2000: loaded /mnt/hgfs/encore_forensic/composis/Encore-Pinball2000/roms/rfm_u104.rom (8388608 bytes -> chip0 16-bit lane)
qemu-system-i386: info: pinball2000: loaded /mnt/hgfs/encore_forensic/composis/Encore-Pinball2000/roms/rfm_u105.rom (8388608 bytes -> chip1 16-bit lane)
qemu-system-i386: info: pinball2000: loaded /mnt/hgfs/encore_forensic/composis/Encore-Pinball2000/roms/rfm_u106.rom (8388608 bytes -> chip0 16-bit lane)
qemu-system-i386: info: pinball2000: loaded /mnt/hgfs/encore_forensic/composis/Encore-Pinball2000/roms/rfm_u107.rom (8388608 bytes -> chip1 16-bit lane)
qemu-system-i386: info: pinball2000: loaded /mnt/hgfs/encore_forensic/composis/Encore-Pinball2000/roms/rfm_u109.bin (4194304 bytes -> chip0 16-bit lane)
qemu-system-i386: info: pinball2000: loaded /mnt/hgfs/encore_forensic/composis/Encore-Pinball2000/roms/rfm_u110.bin (4194304 bytes -> chip1 16-bit lane)
qemu-system-i386: info: pinball2000: mapped p2k.optrom           @ 0x000c0000 (32 KiB)
qemu-system-i386: info: pinball2000: loaded /mnt/hgfs/encore_forensic/composis/Encore-Pinball2000/roms/bios.bin (65536 bytes -> BIOS)
qemu-system-i386: info: pinball2000: mapped p2k.bios-shadow      @ 0x000f0000 (64 KiB, RW)
qemu-system-i386: info: pinball2000: mapped p2k.bios-reset       @ 0xffff0000 (64 KiB)
qemu-system-i386: info: pinball2000: mapped p2k.plx-bank0        @ 0x08000000 (16384 KiB)
qemu-system-i386: info: pinball2000: mapped p2k.plx-bank1        @ 0x08800000 (16384 KiB)
qemu-system-i386: info: pinball2000: mapped p2k.plx-bank2        @ 0x09800000 (16384 KiB)
qemu-system-i386: info: pinball2000: mapped p2k.plx-bank3        @ 0x0a800000 (16384 KiB)
qemu-system-i386: info: pinball2000: mapped p2k.dcs-cs3          @ 0x0b800000 (8192 KiB)
qemu-system-i386: info: pinball2000: mapped p2k.dcs-rombar       @ 0x18000000 (8192 KiB)
qemu-system-i386: info: pinball2000: mapped p2k.bar5-bank0       @ 0x14000000 (16384 KiB)
qemu-system-i386: info: pinball2000: mapped p2k.bar5-bank1       @ 0x15000000 (16384 KiB)
qemu-system-i386: info: pinball2000: mapped p2k.bar5-bank2       @ 0x16000000 (16384 KiB)
qemu-system-i386: info: pinball2000: mapped p2k.bar5-bank3       @ 0x17000000 (16384 KiB)
qemu-system-i386: info: pinball2000: mapped p2k.bank0-alias      @ 0xff000000 (4096 KiB)
qemu-system-i386: info: pinball2000: Cyrix MediaGX TCG extensions ENABLED (0F 3B BB1_RESET, 0F 3C CPU_WRITE, 0F 3D CPU_READ implemented per databook §4.1.5/§4.1.6 + on-silicon scratchpad pipeline; 0F 36/37/39/3F log+UD; 0F 3A reserved for SSE4 dispatch). Stock i386 binaries are unaffected.
qemu-system-i386: info: pinball2000: installed ISA stubs (kbd/0x61/cmos/post/com1) [UART<->chardev bidir]
qemu-system-i386: info: pinball2000: SuperIO W83977EF (0x2E/0x2F), CC5530 (0xEA/0xEB) and port 0x61 toggler installed
qemu-system-i386: info: pinball2000: installed Cyrix CCR at I/O 0x22/0x23 (GCR[0xb8] reset=0x0d -> GX_base_p=0x40000000, scratchpad=4KB; storage is mutable)
qemu-system-i386: info: pinball2000: installed PCI cf8/cfc stub (MediaGX dev0, PRISM dev8, Cx5520 dev18)
qemu-system-i386: info: pinball2000: P2K_NO_SAVEDATA set — running in read-only savedata mode (no seed, no save)
qemu-system-i386: info: pinball2000: mapped p2k.bar2-sram        @ 0x11000000 (128 KiB SRAM + 16 MiB sentinel)
qemu-system-i386: info: pinball2000: PLX BAR0 regs+SEEPROM @ 0x10000000 (256 bytes)
qemu-system-i386: info: pinball2000: P2K_NO_AUTO_UPDATE set — leaving BAR3 all-0xFF (base-image path; known stall on SWE1, see qemu/NOTES.next.md)
qemu-system-i386: info: pinball2000: DCS BAR4 MMIO @ 0x13000000 (16 MiB) [shared core, mode=io-handled]
qemu-system-i386: info: pinball2000: DCS-2 UART installed at I/O 0x138-0x13f [shared core]
qemu-system-i386: info: dcs-audio: pb2kslib loaded 866 entries from /mnt/hgfs/encore_forensic/composis/Encore-Pinball2000/roms/rfm_sound.bin
qemu-system-i386: info: pinball2000: DCS audio installed (44100 Hz S16 mono, 8-voice mixer, 866 pb2k entries; P2K_NO_DCS_AUDIO=1 to disable)
qemu-system-i386: info: pinball2000: LPT driver-board installed at I/O 0x378-0x37a (STATUS=0x87, edge-detect dispatch; keys: F1 quit | F2 flip-Y | F3 screenshot | F4 door | F5/Enter pulse | F6/F9 actions | F7/F8 flippers | Space/S start | F10/C coin | F12 dump | Esc/Left service | Up/Down volume | Right enter)
qemu-system-i386: info: pinball2000: GP BLT engine MMIO at 0x40008100 size 0x110
qemu-system-i386: info: pinball2000: VSYNC ticker armed (~57 Hz frame, 30 sub-tick updates @ DC_TIMING2)
qemu-system-i386: info: pinball2000: BT-130 mem_detect patcher armed
qemu-system-i386: info: pinball2000: diag sampler ON (PIT/PIC/IDT/XINU-sched, every 100 ms; unset P2K_DIAG to silence)
qemu-system-i386: info: pinball2000: timing-audit armed (initial @3s, every 5s with P2K_DIAG=1; disable with P2K_NO_TIMING_AUDIT=1)
qemu-system-i386: info: pinball2000: BT-131 NIC LAN ROM shadow installed at 0xd0008 (8B read-only MMIO; MAC 00:00:c0:01:02:03 board_id=0x2a checksum=0x0f)
qemu-system-i386: info: p2k-probe-cell-shim: ACTIVE (P2K_NO_AUTO_UPDATE) — Unicorn-style probe-cell maintenance scheduled. This is a TEMPORARY compatibility bridge for --update none parity, NOT clean QEMU device behavior. Removal condition: when DCS/PLX9054 model returns the right value at the probe address natively, delete p2k-probe-cell-shim.c and stop calling p2k_install_probe_cell_shim() from pinball2000.c.
qemu-system-i386: info: pinball2000: machine ready (game=rfm, ram=16 MiB)
qemu-system-i386: info: pinball2000: PM entry CS:EIP=0008:000801d9 ESP=0008b000
qemu-system-i386: info: p2k-diag: PIT ch0 mode=3 gate=1 count=0 (18.21 Hz)
qemu-system-i386: info: p2k-diag: PIT ch1 mode=3 gate=1 count=0 (18.21 Hz)
qemu-system-i386: info: p2k-diag: PIT ch2 mode=3 gate=0 count=0 (18.21 Hz)
qemu-system-i386: info: p2k-diag: PIC master imr=00 irr=01 isr=00 base=00
qemu-system-i386: info: p2k-diag: IDT base=0x00000000 limit=0x0000
qemu-system-i386: info: p2k-diag: IDT[0x20] sel=0x0000 off=0x00000000 type=0x00 (IRQ0/PIT)
qemu-system-i386: info: p2k-diag: IDT[0x28] sel=0x0000 off=0x00000000 type=0x00 (IRQ8/RTC)
qemu-system-i386: info: p2k-diag: cpu eip=0x00080fff cs=0x0008 esp=0x0008afbc eflags=0x00000002 cr0=0x60000011
qemu-system-i386: info: p2k-probe-cell-shim: located probe cell at 0x00231d78 — phase=pre-XINU scribble=0x0000ffff every 50 ms; will flip to 0x00000000 once XINU installs clkint at IDT[0x20] (--update none compatibility bridge)
qemu-system-i386: info: p2k-diag: PIC master imr=ff irr=01 isr=00 base=20
qemu-system-i386: info: p2k-diag: IDT base=0x0024d324 limit=0x017f
qemu-system-i386: info: p2k-diag: IDT[0x20] sel=0x0008 off=0x001b8a9b type=0x8f (IRQ0/PIT)
qemu-system-i386: info: p2k-diag: IDT[0x28] sel=0x0008 off=0x001b8af3 type=0x8f (IRQ8/RTC)
qemu-system-i386: info: p2k-probe-cell-shim: phase=post-XINU (IDT[0x20]: panic-stub 0x001b8a9b → clkint 0x001af6ba) — switching scribble to 0x00000000 at [0x00231d78] so DCS probe returns PRESENT
qemu-system-i386: info: p2k-probe-cell-shim: first post-XINU scribble committed; awaiting first DCS command from guest
qemu-system-i386: info: pinball2000: BT-130 mem_detect patch applied at 0x001b9a55: 0x04 -> 0x0E (4 MiB -> 14 MiB pages)
qemu-system-i386: info: p2k-diag: PIT ch0 mode=2 gate=1 count=298 (4003.97 Hz)
qemu-system-i386: info: p2k-diag: IDT[0x20] sel=0x0008 off=0x001af6ba type=0x8f (IRQ0/PIT)
qemu-system-i386: info: pinball2000: irq0 missed-edge replay disabled (set P2K_IRQ_REPLAY=1 to enable legacy safety net)
qemu-system-i386: info: pinball2000: irq0-iret tb-exit ENABLED (Strategy-1) (set P2K_NO_IRQ0_IRET_TB_EXIT=1 to disable)
qemu-system-i386: info: pinball2000: irq0 pit-deadline timer ENABLED (Strategy-2) (set P2K_NO_IRQ0_PIT_DEADLINE_TIMER=1 to disable)
qemu-system-i386: info: pinball2000: irq0-iret no-chain ENABLED (Strategy-3) (set P2K_NO_IRQ0_IRET_NO_CHAIN=1 to disable)
qemu-system-i386: info: p2k-diag: PIC master imr=e0 irr=00 isr=00 base=20
qemu-system-i386: info: pinball2000: GP first-write off=0x8110 val=0xffffffff size=4
qemu-system-i386: info: pinball2000: GP first-write off=0x8114 val=0xffffffff size=4
qemu-system-i386: info: pinball2000: GP first-write off=0x8120 val=0xffffffff size=4
qemu-system-i386: info: pinball2000: GP first-write off=0x8124 val=0xffffffff size=4
qemu-system-i386: info: pinball2000: GP first-write off=0x8128 val=0xffffffff size=4
qemu-system-i386: info: pinball2000: GP first-write off=0x812c val=0xffffffff size=4
qemu-system-i386: info: pinball2000: GP first-write off=0x8108 val=0x02d00000 size=4
qemu-system-i386: info: pinball2000: GP first-write off=0x8100 val=0x00ef00c9 size=4
qemu-system-i386: info: pinball2000: GP first-write off=0x8104 val=0x000100ee size=4
qemu-system-i386: info: pinball2000: GP BLT #0: src(0,720) dst(201,239) w=238 raster=0x000010c6 TRANSPARENT key=0x7c1f
qemu-system-i386: info: pinball2000: GP BLT #1: src(238,720) dst(201,238) w=238 raster=0x000010c6 TRANSPARENT key=0x7c1f
qemu-system-i386: info: pinball2000: GP BLT #2: src(476,720) dst(201,237) w=238 raster=0x000010c6 TRANSPARENT key=0x7c1f
qemu-system-i386: info: pinball2000: GP BLT #3: src(714,720) dst(201,236) w=238 raster=0x000010c6 TRANSPARENT key=0x7c1f
qemu-system-i386: info: pinball2000: GP BLT #4: src(952,720) dst(201,235) w=72 raster=0x000010c6 TRANSPARENT key=0x7c1f
qemu-system-i386: info: pinball2000: GP BLT #5: src(0,721) dst(273,235) w=166 raster=0x000010c6 TRANSPARENT key=0x7c1f
qemu-system-i386: info: pinball2000: GP BLT #6: src(166,721) dst(201,234) w=238 raster=0x000010c6 TRANSPARENT key=0x7c1f
qemu-system-i386: info: pinball2000: GP BLT #7: src(404,721) dst(201,233) w=238 raster=0x000010c6 TRANSPARENT key=0x7c1f
qemu-system-i386: info: pinball2000: GP BLT #8: src(642,721) dst(201,232) w=238 raster=0x000010c6 TRANSPARENT key=0x7c1f
qemu-system-i386: info: pinball2000: GP BLT #9: src(880,721) dst(201,231) w=144 raster=0x000010c6 TRANSPARENT key=0x7c1f
qemu-system-i386: info: pinball2000: GP BLT #10: src(0,722) dst(345,231) w=94 raster=0x000010c6 TRANSPARENT key=0x7c1f
qemu-system-i386: info: pinball2000: GP BLT #11: src(94,722) dst(201,230) w=238 raster=0x000010c6 TRANSPARENT key=0x7c1f
qemu-system-i386: info: pinball2000: GP BLT #12: src(332,722) dst(201,229) w=238 raster=0x000010c6 TRANSPARENT key=0x7c1f
qemu-system-i386: info: pinball2000: GP BLT #13: src(570,722) dst(201,228) w=238 raster=0x000010c6 TRANSPARENT key=0x7c1f
qemu-system-i386: info: pinball2000: GP BLT #14: src(808,722) dst(201,227) w=216 raster=0x000010c6 TRANSPARENT key=0x7c1f
qemu-system-i386: info: pinball2000: GP BLT #15: src(0,723) dst(417,227) w=22 raster=0x000010c6 TRANSPARENT key=0x7c1f
qemu-system-i386: info: pinball2000: GP BLT #16: src(22,723) dst(201,226) w=238 raster=0x000010c6 TRANSPARENT key=0x7c1f
qemu-system-i386: info: pinball2000: GP BLT #17: src(260,723) dst(201,225) w=238 raster=0x000010c6 TRANSPARENT key=0x7c1f
qemu-system-i386: info: pinball2000: GP BLT #18: src(498,723) dst(201,224) w=238 raster=0x000010c6 TRANSPARENT key=0x7c1f
qemu-system-i386: info: pinball2000: GP BLT #19: src(736,723) dst(201,223) w=238 raster=0x000010c6 TRANSPARENT key=0x7c1f
qemu-system-i386: info: p2k-diag: PIC master imr=ff irr=00 isr=00 base=20
qemu-system-i386: info: p2k-diag: PIC master imr=e0 irr=00 isr=00 base=20
qemu-system-i386: info: p2k-diag: cpu eip=0x001b94b0 cs=0x0008 esp=0x003ffff0 eflags=0x00000202 cr0=0x60000011
qemu-system-i386: info: dcs-audio: ogg src_chans=1 src_rate=22050
qemu-system-i386: info: dcs-audio: decoded cmd=0x003a name=dcs-bong frames=30024 peak=27816 rms=4870
qemu-system-i386: info: dcs-audio: [BAR4] process_cmd 0x003a → key=0x003a name=dcs-bong frames=30024 ch=0 vol=255 pan=127 (played #1)
qemu-system-i386: info: dcs-audio: [BAR4] process_cmd 0x00aa → key=0x0fff no-pb2k-entry (missed #1)
qemu-system-i386: info: dcs-audio: ch0 END  (cmd=0x003a name=dcs-bong frames=30024 cb_elapsed=32)
qemu-system-i386: info: p2k-diag: cpu eip=0x001b94b0 cs=0x0008 esp=0x003ffff0 eflags=0x00000202 cr0=0x60000011
qemu-system-i386: info: dcs-audio: [BAR4] execute_mixer 0x55aa d1=0x40bf → GLOBAL_VOL=191 (broadcast to all 8 voices, per Unicorn Mix_Volume(-1))
qemu-system-i386: info: dcs-audio: [BAR4] execute_mixer 0x55ab d1=0x3fff → ch7 VOL=255
qemu-system-i386: info: dcs-audio: [BAR4] execute_mixer 0x55ac d1=0x3f7f → ch7 PAN=127
qemu-system-i386: info: p2k-timing #0 snap | clock=QEMU_CLOCK_VIRTUAL icount=off expected: pit0_div=298 pit0_mode=2 pit0_hz=4003.97 irq0_edges_pit_expected=12014 observed: irq0_raised=11092 irq0_replayed=0 clkint_entered=4160 eoi_seen=4160 delivery=37.5% replay=0.0% imr=e0 irr=01 isr=00 base=20 idt20=0x001af6ba handler=clkint clkint_hook=0x001af6ba shim=0 wall=3.813s vtime=3.000s scale=0.787x host_slow=yes pic_base=0x20
qemu-system-i386: info: p2k-latency snap | raise->clkint p50=63us p95=125us p99=180us max=1767us max_total=1767us n=4096 | pdb05 count=4081
qemu-system-i386: info: p2k-pdb05 snap | pdb05_wall_delta   p50=641us p95=1030us p99=1692us max=17148us max_total=17148us n=4080
qemu-system-i386: info: p2k-pdb05 snap | pdb05_wall_total   p50=641us p95=1030us p99=1692us max=17148us max_total=17148us n=4080
qemu-system-i386: info: p2k-pdb05 snap | pdb05_vtime_delta  p50=641us p95=1030us p99=1691us max=17148us max_total=17148us n=4080
qemu-system-i386: info: p2k-pdb05 snap | pdb05_vtime_total  p50=641us p95=1030us p99=1691us max=17148us max_total=17148us n=4080
qemu-system-i386: info: p2k-xinu-drift snap | period_ms=0.250 | total: wall=3813.1ms vtime=3000.5ms xinu=1039.0ms drift=0.272 | delta: wall=0.0ms vtime=0.0ms xinu=0.0ms drift=0.000
qemu-system-i386: info: p2k-segment snap | raise_intack  p50=58us p95=120us p99=173us max=1762us max_total=1762us n=4096
qemu-system-i386: info: p2k-segment snap | intack_entry  p50=5us p95=6us p99=14us max=164us max_total=164us n=4096
qemu-system-i386: info: p2k-segment snap | entry_eoi     p50=1us p95=2us p99=3us max=56us max_total=56us n=4096
qemu-system-i386: info: p2k-segment snap | eoi_iret      p50=42us p95=87us p99=296us max=4010us max_total=4010us n=3905
qemu-system-i386: info: p2k-segment snap | iret_raise    p50=523us p95=902us p99=1316us max=16857us max_total=16857us n=3904
qemu-system-i386: info: p2k-segment snap | coverage intack_seen=4160 iret_seen=3905 (vs clkint_entered=4160)
qemu-system-i386: info: p2k-pit-deadline snap | arms=3905 fires=3404 period_ns=249752
qemu-system-i386: info: p2k-eoi-eip snap | 0x001af6ba:4160 
qemu-system-i386: info: p2k-diag: cpu eip=0x001b94b0 cs=0x0008 esp=0x003ffff0 eflags=0x00000202 cr0=0x60000011
qemu-system-i386: info: p2k-diag: PIC master imr=ff irr=01 isr=00 base=20
qemu-system-i386: info: p2k-diag: PIC master imr=e0 irr=01 isr=00 base=20
qemu-system-i386: info: p2k-diag: PIC master imr=ff irr=01 isr=00 base=20
qemu-system-i386: info: p2k-diag: PIC master imr=e0 irr=01 isr=00 base=20
qemu-system-i386: info: p2k-diag: cpu eip=0x001b94b0 cs=0x0008 esp=0x003ffff0 eflags=0x00000202 cr0=0x60000011
qemu-system-i386: info: p2k-diag: cpu eip=0x001b94b0 cs=0x0008 esp=0x003ffff0 eflags=0x00000202 cr0=0x60000011
qemu-system-i386: info: p2k-timing #1 snap | clock=QEMU_CLOCK_VIRTUAL icount=off expected: pit0_div=298 pit0_mode=2 pit0_hz=4003.97 irq0_edges_pit_expected=24147 observed: irq0_raised=23226 irq0_replayed=0 clkint_entered=9358 eoi_seen=9358 delivery=40.3% replay=0.0% imr=e0 irr=01 isr=00 base=20 idt20=0x001af6ba handler=clkint clkint_hook=0x001af6ba shim=0 wall=6.843s vtime=6.031s scale=0.881x host_slow=yes pic_base=0x20
qemu-system-i386: info: p2k-latency snap | raise->clkint p50=74us p95=131us p99=194us max=588us max_total=1767us n=4096 | pdb05 count=9279
qemu-system-i386: info: p2k-pdb05 snap | pdb05_wall_delta   p50=630us p95=968us p99=1124us max=6920us max_total=31345us n=4096
qemu-system-i386: info: p2k-pdb05 snap | pdb05_wall_total   p50=630us p95=968us p99=1124us max=6920us max_total=31345us n=4096
qemu-system-i386: info: p2k-pdb05 snap | pdb05_vtime_delta  p50=630us p95=968us p99=1124us max=6920us max_total=31345us n=4096
qemu-system-i386: info: p2k-pdb05 snap | pdb05_vtime_total  p50=630us p95=968us p99=1124us max=6920us max_total=31345us n=4096
qemu-system-i386: info: p2k-xinu-drift snap | period_ms=0.250 | total: wall=6843.4ms vtime=6030.9ms xinu=2337.2ms drift=0.342 | delta: wall=3030.4ms vtime=3030.4ms xinu=1298.2ms drift=0.428
qemu-system-i386: info: p2k-segment snap | raise_intack  p50=69us p95=124us p99=185us max=580us max_total=1762us n=4096
qemu-system-i386: info: p2k-segment snap | intack_entry  p50=5us p95=7us p99=11us max=114us max_total=164us n=4096
qemu-system-i386: info: p2k-segment snap | entry_eoi     p50=1us p95=2us p99=3us max=65us max_total=65us n=4096
qemu-system-i386: info: p2k-segment snap | eoi_iret      p50=42us p95=84us p99=264us max=672us max_total=4010us n=4096
qemu-system-i386: info: p2k-segment snap | iret_raise    p50=507us p95=847us p99=958us max=6609us max_total=16857us n=4096
qemu-system-i386: info: p2k-segment snap | coverage intack_seen=9358 iret_seen=8752 (vs clkint_entered=9358)
qemu-system-i386: info: p2k-pit-deadline snap | arms=8752 fires=7715 period_ns=249752
qemu-system-i386: info: p2k-eoi-eip snap | 0x001af6ba:9358 
qemu-system-i386: info: p2k-diag: cpu eip=0x001b94b0 cs=0x0008 esp=0x003ffff0 eflags=0x00000202 cr0=0x60000011
qemu-system-i386: info: p2k-diag: cpu eip=0x001b94b0 cs=0x0008 esp=0x003ffff0 eflags=0x00000202 cr0=0x60000011
qemu-system-i386: info: p2k-diag: PIC master imr=ff irr=00 isr=00 base=20
qemu-system-i386: info: p2k-diag: PIC master imr=e0 irr=01 isr=00 base=20
qemu-system-i386: info: p2k-diag: cpu eip=0x001b94b0 cs=0x0008 esp=0x003ffff0 eflags=0x00000202 cr0=0x60000011
qemu-system-i386: info: p2k-diag: PIC master imr=ff irr=01 isr=00 base=20
qemu-system-i386: info: p2k-diag: PIC master imr=e0 irr=01 isr=00 base=20
qemu-system-i386: info: p2k-timing #2 snap | clock=QEMU_CLOCK_VIRTUAL icount=off expected: pit0_div=298 pit0_mode=2 pit0_hz=4003.97 irq0_edges_pit_expected=36284 observed: irq0_raised=35363 irq0_replayed=0 clkint_entered=14760 eoi_seen=14760 delivery=41.7% replay=0.0% imr=e0 irr=01 isr=00 base=20 idt20=0x001af6ba handler=clkint clkint_hook=0x001af6ba shim=0 wall=9.874s vtime=9.062s scale=0.918x host_slow=yes pic_base=0x20
qemu-system-i386: info: p2k-latency snap | raise->clkint p50=70us p95=131us p99=188us max=489us max_total=1767us n=4096 | pdb05 count=14681
qemu-system-i386: info: p2k-pdb05 snap | pdb05_wall_delta   p50=610us p95=959us p99=1077us max=2327us max_total=32607us n=4096
qemu-system-i386: info: p2k-pdb05 snap | pdb05_wall_total   p50=610us p95=959us p99=1077us max=2327us max_total=32607us n=4096
qemu-system-i386: info: p2k-pdb05 snap | pdb05_vtime_delta  p50=610us p95=959us p99=1077us max=2327us max_total=32607us n=4096
qemu-system-i386: info: p2k-pdb05 snap | pdb05_vtime_total  p50=610us p95=959us p99=1077us max=2327us max_total=32607us n=4096
qemu-system-i386: info: p2k-xinu-drift snap | period_ms=0.250 | total: wall=9874.5ms vtime=9061.9ms xinu=3686.3ms drift=0.373 | delta: wall=3031.0ms vtime=3031.0ms xinu=1349.2ms drift=0.445
qemu-system-i386: info: p2k-segment snap | raise_intack  p50=65us p95=125us p99=179us max=484us max_total=1762us n=4096
qemu-system-i386: info: p2k-segment snap | intack_entry  p50=5us p95=6us p99=9us max=99us max_total=164us n=4096
qemu-system-i386: info: p2k-segment snap | entry_eoi     p50=1us p95=2us p99=3us max=70us max_total=138us n=4096
qemu-system-i386: info: p2k-segment snap | eoi_iret      p50=42us p95=85us p99=263us max=490us max_total=4010us n=4096
qemu-system-i386: info: p2k-segment snap | iret_raise    p50=496us p95=831us p99=947us max=1601us max_total=16857us n=4096
qemu-system-i386: info: p2k-segment snap | coverage intack_seen=14760 iret_seen=13833 (vs clkint_entered=14760)
qemu-system-i386: info: p2k-pit-deadline snap | arms=13833 fires=12130 period_ns=249752
qemu-system-i386: info: p2k-eoi-eip snap | 0x001af6ba:14760 
qemu-system-i386: info: p2k-diag: cpu eip=0x001b94b0 cs=0x0008 esp=0x003ffff0 eflags=0x00000202 cr0=0x60000011
qemu-system-i386: info: p2k-diag: cpu eip=0x001b88b9 cs=0x0008 esp=0x003cbdc8 eflags=0x00000002 cr0=0x60000011
qemu-system-i386: info: p2k-diag: cpu eip=0x001fd75a cs=0x0008 esp=0x003f5ef4 eflags=0x00000202 cr0=0x60000011
qemu-system-i386: info: p2k-diag: PIC master imr=ff irr=01 isr=00 base=20
qemu-system-i386: info: p2k-diag: PIC master imr=e0 irr=01 isr=00 base=20
qemu-system-i386: info: p2k-diag: PIC master imr=ff irr=00 isr=00 base=20
qemu-system-i386: info: p2k-diag: PIC master imr=e0 irr=01 isr=00 base=20
qemu-system-i386: info: p2k-timing #3 snap | clock=QEMU_CLOCK_VIRTUAL icount=off expected: pit0_div=298 pit0_mode=2 pit0_hz=4003.97 irq0_edges_pit_expected=48394 observed: irq0_raised=47473 irq0_replayed=0 clkint_entered=20057 eoi_seen=20057 delivery=42.2% replay=0.0% imr=e0 irr=01 isr=00 base=20 idt20=0x001af6ba handler=clkint clkint_hook=0x001af6ba shim=0 wall=12.899s vtime=12.086s scale=0.937x host_slow=yes pic_base=0x20
qemu-system-i386: info: p2k-latency snap | raise->clkint p50=76us p95=138us p99=195us max=522us max_total=1767us n=4096 | pdb05 count=19978
qemu-system-i386: info: p2k-pdb05 snap | pdb05_wall_delta   p50=633us p95=984us p99=1115us max=2370us max_total=25607us n=4096
qemu-system-i386: info: p2k-pdb05 snap | pdb05_wall_total   p50=633us p95=984us p99=1115us max=2370us max_total=32607us n=4096
qemu-system-i386: info: p2k-pdb05 snap | pdb05_vtime_delta  p50=633us p95=984us p99=1115us max=2370us max_total=25607us n=4096
qemu-system-i386: info: p2k-pdb05 snap | pdb05_vtime_total  p50=633us p95=984us p99=1115us max=2370us max_total=32607us n=4096
qemu-system-i386: info: p2k-xinu-drift snap | period_ms=0.250 | total: wall=12899.0ms vtime=12086.4ms xinu=5009.3ms drift=0.388 | delta: wall=3024.5ms vtime=3024.5ms xinu=1322.9ms drift=0.437
qemu-system-i386: info: p2k-segment snap | raise_intack  p50=71us p95=131us p99=189us max=475us max_total=1762us n=4096
qemu-system-i386: info: p2k-segment snap | intack_entry  p50=5us p95=7us p99=10us max=497us max_total=497us n=4096
qemu-system-i386: info: p2k-segment snap | entry_eoi     p50=1us p95=2us p99=3us max=58us max_total=138us n=4096
qemu-system-i386: info: p2k-segment snap | eoi_iret      p50=44us p95=86us p99=287us max=662us max_total=4010us n=4096
qemu-system-i386: info: p2k-segment snap | iret_raise    p50=507us p95=864us p99=964us max=1151us max_total=16857us n=4096
qemu-system-i386: info: p2k-segment snap | coverage intack_seen=20057 iret_seen=18743 (vs clkint_entered=20057)
qemu-system-i386: info: p2k-pit-deadline snap | arms=18743 fires=16466 period_ns=249752
qemu-system-i386: info: p2k-eoi-eip snap | 0x001af6ba:20057 
qemu-system-i386: info: p2k-diag: cpu eip=0x001ff3cf cs=0x0008 esp=0x003c7ecc eflags=0x00000202 cr0=0x60000011
qemu-system-i386: info: p2k-diag: cpu eip=0x001b94b0 cs=0x0008 esp=0x003ffff0 eflags=0x00000202 cr0=0x60000011
qemu-system-i386: info: p2k-diag: cpu eip=0x001fd742 cs=0x0008 esp=0x003f5ef4 eflags=0x00000202 cr0=0x60000011
qemu-system-i386: info: p2k-timing #4 snap | clock=QEMU_CLOCK_VIRTUAL icount=off expected: pit0_div=298 pit0_mode=2 pit0_hz=4003.97 irq0_edges_pit_expected=60507 observed: irq0_raised=59585 irq0_replayed=0 clkint_entered=25331 eoi_seen=25331 delivery=42.5% replay=0.0% imr=e0 irr=01 isr=00 base=20 idt20=0x001af6ba handler=clkint clkint_hook=0x001af6ba shim=0 wall=15.924s vtime=15.112s scale=0.949x host_slow=yes pic_base=0x20
qemu-system-i386: info: p2k-latency snap | raise->clkint p50=79us p95=144us p99=211us max=872us max_total=1767us n=4096 | pdb05 count=25252
qemu-system-i386: info: p2k-pdb05 snap | pdb05_wall_delta   p50=635us p95=977us p99=1111us max=2651us max_total=26285us n=4096
qemu-system-i386: info: p2k-pdb05 snap | pdb05_wall_total   p50=635us p95=977us p99=1111us max=2651us max_total=32607us n=4096
qemu-system-i386: info: p2k-pdb05 snap | pdb05_vtime_delta  p50=635us p95=977us p99=1111us max=2651us max_total=26285us n=4096
qemu-system-i386: info: p2k-pdb05 snap | pdb05_vtime_total  p50=635us p95=977us p99=1111us max=2651us max_total=32607us n=4096
qemu-system-i386: info: p2k-xinu-drift snap | period_ms=0.250 | total: wall=15924.2ms vtime=15111.7ms xinu=6326.5ms drift=0.397 | delta: wall=3025.3ms vtime=3025.3ms xinu=1317.2ms drift=0.435
qemu-system-i386: info: p2k-segment snap | raise_intack  p50=73us p95=138us p99=204us max=867us max_total=1762us n=4096
qemu-system-i386: info: p2k-segment snap | intack_entry  p50=5us p95=7us p99=9us max=53us max_total=497us n=4096
qemu-system-i386: info: p2k-segment snap | entry_eoi     p50=1us p95=2us p99=3us max=64us max_total=138us n=4096
qemu-system-i386: info: p2k-segment snap | eoi_iret      p50=45us p95=93us p99=311us max=584us max_total=4010us n=4096
qemu-system-i386: info: p2k-segment snap | iret_raise    p50=510us p95=858us p99=961us max=1286us max_total=16857us n=4096
qemu-system-i386: info: p2k-segment snap | coverage intack_seen=25331 iret_seen=23645 (vs clkint_entered=25331)
qemu-system-i386: info: p2k-pit-deadline snap | arms=23645 fires=20774 period_ns=249752
qemu-system-i386: info: p2k-eoi-eip snap | 0x001af6ba:25331 
qemu-system-i386: info: p2k-diag: cpu eip=0x001fd6cd cs=0x0008 esp=0x003f5ef4 eflags=0x00000202 cr0=0x60000011
qemu-system-i386: info: p2k-diag: cpu eip=0x001b94b0 cs=0x0008 esp=0x003ffff0 eflags=0x00000202 cr0=0x60000011
qemu-system-i386: info: p2k-diag: cpu eip=0x001b94b0 cs=0x0008 esp=0x003ffff0 eflags=0x00000202 cr0=0x60000011
qemu-system-i386: info: p2k-timing #5 snap | clock=QEMU_CLOCK_VIRTUAL icount=off expected: pit0_div=298 pit0_mode=2 pit0_hz=4003.97 irq0_edges_pit_expected=72636 observed: irq0_raised=71715 irq0_replayed=0 clkint_entered=30654 eoi_seen=30654 delivery=42.7% replay=0.0% imr=e0 irr=01 isr=00 base=20 idt20=0x001af6ba handler=clkint clkint_hook=0x001af6ba shim=0 wall=18.954s vtime=18.141s scale=0.957x host_slow=no pic_base=0x20
qemu-system-i386: info: p2k-latency snap | raise->clkint p50=78us p95=136us p99=189us max=553us max_total=1767us n=4096 | pdb05 count=30575
qemu-system-i386: info: p2k-pdb05 snap | pdb05_wall_delta   p50=626us p95=986us p99=1093us max=2729us max_total=30186us n=4096
qemu-system-i386: info: p2k-pdb05 snap | pdb05_wall_total   p50=626us p95=986us p99=1093us max=2729us max_total=32607us n=4096
qemu-system-i386: info: p2k-pdb05 snap | pdb05_vtime_delta  p50=626us p95=986us p99=1093us max=2729us max_total=30186us n=4096
qemu-system-i386: info: p2k-pdb05 snap | pdb05_vtime_total  p50=626us p95=986us p99=1093us max=2729us max_total=32607us n=4096
qemu-system-i386: info: p2k-xinu-drift snap | period_ms=0.250 | total: wall=18953.6ms vtime=18141.0ms xinu=7655.9ms drift=0.404 | delta: wall=3029.3ms vtime=3029.3ms xinu=1329.4ms drift=0.439
qemu-system-i386: info: p2k-segment snap | raise_intack  p50=72us p95=130us p99=184us max=546us max_total=1762us n=4096
qemu-system-i386: info: p2k-segment snap | intack_entry  p50=5us p95=6us p99=11us max=118us max_total=497us n=4096
qemu-system-i386: info: p2k-segment snap | entry_eoi     p50=1us p95=2us p99=3us max=145us max_total=145us n=4096
qemu-system-i386: info: p2k-segment snap | eoi_iret      p50=43us p95=85us p99=268us max=602us max_total=4010us n=4096
qemu-system-i386: info: p2k-segment snap | iret_raise    p50=505us p95=861us p99=953us max=2129us max_total=16857us n=4096
qemu-system-i386: info: p2k-segment snap | coverage intack_seen=30654 iret_seen=28638 (vs clkint_entered=30654)
qemu-system-i386: info: p2k-pit-deadline snap | arms=28638 fires=25163 period_ns=249752
qemu-system-i386: info: p2k-eoi-eip snap | 0x001af6ba:30654 
qemu-system-i386: info: p2k-diag: cpu eip=0x001b94b0 cs=0x0008 esp=0x003ffff0 eflags=0x00000202 cr0=0x60000011
qemu-system-i386: info: p2k-diag: cpu eip=0x001b94b0 cs=0x0008 esp=0x003ffff0 eflags=0x00000202 cr0=0x60000011
qemu-system-i386: info: p2k-diag: cpu eip=0x001b94b0 cs=0x0008 esp=0x003ffff0 eflags=0x00000202 cr0=0x60000011
qemu-system-i386: info: p2k-timing #6 snap | clock=QEMU_CLOCK_VIRTUAL icount=off expected: pit0_div=298 pit0_mode=2 pit0_hz=4003.97 irq0_edges_pit_expected=84767 observed: irq0_raised=83846 irq0_replayed=0 clkint_entered=36006 eoi_seen=36006 delivery=42.9% replay=0.0% imr=e0 irr=01 isr=00 base=20 idt20=0x001af6ba handler=clkint clkint_hook=0x001af6ba shim=0 wall=21.983s vtime=21.171s scale=0.963x host_slow=no pic_base=0x20
qemu-system-i386: info: p2k-latency snap | raise->clkint p50=78us p95=131us p99=206us max=435us max_total=1767us n=4096 | pdb05 count=35927
qemu-system-i386: info: p2k-pdb05 snap | pdb05_wall_delta   p50=630us p95=984us p99=1107us max=2538us max_total=30792us n=4096
qemu-system-i386: info: p2k-pdb05 snap | pdb05_wall_total   p50=630us p95=984us p99=1107us max=2538us max_total=32607us n=4096
qemu-system-i386: info: p2k-pdb05 snap | pdb05_vtime_delta  p50=630us p95=984us p99=1107us max=2538us max_total=30792us n=4096
qemu-system-i386: info: p2k-pdb05 snap | pdb05_vtime_total  p50=630us p95=984us p99=1107us max=2538us max_total=32607us n=4096
qemu-system-i386: info: p2k-xinu-drift snap | period_ms=0.250 | total: wall=21983.3ms vtime=21170.7ms xinu=8992.6ms drift=0.409 | delta: wall=3029.7ms vtime=3029.7ms xinu=1336.7ms drift=0.441
qemu-system-i386: info: p2k-segment snap | raise_intack  p50=73us p95=124us p99=198us max=431us max_total=1762us n=4096
qemu-system-i386: info: p2k-segment snap | intack_entry  p50=5us p95=6us p99=11us max=99us max_total=497us n=4096
qemu-system-i386: info: p2k-segment snap | entry_eoi     p50=1us p95=2us p99=3us max=54us max_total=145us n=4096
qemu-system-i386: info: p2k-segment snap | eoi_iret      p50=43us p95=85us p99=267us max=562us max_total=4010us n=4096
qemu-system-i386: info: p2k-segment snap | iret_raise    p50=508us p95=859us p99=968us max=2241us max_total=16857us n=4096
qemu-system-i386: info: p2k-segment snap | coverage intack_seen=36006 iret_seen=33659 (vs clkint_entered=36006)
qemu-system-i386: info: p2k-pit-deadline snap | arms=33659 fires=29553 period_ns=249752
qemu-system-i386: info: p2k-eoi-eip snap | 0x001af6ba:36006 
qemu-system-i386: info: p2k-diag: cpu eip=0x001fd6e8 cs=0x0008 esp=0x003f5ef4 eflags=0x00000202 cr0=0x60000011
qemu-system-i386: info: p2k-diag: cpu eip=0x001b94b0 cs=0x0008 esp=0x003ffff0 eflags=0x00000202 cr0=0x60000011
qemu-system-i386: info: p2k-diag: cpu eip=0x001b94b0 cs=0x0008 esp=0x003ffff0 eflags=0x00000202 cr0=0x60000011
qemu-system-i386: info: p2k-timing #7 snap | clock=QEMU_CLOCK_VIRTUAL icount=off expected: pit0_div=298 pit0_mode=2 pit0_hz=4003.97 irq0_edges_pit_expected=96899 observed: irq0_raised=95978 irq0_replayed=0 clkint_entered=41375 eoi_seen=41375 delivery=43.1% replay=0.0% imr=e0 irr=01 isr=00 base=20 idt20=0x001af6ba handler=clkint clkint_hook=0x001af6ba shim=0 wall=25.013s vtime=24.201s scale=0.968x host_slow=no pic_base=0x20
qemu-system-i386: info: p2k-latency snap | raise->clkint p50=80us p95=136us p99=184us max=336us max_total=1767us n=4096 | pdb05 count=41296
qemu-system-i386: info: p2k-pdb05 snap | pdb05_wall_delta   p50=621us p95=972us p99=1112us max=2870us max_total=30853us n=4096
qemu-system-i386: info: p2k-pdb05 snap | pdb05_wall_total   p50=621us p95=972us p99=1112us max=2870us max_total=32607us n=4096
qemu-system-i386: info: p2k-pdb05 snap | pdb05_vtime_delta  p50=621us p95=972us p99=1112us max=2870us max_total=30853us n=4096
qemu-system-i386: info: p2k-pdb05 snap | pdb05_vtime_total  p50=621us p95=972us p99=1112us max=2870us max_total=32607us n=4096
qemu-system-i386: info: p2k-xinu-drift snap | period_ms=0.250 | total: wall=25013.4ms vtime=24200.9ms xinu=10333.5ms drift=0.413 | delta: wall=3030.1ms vtime=3030.1ms xinu=1340.9ms drift=0.443
qemu-system-i386: info: p2k-segment snap | raise_intack  p50=75us p95=129us p99=178us max=329us max_total=1762us n=4096
qemu-system-i386: info: p2k-segment snap | intack_entry  p50=5us p95=7us p99=11us max=56us max_total=497us n=4096
qemu-system-i386: info: p2k-segment snap | entry_eoi     p50=1us p95=2us p99=3us max=64us max_total=145us n=4096
qemu-system-i386: info: p2k-segment snap | eoi_iret      p50=44us p95=90us p99=287us max=501us max_total=4010us n=4096
qemu-system-i386: info: p2k-segment snap | iret_raise    p50=499us p95=845us p99=961us max=2556us max_total=16857us n=4096
qemu-system-i386: info: p2k-segment snap | coverage intack_seen=41375 iret_seen=38655 (vs clkint_entered=41375)
qemu-system-i386: info: p2k-pit-deadline snap | arms=38655 fires=33921 period_ns=249752
qemu-system-i386: info: p2k-eoi-eip snap | 0x001af6ba:41375 
qemu-system-i386: info: p2k-diag: cpu eip=0x001b94b0 cs=0x0008 esp=0x003ffff0 eflags=0x00000202 cr0=0x60000011
qemu-system-i386: info: p2k-diag: PIC master imr=ff irr=00 isr=00 base=20
qemu-system-i386: info: p2k-diag: PIC master imr=e0 irr=01 isr=00 base=20
qemu-system-i386: info: p2k-diag: cpu eip=0x001b94b0 cs=0x0008 esp=0x003ffff0 eflags=0x00000202 cr0=0x60000011
qemu-system-i386: info: p2k-diag: PIC master imr=ff irr=00 isr=00 base=20
qemu-system-i386: info: p2k-diag: cpu eip=0x001b88e1 cs=0x0008 esp=0x003f5f68 eflags=0x00000002 cr0=0x60000011
qemu-system-i386: info: p2k-diag: PIC master imr=e0 irr=01 isr=00 base=20
qemu-system-i386: info: p2k-timing #8 snap | clock=QEMU_CLOCK_VIRTUAL icount=off expected: pit0_div=298 pit0_mode=2 pit0_hz=4003.97 irq0_edges_pit_expected=109030 observed: irq0_raised=108108 irq0_replayed=0 clkint_entered=46751 eoi_seen=46751 delivery=43.2% replay=0.0% imr=e0 irr=01 isr=00 base=20 idt20=0x001af6ba handler=clkint clkint_hook=0x001af6ba shim=0 wall=28.043s vtime=27.230s scale=0.971x host_slow=no pic_base=0x20
qemu-system-i386: info: p2k-latency snap | raise->clkint p50=78us p95=133us p99=195us max=1218us max_total=1767us n=4096 | pdb05 count=46672
qemu-system-i386: info: p2k-pdb05 snap | pdb05_wall_delta   p50=617us p95=980us p99=1124us max=9467us max_total=30325us n=4096
qemu-system-i386: info: p2k-pdb05 snap | pdb05_wall_total   p50=617us p95=980us p99=1124us max=9467us max_total=32607us n=4096
qemu-system-i386: info: p2k-pdb05 snap | pdb05_vtime_delta  p50=617us p95=980us p99=1124us max=9467us max_total=30325us n=4096
qemu-system-i386: info: p2k-pdb05 snap | pdb05_vtime_total  p50=617us p95=980us p99=1124us max=9467us max_total=32607us n=4096
qemu-system-i386: info: p2k-xinu-drift snap | period_ms=0.250 | total: wall=28043.0ms vtime=27230.4ms xinu=11676.2ms drift=0.416 | delta: wall=3029.5ms vtime=3029.5ms xinu=1342.7ms drift=0.443
qemu-system-i386: info: p2k-segment snap | raise_intack  p50=73us p95=127us p99=188us max=1212us max_total=1762us n=4096
qemu-system-i386: info: p2k-segment snap | intack_entry  p50=5us p95=6us p99=9us max=168us max_total=497us n=4096
qemu-system-i386: info: p2k-segment snap | entry_eoi     p50=1us p95=2us p99=3us max=163us max_total=163us n=4096
qemu-system-i386: info: p2k-segment snap | eoi_iret      p50=42us p95=82us p99=272us max=579us max_total=4010us n=4096
qemu-system-i386: info: p2k-segment snap | iret_raise    p50=500us p95=860us p99=965us max=9003us max_total=16857us n=4096
qemu-system-i386: info: p2k-segment snap | coverage intack_seen=46751 iret_seen=43666 (vs clkint_entered=46751)
qemu-system-i386: info: p2k-pit-deadline snap | arms=43666 fires=38301 period_ns=249752
qemu-system-i386: info: p2k-eoi-eip snap | 0x001af6ba:46751 
qemu-system-i386: info: p2k-diag: cpu eip=0x001b94b0 cs=0x0008 esp=0x003ffff0 eflags=0x00000202 cr0=0x60000011
qemu-system-i386: info: p2k-diag: PIC master imr=ff irr=00 isr=00 base=20
qemu-system-i386: info: p2k-diag: PIC master imr=e0 irr=00 isr=00 base=20
qemu-system-i386: info: p2k-diag: cpu eip=0x001b94b0 cs=0x0008 esp=0x003ffff0 eflags=0x00000202 cr0=0x60000011
qemu-system-i386: info: p2k-diag: cpu eip=0x001b94b0 cs=0x0008 esp=0x003ffff0 eflags=0x00000202 cr0=0x60000011
qemu-system-i386: info: p2k-timing #9 snap | clock=QEMU_CLOCK_VIRTUAL icount=off expected: pit0_div=298 pit0_mode=2 pit0_hz=4003.97 irq0_edges_pit_expected=121165 observed: irq0_raised=120242 irq0_replayed=0 clkint_entered=52130 eoi_seen=52130 delivery=43.4% replay=0.0% imr=e0 irr=00 isr=00 base=20 idt20=0x001af6ba handler=clkint clkint_hook=0x001af6ba shim=0 wall=31.074s vtime=30.261s scale=0.974x host_slow=no pic_base=0x20
qemu-system-i386: info: p2k-latency snap | raise->clkint p50=75us p95=130us p99=194us max=794us max_total=1767us n=4096 | pdb05 count=52051
qemu-system-i386: info: p2k-pdb05 snap | pdb05_wall_delta   p50=623us p95=972us p99=1117us max=2824us max_total=31662us n=4096
qemu-system-i386: info: p2k-pdb05 snap | pdb05_wall_total   p50=623us p95=972us p99=1117us max=2824us max_total=32607us n=4096
qemu-system-i386: info: p2k-pdb05 snap | pdb05_vtime_delta  p50=623us p95=972us p99=1117us max=2824us max_total=31662us n=4096
qemu-system-i386: info: p2k-pdb05 snap | pdb05_vtime_total  p50=623us p95=972us p99=1117us max=2824us max_total=32607us n=4096
qemu-system-i386: info: p2k-xinu-drift snap | period_ms=0.250 | total: wall=31073.7ms vtime=30261.1ms xinu=13019.6ms drift=0.419 | delta: wall=3030.7ms vtime=3030.7ms xinu=1343.4ms drift=0.443
qemu-system-i386: info: p2k-segment snap | raise_intack  p50=70us p95=124us p99=189us max=787us max_total=1762us n=4096
qemu-system-i386: info: p2k-segment snap | intack_entry  p50=5us p95=6us p99=9us max=99us max_total=497us n=4096
qemu-system-i386: info: p2k-segment snap | entry_eoi     p50=1us p95=2us p99=3us max=128us max_total=163us n=4096
qemu-system-i386: info: p2k-segment snap | eoi_iret      p50=43us p95=81us p99=300us max=540us max_total=4010us n=4096
qemu-system-i386: info: p2k-segment snap | iret_raise    p50=510us p95=850us p99=968us max=2244us max_total=16857us n=4096
qemu-system-i386: info: p2k-segment snap | coverage intack_seen=52130 iret_seen=48707 (vs clkint_entered=52130)
qemu-system-i386: info: p2k-pit-deadline snap | arms=48707 fires=42699 period_ns=249752
qemu-system-i386: info: p2k-eoi-eip snap | 0x001af6ba:52130 
qemu-system-i386: info: p2k-diag: cpu eip=0x001b94b0 cs=0x0008 esp=0x003ffff0 eflags=0x00000202 cr0=0x60000011
qemu-system-i386: info: p2k-diag: cpu eip=0x001b94b0 cs=0x0008 esp=0x003ffff0 eflags=0x00000202 cr0=0x60000011
qemu-system-i386: info: p2k-diag: cpu eip=0x001b94b0 cs=0x0008 esp=0x003ffff0 eflags=0x00000202 cr0=0x60000011
qemu-system-i386: info: p2k-timing #10 snap | clock=QEMU_CLOCK_VIRTUAL icount=off expected: pit0_div=298 pit0_mode=2 pit0_hz=4003.97 irq0_edges_pit_expected=133292 observed: irq0_raised=132372 irq0_replayed=0 clkint_entered=57505 eoi_seen=57505 delivery=43.4% replay=0.0% imr=e0 irr=01 isr=00 base=20 idt20=0x001af6ba handler=clkint clkint_hook=0x001af6ba shim=0 wall=34.103s vtime=33.290s scale=0.976x host_slow=no pic_base=0x20
qemu-system-i386: info: p2k-latency snap | raise->clkint p50=78us p95=137us p99=187us max=456us max_total=1767us n=4096 | pdb05 count=57426
qemu-system-i386: info: p2k-pdb05 snap | pdb05_wall_delta   p50=620us p95=973us p99=1107us max=2824us max_total=30055us n=4096
qemu-system-i386: info: p2k-pdb05 snap | pdb05_wall_total   p50=620us p95=973us p99=1107us max=2824us max_total=32607us n=4096
qemu-system-i386: info: p2k-pdb05 snap | pdb05_vtime_delta  p50=620us p95=973us p99=1107us max=2824us max_total=30055us n=4096
qemu-system-i386: info: p2k-pdb05 snap | pdb05_vtime_total  p50=620us p95=973us p99=1107us max=2824us max_total=32607us n=4096
qemu-system-i386: info: p2k-xinu-drift snap | period_ms=0.250 | total: wall=34102.6ms vtime=33290.1ms xinu=14362.0ms drift=0.421 | delta: wall=3028.9ms vtime=3028.9ms xinu=1342.4ms drift=0.443
qemu-system-i386: info: p2k-segment snap | raise_intack  p50=72us p95=131us p99=181us max=451us max_total=1762us n=4096
qemu-system-i386: info: p2k-segment snap | intack_entry  p50=5us p95=7us p99=10us max=110us max_total=497us n=4096
qemu-system-i386: info: p2k-segment snap | entry_eoi     p50=1us p95=2us p99=2us max=117us max_total=163us n=4096
qemu-system-i386: info: p2k-segment snap | eoi_iret      p50=43us p95=93us p99=265us max=642us max_total=4010us n=4096
qemu-system-i386: info: p2k-segment snap | iret_raise    p50=503us p95=841us p99=959us max=1323us max_total=29510us n=4096
qemu-system-i386: info: p2k-segment snap | coverage intack_seen=57505 iret_seen=53730 (vs clkint_entered=57505)
qemu-system-i386: info: p2k-pit-deadline snap | arms=53730 fires=47132 period_ns=249752
qemu-system-i386: info: p2k-eoi-eip snap | 0x001af6ba:57505 
qemu-system-i386: info: p2k-diag: cpu eip=0x001b94b0 cs=0x0008 esp=0x003ffff0 eflags=0x00000202 cr0=0x60000011
qemu-system-i386: info: p2k-diag: cpu eip=0x001b94b0 cs=0x0008 esp=0x003ffff0 eflags=0x00000202 cr0=0x60000011
qemu-system-i386: info: p2k-diag: cpu eip=0x001b94b0 cs=0x0008 esp=0x003ffff0 eflags=0x00000202 cr0=0x60000011
qemu-system-i386: info: p2k-diag: PIC master imr=ff irr=01 isr=00 base=20
qemu-system-i386: info: p2k-diag: PIC master imr=e0 irr=01 isr=00 base=20
qemu-system-i386: info: p2k-timing #11 snap | clock=QEMU_CLOCK_VIRTUAL icount=off expected: pit0_div=298 pit0_mode=2 pit0_hz=4003.97 irq0_edges_pit_expected=145412 observed: irq0_raised=144489 irq0_replayed=0 clkint_entered=62903 eoi_seen=62903 delivery=43.5% replay=0.0% imr=e0 irr=00 isr=00 base=20 idt20=0x001af6ba handler=clkint clkint_hook=0x001af6ba shim=0 wall=37.129s vtime=36.317s scale=0.978x host_slow=no pic_base=0x20
qemu-system-i386: info: p2k-latency snap | raise->clkint p50=81us p95=130us p99=188us max=459us max_total=1767us n=4096 | pdb05 count=62824
qemu-system-i386: info: p2k-pdb05 snap | pdb05_wall_delta   p50=609us p95=971us p99=1131us max=2845us max_total=27364us n=4096
qemu-system-i386: info: p2k-pdb05 snap | pdb05_wall_total   p50=609us p95=971us p99=1131us max=2845us max_total=32607us n=4096
qemu-system-i386: info: p2k-pdb05 snap | pdb05_vtime_delta  p50=609us p95=971us p99=1131us max=2845us max_total=27364us n=4096
qemu-system-i386: info: p2k-pdb05 snap | pdb05_vtime_total  p50=609us p95=971us p99=1131us max=2845us max_total=32607us n=4096
qemu-system-i386: info: p2k-xinu-drift snap | period_ms=0.250 | total: wall=37129.5ms vtime=36316.9ms xinu=15710.2ms drift=0.423 | delta: wall=3026.8ms vtime=3026.8ms xinu=1348.2ms drift=0.445
qemu-system-i386: info: p2k-segment snap | raise_intack  p50=76us p95=123us p99=180us max=454us max_total=1762us n=4096
qemu-system-i386: info: p2k-segment snap | intack_entry  p50=5us p95=6us p99=12us max=113us max_total=497us n=4096
qemu-system-i386: info: p2k-segment snap | entry_eoi     p50=1us p95=2us p99=3us max=144us max_total=163us n=4096
qemu-system-i386: info: p2k-segment snap | eoi_iret      p50=42us p95=82us p99=272us max=585us max_total=4010us n=4096
qemu-system-i386: info: p2k-segment snap | iret_raise    p50=492us p95=848us p99=962us max=1339us max_total=29510us n=4096
qemu-system-i386: info: p2k-segment snap | coverage intack_seen=62903 iret_seen=58806 (vs clkint_entered=62903)
qemu-system-i386: info: p2k-pit-deadline snap | arms=58806 fires=51517 period_ns=249752
qemu-system-i386: info: p2k-eoi-eip snap | 0x001af6ba:62903 
qemu-system-i386: info: p2k-diag: cpu eip=0x001b94b0 cs=0x0008 esp=0x003ffff0 eflags=0x00000202 cr0=0x60000011
qemu-system-i386: info: p2k-diag: cpu eip=0x001b94b0 cs=0x0008 esp=0x003ffff0 eflags=0x00000202 cr0=0x60000011
qemu-system-i386: terminating on signal 15 from pid 95356 (timeout)
qemu-system-i386: info: p2k-timing #12 exit | clock=QEMU_CLOCK_VIRTUAL icount=off expected: pit0_div=298 pit0_mode=2 pit0_hz=4003.97 irq0_edges_pit_expected=153026 observed: irq0_raised=152098 irq0_replayed=0 clkint_entered=66276 eoi_seen=66276 delivery=43.6% replay=0.0% imr=ff irr=01 isr=00 base=20 idt20=0x001af6ba handler=clkint clkint_hook=0x001af6ba shim=0 wall=39.032s vtime=38.219s scale=0.979x host_slow=no pic_base=0x20
qemu-system-i386: info: p2k-latency exit | raise->clkint p50=77us p95=126us p99=180us max=497us max_total=1767us n=4096 | pdb05 count=66197
qemu-system-i386: info: p2k-pdb05 exit | pdb05_wall_delta   p50=618us p95=970us p99=1106us max=28529us max_total=28529us n=3373
qemu-system-i386: info: p2k-pdb05 exit | pdb05_wall_total   p50=621us p95=972us p99=1115us max=28529us max_total=32607us n=4096
qemu-system-i386: info: p2k-pdb05 exit | pdb05_vtime_delta  p50=618us p95=970us p99=1106us max=28529us max_total=28529us n=3373
qemu-system-i386: info: p2k-pdb05 exit | pdb05_vtime_total  p50=621us p95=972us p99=1115us max=28529us max_total=32607us n=4096
qemu-system-i386: info: p2k-xinu-drift exit | period_ms=0.250 | total: wall=39031.9ms vtime=38218.6ms xinu=16552.6ms drift=0.424 | delta: wall=1902.4ms vtime=1901.7ms xinu=842.4ms drift=0.443
qemu-system-i386: info: p2k-segment exit | raise_intack  p50=71us p95=120us p99=175us max=493us max_total=1762us n=4096
qemu-system-i386: info: p2k-segment exit | intack_entry  p50=5us p95=6us p99=9us max=99us max_total=497us n=4096
qemu-system-i386: info: p2k-segment exit | entry_eoi     p50=1us p95=2us p99=3us max=170us max_total=170us n=4096
qemu-system-i386: info: p2k-segment exit | eoi_iret      p50=42us p95=79us p99=286us max=571us max_total=4010us n=4096
qemu-system-i386: info: p2k-segment exit | iret_raise    p50=504us p95=849us p99=959us max=27930us max_total=29510us n=4096
qemu-system-i386: info: p2k-segment exit | coverage intack_seen=66276 iret_seen=61986 (vs clkint_entered=66276)
qemu-system-i386: info: p2k-pit-deadline exit | arms=61986 fires=54256 period_ns=249752
qemu-system-i386: info: p2k-eoi-eip exit | 0x001af6ba:66276 
qemu-system-i386: info: pinball2000: P2K_NO_SAVEDATA set — discarding BAR3 flash changes
qemu-system-i386: info: pinball2000: P2K_NO_SAVEDATA set — discarding SEEPROM changes
qemu-system-i386: info: pinball2000: P2K_NO_SAVEDATA set — discarding BAR2 NVRAM changes
