[run-qemu] audio: auto-selected pa (host: pulse running, qemu: pa supported)
[run-qemu] --update none → museum mode (P2K_NO_AUTO_UPDATE=1)
[run-qemu] read-only savedata: P2K_NO_SAVEDATA=1; running in /mnt/hgfs/encore_forensic/composis/Encore-Pinball2000/.run-qemu.jTdNzd (no savedata/ subdir)
[run-qemu] cwd=/mnt/hgfs/encore_forensic/composis/Encore-Pinball2000/.run-qemu.jTdNzd
[run-qemu] /home/encore/.cache/p2k-qemu-build/qemu-10.0.8/build/qemu-system-i386 -M pinball2000,game=swe1,roms-dir=/mnt/hgfs/encore_forensic/composis/Encore-Pinball2000/roms -no-reboot -m 16 -display none -serial null -audio driver=pa 
qemu-system-i386: info: pinball2000: loaded /mnt/hgfs/encore_forensic/composis/Encore-Pinball2000/roms/swe1_u100.rom (8388608 bytes -> chip0 16-bit lane)
qemu-system-i386: info: pinball2000: loaded /mnt/hgfs/encore_forensic/composis/Encore-Pinball2000/roms/swe1_u101.rom (8388608 bytes -> chip1 16-bit lane)
qemu-system-i386: info: pinball2000: loaded /mnt/hgfs/encore_forensic/composis/Encore-Pinball2000/roms/swe1_u102.rom (8388608 bytes -> chip0 16-bit lane)
qemu-system-i386: info: pinball2000: loaded /mnt/hgfs/encore_forensic/composis/Encore-Pinball2000/roms/swe1_u103.rom (8388608 bytes -> chip1 16-bit lane)
qemu-system-i386: info: pinball2000: loaded /mnt/hgfs/encore_forensic/composis/Encore-Pinball2000/roms/swe1_u104.rom (8388608 bytes -> chip0 16-bit lane)
qemu-system-i386: info: pinball2000: loaded /mnt/hgfs/encore_forensic/composis/Encore-Pinball2000/roms/swe1_u105.rom (8388608 bytes -> chip1 16-bit lane)
qemu-system-i386: info: pinball2000: loaded /mnt/hgfs/encore_forensic/composis/Encore-Pinball2000/roms/swe1_u106.rom (8388608 bytes -> chip0 16-bit lane)
qemu-system-i386: info: pinball2000: loaded /mnt/hgfs/encore_forensic/composis/Encore-Pinball2000/roms/swe1_u107.rom (8388608 bytes -> chip1 16-bit lane)
qemu-system-i386: info: pinball2000: loaded /mnt/hgfs/encore_forensic/composis/Encore-Pinball2000/roms/swe1_u109.rom (4194304 bytes -> chip0 16-bit lane)
qemu-system-i386: info: pinball2000: loaded /mnt/hgfs/encore_forensic/composis/Encore-Pinball2000/roms/swe1_u110.rom (4194304 bytes -> chip1 16-bit lane)
qemu-system-i386: info: pinball2000: mapped p2k.optrom           @ 0x000c0000 (32 KiB)
qemu-system-i386: info: pinball2000: loaded /mnt/hgfs/encore_forensic/composis/Encore-Pinball2000/roms/bios.bin (65536 bytes -> BIOS)
qemu-system-i386: info: pinball2000: mapped p2k.bios-shadow      @ 0x000f0000 (64 KiB, RW)
qemu-system-i386: info: pinball2000: mapped p2k.bios-reset       @ 0xffff0000 (64 KiB)
qemu-system-i386: info: pinball2000: mapped p2k.plx-bank0        @ 0x08000000 (16384 KiB)
qemu-system-i386: info: pinball2000: mapped p2k.plx-bank1        @ 0x08800000 (16384 KiB)
qemu-system-i386: info: pinball2000: mapped p2k.plx-bank2        @ 0x09800000 (16384 KiB)
qemu-system-i386: info: pinball2000: mapped p2k.plx-bank3        @ 0x0a800000 (16384 KiB)
qemu-system-i386: info: pinball2000: mapped p2k.dcs-cs3          @ 0x0b800000 (8192 KiB)
qemu-system-i386: info: pinball2000: mapped p2k.dcs-rombar       @ 0x18000000 (8192 KiB)
qemu-system-i386: info: pinball2000: mapped p2k.bar5-bank0       @ 0x14000000 (16384 KiB)
qemu-system-i386: info: pinball2000: mapped p2k.bar5-bank1       @ 0x15000000 (16384 KiB)
qemu-system-i386: info: pinball2000: mapped p2k.bar5-bank2       @ 0x16000000 (16384 KiB)
qemu-system-i386: info: pinball2000: mapped p2k.bar5-bank3       @ 0x17000000 (16384 KiB)
qemu-system-i386: info: pinball2000: mapped p2k.bank0-alias      @ 0xff000000 (4096 KiB)
qemu-system-i386: info: pinball2000: Cyrix MediaGX TCG extensions ENABLED (0F 3B BB1_RESET, 0F 3C CPU_WRITE, 0F 3D CPU_READ implemented per databook §4.1.5/§4.1.6 + on-silicon scratchpad pipeline; 0F 36/37/39/3F log+UD; 0F 3A reserved for SSE4 dispatch). Stock i386 binaries are unaffected.
qemu-system-i386: info: pinball2000: installed ISA stubs (kbd/0x61/cmos/post/com1) [UART<->chardev bidir]
qemu-system-i386: info: pinball2000: SuperIO W83977EF (0x2E/0x2F), CC5530 (0xEA/0xEB) and port 0x61 toggler installed
qemu-system-i386: info: pinball2000: installed Cyrix CCR at I/O 0x22/0x23 (GCR[0xb8] reset=0x0d -> GX_base_p=0x40000000, scratchpad=4KB; storage is mutable)
qemu-system-i386: info: pinball2000: installed PCI cf8/cfc stub (MediaGX dev0, PRISM dev8, Cx5520 dev18)
qemu-system-i386: info: pinball2000: P2K_NO_SAVEDATA set — running in read-only savedata mode (no seed, no save)
qemu-system-i386: info: pinball2000: mapped p2k.bar2-sram        @ 0x11000000 (128 KiB SRAM + 16 MiB sentinel)
qemu-system-i386: info: pinball2000: PLX BAR0 regs+SEEPROM @ 0x10000000 (256 bytes)
qemu-system-i386: info: pinball2000: P2K_NO_AUTO_UPDATE set — leaving BAR3 all-0xFF (base-image path; known stall on SWE1, see qemu/NOTES.next.md)
qemu-system-i386: info: pinball2000: DCS BAR4 MMIO @ 0x13000000 (16 MiB) [shared core, mode=io-handled]
qemu-system-i386: info: pinball2000: DCS-2 UART installed at I/O 0x138-0x13f [shared core]
qemu-system-i386: info: dcs-audio: pb2kslib loaded 689 entries from /mnt/hgfs/encore_forensic/composis/Encore-Pinball2000/roms/swe1_sound.bin
qemu-system-i386: info: pinball2000: DCS audio installed (44100 Hz S16 mono, 8-voice mixer, 689 pb2k entries; P2K_NO_DCS_AUDIO=1 to disable)
qemu-system-i386: info: pinball2000: LPT driver-board installed at I/O 0x378-0x37a (STATUS=0x87, edge-detect dispatch; keys: F1 quit | F2 flip-Y | F3 screenshot | F4 door | F5/Enter pulse | F6/F9 actions | F7/F8 flippers | Space/S start | F10/C coin | F12 dump | Esc/Left service | Up/Down volume | Right enter)
qemu-system-i386: info: pinball2000: GP BLT engine MMIO at 0x40008100 size 0x110
qemu-system-i386: info: pinball2000: VSYNC ticker armed (~57 Hz frame, 30 sub-tick updates @ DC_TIMING2)
qemu-system-i386: info: pinball2000: BT-130 mem_detect patcher armed
qemu-system-i386: info: pinball2000: diag sampler ON (PIT/PIC/IDT/XINU-sched, every 100 ms; unset P2K_DIAG to silence)
qemu-system-i386: info: pinball2000: timing-audit armed (initial @3s, every 5s with P2K_DIAG=1; disable with P2K_NO_TIMING_AUDIT=1)
qemu-system-i386: info: pinball2000: BT-131 NIC LAN ROM shadow installed at 0xd0008 (8B read-only MMIO; MAC 00:00:c0:01:02:03 board_id=0x2a checksum=0x0f)
qemu-system-i386: info: p2k-probe-cell-shim: ACTIVE (P2K_NO_AUTO_UPDATE) — Unicorn-style probe-cell maintenance scheduled. This is a TEMPORARY compatibility bridge for --update none parity, NOT clean QEMU device behavior. Removal condition: when DCS/PLX9054 model returns the right value at the probe address natively, delete p2k-probe-cell-shim.c and stop calling p2k_install_probe_cell_shim() from pinball2000.c.
qemu-system-i386: info: pinball2000: machine ready (game=swe1, ram=16 MiB)
qemu-system-i386: info: pinball2000: PM entry CS:EIP=0008:000801d9 ESP=0008b000
qemu-system-i386: info: p2k-diag: PIT ch0 mode=3 gate=1 count=0 (18.21 Hz)
qemu-system-i386: info: p2k-diag: PIT ch1 mode=3 gate=1 count=0 (18.21 Hz)
qemu-system-i386: info: p2k-diag: PIT ch2 mode=3 gate=0 count=0 (18.21 Hz)
qemu-system-i386: info: p2k-diag: PIC master imr=00 irr=01 isr=00 base=00
qemu-system-i386: info: p2k-diag: IDT base=0x00000000 limit=0x0000
qemu-system-i386: info: p2k-diag: IDT[0x20] sel=0x0000 off=0x00000000 type=0x00 (IRQ0/PIT)
qemu-system-i386: info: p2k-diag: IDT[0x28] sel=0x0000 off=0x00000000 type=0x00 (IRQ8/RTC)
qemu-system-i386: info: p2k-diag: cpu eip=0x00080fff cs=0x0008 esp=0x0008af8c eflags=0x00000002 cr0=0x60000011
qemu-system-i386: info: p2k-probe-cell-shim: located probe cell at 0x002797c4 — phase=pre-XINU scribble=0x0000ffff every 50 ms; will flip to 0x00000000 once XINU installs clkint at IDT[0x20] (--update none compatibility bridge)
qemu-system-i386: info: p2k-diag: PIT ch0 mode=2 gate=1 count=298 (4003.97 Hz)
qemu-system-i386: info: p2k-diag: PIC master imr=ff irr=01 isr=00 base=20
qemu-system-i386: info: p2k-diag: IDT base=0x00296d18 limit=0x017f
qemu-system-i386: info: p2k-diag: IDT[0x20] sel=0x0008 off=0x001cc4be type=0x8f (IRQ0/PIT)
qemu-system-i386: info: p2k-diag: IDT[0x28] sel=0x0008 off=0x001d85f7 type=0x8f (IRQ8/RTC)
qemu-system-i386: info: p2k-probe-cell-shim: phase=post-XINU (IDT[0x20]: panic-stub 0x001d859f → clkint 0x001cc4be) — switching scribble to 0x00000000 at [0x002797c4] so DCS probe returns PRESENT
qemu-system-i386: info: p2k-probe-cell-shim: first post-XINU scribble committed; awaiting first DCS command from guest
qemu-system-i386: info: pinball2000: BT-130 mem_detect patch applied at 0x001d9c99: 0x04 -> 0x0E (4 MiB -> 14 MiB pages)
qemu-system-i386: info: pinball2000: irq0 missed-edge replay disabled (set P2K_IRQ_REPLAY=1 to enable legacy safety net)
qemu-system-i386: info: pinball2000: irq0-iret tb-exit ENABLED (Strategy-1) (set P2K_NO_IRQ0_IRET_TB_EXIT=1 to disable)
qemu-system-i386: info: pinball2000: irq0 pit-deadline timer ENABLED (Strategy-2) (set P2K_NO_IRQ0_PIT_DEADLINE_TIMER=1 to disable)
qemu-system-i386: info: pinball2000: irq0-iret no-chain ENABLED (Strategy-3) (set P2K_NO_IRQ0_IRET_NO_CHAIN=1 to disable)
qemu-system-i386: info: p2k-diag: PIC master imr=60 irr=01 isr=00 base=20
qemu-system-i386: info: pinball2000: GP first-write off=0x8110 val=0xffffffff size=4
qemu-system-i386: info: pinball2000: GP first-write off=0x8114 val=0xffffffff size=4
qemu-system-i386: info: pinball2000: GP first-write off=0x8120 val=0xffffffff size=4
qemu-system-i386: info: pinball2000: GP first-write off=0x8124 val=0xffffffff size=4
qemu-system-i386: info: pinball2000: GP first-write off=0x8128 val=0xffffffff size=4
qemu-system-i386: info: pinball2000: GP first-write off=0x812c val=0xffffffff size=4
qemu-system-i386: info: pinball2000: GP first-write off=0x8108 val=0x02d80328 size=4
qemu-system-i386: info: pinball2000: GP first-write off=0x8100 val=0x00180014 size=4
qemu-system-i386: info: pinball2000: GP first-write off=0x8104 val=0x000100d8 size=4
qemu-system-i386: info: pinball2000: GP BLT #0: src(808,728) dst(20,24) w=216 raster=0x000010c6 TRANSPARENT key=0x7c1f
qemu-system-i386: info: pinball2000: GP BLT #1: src(0,729) dst(236,24) w=384 raster=0x000010c6 TRANSPARENT key=0x7c1f
qemu-system-i386: info: pinball2000: GP BLT #2: src(384,729) dst(20,23) w=600 raster=0x000010c6 TRANSPARENT key=0x7c1f
qemu-system-i386: info: pinball2000: GP BLT #3: src(984,729) dst(20,22) w=40 raster=0x000010c6 TRANSPARENT key=0x7c1f
qemu-system-i386: info: pinball2000: GP BLT #4: src(0,730) dst(60,22) w=560 raster=0x000010c6 TRANSPARENT key=0x7c1f
qemu-system-i386: info: pinball2000: GP BLT #5: src(560,730) dst(20,21) w=464 raster=0x000010c6 TRANSPARENT key=0x7c1f
qemu-system-i386: info: pinball2000: GP BLT #6: src(0,731) dst(484,21) w=136 raster=0x000010c6 TRANSPARENT key=0x7c1f
qemu-system-i386: info: pinball2000: GP BLT #7: src(136,731) dst(20,20) w=600 raster=0x000010c6 TRANSPARENT key=0x7c1f
qemu-system-i386: info: pinball2000: GP BLT #8: src(736,731) dst(20,19) w=288 raster=0x000010c6 TRANSPARENT key=0x7c1f
qemu-system-i386: info: pinball2000: GP BLT #9: src(0,732) dst(308,19) w=312 raster=0x000010c6 TRANSPARENT key=0x7c1f
qemu-system-i386: info: pinball2000: GP BLT #10: src(312,732) dst(20,18) w=600 raster=0x000010c6 TRANSPARENT key=0x7c1f
qemu-system-i386: info: pinball2000: GP BLT #11: src(912,732) dst(20,17) w=112 raster=0x000010c6 TRANSPARENT key=0x7c1f
qemu-system-i386: info: pinball2000: GP BLT #12: src(0,733) dst(132,17) w=488 raster=0x000010c6 TRANSPARENT key=0x7c1f
qemu-system-i386: info: pinball2000: GP BLT #13: src(488,733) dst(20,16) w=536 raster=0x000010c6 TRANSPARENT key=0x7c1f
qemu-system-i386: info: pinball2000: GP BLT #14: src(0,734) dst(556,16) w=64 raster=0x000010c6 TRANSPARENT key=0x7c1f
qemu-system-i386: info: pinball2000: GP BLT #15: src(64,734) dst(20,15) w=600 raster=0x000010c6 TRANSPARENT key=0x7c1f
qemu-system-i386: info: pinball2000: GP BLT #16: src(664,734) dst(20,14) w=360 raster=0x000010c6 TRANSPARENT key=0x7c1f
qemu-system-i386: info: pinball2000: GP BLT #17: src(0,735) dst(380,14) w=240 raster=0x000010c6 TRANSPARENT key=0x7c1f
qemu-system-i386: info: pinball2000: GP BLT #18: src(240,735) dst(20,13) w=600 raster=0x000010c6 TRANSPARENT key=0x7c1f
qemu-system-i386: info: pinball2000: GP BLT #19: src(840,735) dst(20,12) w=184 raster=0x000010c6 TRANSPARENT key=0x7c1f
qemu-system-i386: info: p2k-diag: cpu eip=0x001d96ae cs=0x0008 esp=0x003ffff0 eflags=0x00000202 cr0=0x60000011
qemu-system-i386: info: dcs-audio: ogg src_chans=1 src_rate=22050
qemu-system-i386: info: dcs-audio: decoded cmd=0x003a name=dcs-bong frames=30024 peak=27816 rms=4870
qemu-system-i386: info: dcs-audio: [BAR4] process_cmd 0x003a → key=0x003a name=dcs-bong frames=30024 ch=0 vol=255 pan=127 (played #1)
qemu-system-i386: info: dcs-audio: [BAR4] process_cmd 0x00aa → key=0x0fff no-pb2k-entry (missed #1)
qemu-system-i386: info: p2k-diag: cpu eip=0x001d96ae cs=0x0008 esp=0x003ffff0 eflags=0x00000202 cr0=0x60000011
qemu-system-i386: info: dcs-audio: ch0 END  (cmd=0x003a name=dcs-bong frames=30024 cb_elapsed=32)
qemu-system-i386: info: dcs-audio: [BAR4] execute_mixer 0x55aa d1=0x609f → GLOBAL_VOL=159 (broadcast to all 8 voices, per Unicorn Mix_Volume(-1))
qemu-system-i386: info: dcs-audio: [BAR4] execute_mixer 0x55ab d1=0x3fff → ch7 VOL=255
qemu-system-i386: info: dcs-audio: [BAR4] execute_mixer 0x55ac d1=0x3f7f → ch7 PAN=127
qemu-system-i386: info: p2k-timing #0 snap | clock=QEMU_CLOCK_VIRTUAL icount=off expected: pit0_div=298 pit0_mode=2 pit0_hz=4003.97 irq0_edges_pit_expected=12013 observed: irq0_raised=11245 irq0_replayed=0 clkint_entered=3683 eoi_seen=3683 delivery=32.8% replay=0.0% imr=60 irr=01 isr=00 base=20 idt20=0x001cc4be handler=clkint clkint_hook=0x001cc4be shim=0 wall=3.124s vtime=3.000s scale=0.960x host_slow=no pic_base=0x20
qemu-system-i386: info: p2k-latency snap | raise->clkint p50=65us p95=139us p99=201us max=1746us max_total=1746us n=3683 | pdb05 count=3592
qemu-system-i386: info: p2k-pdb05 snap | pdb05_wall_delta   p50=626us p95=974us p99=1166us max=10286us max_total=10286us n=3591
qemu-system-i386: info: p2k-pdb05 snap | pdb05_wall_total   p50=626us p95=974us p99=1166us max=10286us max_total=10286us n=3591
qemu-system-i386: info: p2k-pdb05 snap | pdb05_vtime_delta  p50=626us p95=974us p99=1166us max=10286us max_total=10286us n=3591
qemu-system-i386: info: p2k-pdb05 snap | pdb05_vtime_total  p50=626us p95=974us p99=1166us max=10286us max_total=10286us n=3591
qemu-system-i386: info: p2k-xinu-drift snap | period_ms=0.250 | total: wall=3124.4ms vtime=3000.2ms xinu=919.8ms drift=0.294 | delta: wall=0.0ms vtime=0.0ms xinu=0.0ms drift=0.000
qemu-system-i386: info: p2k-segment snap | raise_intack  p50=60us p95=133us p99=192us max=1741us max_total=1741us n=3683
qemu-system-i386: info: p2k-segment snap | intack_entry  p50=5us p95=6us p99=17us max=240us max_total=240us n=3683
qemu-system-i386: info: p2k-segment snap | entry_eoi     p50=1us p95=2us p99=3us max=19us max_total=19us n=3683
qemu-system-i386: info: p2k-segment snap | eoi_iret      p50=45us p95=108us p99=283us max=2064us max_total=2064us n=3436
qemu-system-i386: info: p2k-segment snap | iret_raise    p50=501us p95=836us p99=954us max=10096us max_total=10096us n=3436
qemu-system-i386: info: p2k-segment snap | coverage intack_seen=3683 iret_seen=3436 (vs clkint_entered=3683)
qemu-system-i386: info: p2k-pit-deadline snap | arms=3436 fires=3003 period_ns=249752
qemu-system-i386: info: p2k-eoi-eip snap | 0x001cc4be:3683 
qemu-system-i386: info: p2k-diag: PIC master imr=ff irr=00 isr=00 base=20
qemu-system-i386: info: p2k-diag: cpu eip=0x001d83e5 cs=0x0008 esp=0x003fff9c eflags=0x00000002 cr0=0x60000011
qemu-system-i386: info: p2k-diag: PIC master imr=60 irr=01 isr=00 base=20
qemu-system-i386: info: p2k-diag: PIC master imr=ff irr=01 isr=00 base=20
qemu-system-i386: info: p2k-diag: PIC master imr=60 irr=01 isr=00 base=20
qemu-system-i386: info: p2k-diag: cpu eip=0x001d96ae cs=0x0008 esp=0x003ffff0 eflags=0x00000202 cr0=0x60000011
qemu-system-i386: info: p2k-diag: cpu eip=0x001d96ae cs=0x0008 esp=0x003ffff0 eflags=0x00000202 cr0=0x60000011
qemu-system-i386: info: p2k-timing #1 snap | clock=QEMU_CLOCK_VIRTUAL icount=off expected: pit0_div=298 pit0_mode=2 pit0_hz=4003.97 irq0_edges_pit_expected=24153 observed: irq0_raised=23382 irq0_replayed=0 clkint_entered=9027 eoi_seen=9027 delivery=38.6% replay=0.0% imr=60 irr=01 isr=00 base=20 idt20=0x001cc4be handler=clkint clkint_hook=0x001cc4be shim=0 wall=6.156s vtime=6.032s scale=0.980x host_slow=no pic_base=0x20
qemu-system-i386: info: p2k-latency snap | raise->clkint p50=66us p95=147us p99=182us max=257us max_total=1746us n=4096 | pdb05 count=8936
qemu-system-i386: info: p2k-pdb05 snap | pdb05_wall_delta   p50=625us p95=963us p99=1089us max=8105us max_total=32522us n=4096
qemu-system-i386: info: p2k-pdb05 snap | pdb05_wall_total   p50=625us p95=963us p99=1089us max=8105us max_total=32522us n=4096
qemu-system-i386: info: p2k-pdb05 snap | pdb05_vtime_delta  p50=625us p95=963us p99=1089us max=8105us max_total=32522us n=4096
qemu-system-i386: info: p2k-pdb05 snap | pdb05_vtime_total  p50=625us p95=963us p99=1089us max=8105us max_total=32522us n=4096
qemu-system-i386: info: p2k-xinu-drift snap | period_ms=0.250 | total: wall=6156.4ms vtime=6032.2ms xinu=2254.5ms drift=0.366 | delta: wall=3032.0ms vtime=3032.0ms xinu=1334.7ms drift=0.440
qemu-system-i386: info: p2k-segment snap | raise_intack  p50=61us p95=141us p99=176us max=251us max_total=1741us n=4096
qemu-system-i386: info: p2k-segment snap | intack_entry  p50=5us p95=7us p99=13us max=61us max_total=240us n=4096
qemu-system-i386: info: p2k-segment snap | entry_eoi     p50=1us p95=2us p99=3us max=127us max_total=127us n=4096
qemu-system-i386: info: p2k-segment snap | eoi_iret      p50=33us p95=94us p99=210us max=442us max_total=2064us n=4096
qemu-system-i386: info: p2k-segment snap | iret_raise    p50=501us p95=850us p99=942us max=1305us max_total=10096us n=4096
qemu-system-i386: info: p2k-segment snap | coverage intack_seen=9027 iret_seen=8455 (vs clkint_entered=9027)
qemu-system-i386: info: p2k-pit-deadline snap | arms=8455 fires=7374 period_ns=249752
qemu-system-i386: info: p2k-eoi-eip snap | 0x001cc4be:9027 
qemu-system-i386: info: p2k-diag: cpu eip=0x001d96ae cs=0x0008 esp=0x003ffff0 eflags=0x00000202 cr0=0x60000011
qemu-system-i386: info: dcs-audio: ogg src_chans=1 src_rate=22050
qemu-system-i386: info: dcs-audio: decoded cmd=0x00ec name=S00EC frames=181272 peak=18391 rms=4261
qemu-system-i386: info: dcs-audio: [BAR4] execute_mixer 0x00ec d1=0xff7f d2=0x8200 → name=S00EC frames=181272 ch=4 vol=255 pan=127 (played #2)
qemu-system-i386: info: p2k-diag: PIC master imr=ff irr=01 isr=00 base=20
qemu-system-i386: info: p2k-diag: PIC master imr=60 irr=01 isr=00 base=20
qemu-system-i386: info: p2k-diag: cpu eip=0x001d96ae cs=0x0008 esp=0x003ffff0 eflags=0x00000202 cr0=0x60000011
qemu-system-i386: info: p2k-diag: cpu eip=0x001d96ae cs=0x0008 esp=0x003ffff0 eflags=0x00000202 cr0=0x60000011
qemu-system-i386: info: p2k-timing #2 snap | clock=QEMU_CLOCK_VIRTUAL icount=off expected: pit0_div=298 pit0_mode=2 pit0_hz=4003.97 irq0_edges_pit_expected=36298 observed: irq0_raised=35531 irq0_replayed=0 clkint_entered=14406 eoi_seen=14406 delivery=40.5% replay=0.0% imr=60 irr=01 isr=00 base=20 idt20=0x001cc4be handler=clkint clkint_hook=0x001cc4be shim=0 wall=9.190s vtime=9.065s scale=0.986x host_slow=no pic_base=0x20
qemu-system-i386: info: p2k-latency snap | raise->clkint p50=59us p95=131us p99=171us max=418us max_total=1746us n=4096 | pdb05 count=14315
qemu-system-i386: info: p2k-pdb05 snap | pdb05_wall_delta   p50=625us p95=966us p99=1103us max=2980us max_total=34974us n=4096
qemu-system-i386: info: p2k-pdb05 snap | pdb05_wall_total   p50=625us p95=966us p99=1103us max=2980us max_total=34974us n=4096
qemu-system-i386: info: p2k-pdb05 snap | pdb05_vtime_delta  p50=625us p95=966us p99=1103us max=2980us max_total=34974us n=4096
qemu-system-i386: info: p2k-pdb05 snap | pdb05_vtime_total  p50=625us p95=966us p99=1103us max=2980us max_total=34974us n=4096
qemu-system-i386: info: p2k-xinu-drift snap | period_ms=0.250 | total: wall=9189.7ms vtime=9065.4ms xinu=3597.9ms drift=0.392 | delta: wall=3033.2ms vtime=3033.2ms xinu=1343.4ms drift=0.443
qemu-system-i386: info: p2k-segment snap | raise_intack  p50=55us p95=125us p99=164us max=414us max_total=1741us n=4096
qemu-system-i386: info: p2k-segment snap | intack_entry  p50=5us p95=6us p99=10us max=95us max_total=240us n=4096
qemu-system-i386: info: p2k-segment snap | entry_eoi     p50=1us p95=2us p99=3us max=36us max_total=127us n=4096
qemu-system-i386: info: p2k-segment snap | eoi_iret      p50=45us p95=95us p99=183us max=764us max_total=2064us n=4096
qemu-system-i386: info: p2k-segment snap | iret_raise    p50=507us p95=855us p99=960us max=2827us max_total=10096us n=4096
qemu-system-i386: info: p2k-segment snap | coverage intack_seen=14406 iret_seen=13547 (vs clkint_entered=14406)
qemu-system-i386: info: p2k-pit-deadline snap | arms=13547 fires=11753 period_ns=249752
qemu-system-i386: info: p2k-eoi-eip snap | 0x001cc4be:14406 
qemu-system-i386: info: p2k-diag: cpu eip=0x0023b804 cs=0x0008 esp=0x003f7ee4 eflags=0x00000202 cr0=0x60000011
qemu-system-i386: info: p2k-diag: cpu eip=0x001d96ae cs=0x0008 esp=0x003ffff0 eflags=0x00000202 cr0=0x60000011
qemu-system-i386: info: dcs-audio: ogg src_chans=1 src_rate=22050
qemu-system-i386: info: dcs-audio: decoded cmd=0x03ce name=S03CE frames=25136 peak=25475 rms=5891
qemu-system-i386: info: dcs-audio: [BAR4] execute_mixer 0x03ce d1=0xff7f d2=0x8180 → name=S03CE frames=25136 ch=3 vol=255 pan=127 (played #3)
qemu-system-i386: info: dcs-audio: ch4 END  (cmd=0x00ec name=S00EC frames=181272 cb_elapsed=193)
qemu-system-i386: info: dcs-audio: ch3 END  (cmd=0x03ce name=S03CE frames=25136 cb_elapsed=27)
qemu-system-i386: info: dcs-audio: [BAR4] execute_mixer 0x03ce d1=0xff7f d2=0x8180 → name=S03CE frames=25136 ch=3 vol=255 pan=127 (played #4)
qemu-system-i386: info: p2k-diag: PIC master imr=ff irr=00 isr=00 base=20
qemu-system-i386: info: p2k-diag: cpu eip=0x0017bb01 cs=0x0008 esp=0x003fff9c eflags=0x00000202 cr0=0x60000011
qemu-system-i386: info: p2k-diag: PIC master imr=60 irr=01 isr=00 base=20
qemu-system-i386: info: dcs-audio: ch3 END  (cmd=0x03ce name=S03CE frames=25136 cb_elapsed=27)
qemu-system-i386: info: dcs-audio: [BAR4] execute_mixer 0x03ce d1=0xff7f d2=0x8180 → name=S03CE frames=25136 ch=3 vol=255 pan=127 (played #5)
qemu-system-i386: info: p2k-timing #3 snap | clock=QEMU_CLOCK_VIRTUAL icount=off expected: pit0_div=298 pit0_mode=2 pit0_hz=4003.97 irq0_edges_pit_expected=48419 observed: irq0_raised=47652 irq0_replayed=0 clkint_entered=19724 eoi_seen=19724 delivery=41.4% replay=0.0% imr=60 irr=01 isr=00 base=20 idt20=0x001cc4be handler=clkint clkint_hook=0x001cc4be shim=0 wall=12.217s vtime=12.093s scale=0.990x host_slow=no pic_base=0x20
qemu-system-i386: info: p2k-latency snap | raise->clkint p50=65us p95=144us p99=320us max=540us max_total=1746us n=4096 | pdb05 count=19633
qemu-system-i386: info: p2k-pdb05 snap | pdb05_wall_delta   p50=629us p95=989us p99=1134us max=9150us max_total=28588us n=4096
qemu-system-i386: info: p2k-pdb05 snap | pdb05_wall_total   p50=629us p95=989us p99=1134us max=9150us max_total=34974us n=4096
qemu-system-i386: info: p2k-pdb05 snap | pdb05_vtime_delta  p50=629us p95=989us p99=1134us max=9149us max_total=28588us n=4096
qemu-system-i386: info: p2k-pdb05 snap | pdb05_vtime_total  p50=629us p95=989us p99=1134us max=9149us max_total=34974us n=4096
qemu-system-i386: info: p2k-xinu-drift snap | period_ms=0.250 | total: wall=12217.1ms vtime=12092.8ms xinu=4926.1ms drift=0.403 | delta: wall=3027.4ms vtime=3027.4ms xinu=1328.2ms drift=0.439
qemu-system-i386: info: p2k-segment snap | raise_intack  p50=61us p95=140us p99=315us max=533us max_total=1741us n=4096
qemu-system-i386: info: p2k-segment snap | intack_entry  p50=5us p95=7us p99=10us max=124us max_total=240us n=4096
qemu-system-i386: info: p2k-segment snap | entry_eoi     p50=1us p95=2us p99=3us max=168us max_total=168us n=4096
qemu-system-i386: info: p2k-segment snap | eoi_iret      p50=46us p95=105us p99=274us max=7450us max_total=7450us n=4096
qemu-system-i386: info: p2k-segment snap | iret_raise    p50=496us p95=838us p99=962us max=1392us max_total=10096us n=4096
qemu-system-i386: info: p2k-segment snap | coverage intack_seen=19724 iret_seen=18438 (vs clkint_entered=19724)
qemu-system-i386: info: p2k-pit-deadline snap | arms=18438 fires=16041 period_ns=249752
qemu-system-i386: info: p2k-eoi-eip snap | 0x001cc4be:19724 
qemu-system-i386: info: p2k-diag: cpu eip=0x001d96ae cs=0x0008 esp=0x003ffff0 eflags=0x00000202 cr0=0x60000011
qemu-system-i386: info: dcs-audio: ch3 END  (cmd=0x03ce name=S03CE frames=25136 cb_elapsed=27)
qemu-system-i386: info: dcs-audio: [BAR4] execute_mixer 0x03ce d1=0xff7f d2=0x8180 → name=S03CE frames=25136 ch=3 vol=255 pan=127 (played #6)
qemu-system-i386: info: p2k-diag: PIC master imr=ff irr=00 isr=00 base=20
qemu-system-i386: info: p2k-diag: PIC master imr=60 irr=01 isr=00 base=20
qemu-system-i386: info: dcs-audio: ch3 END  (cmd=0x03ce name=S03CE frames=25136 cb_elapsed=27)
qemu-system-i386: info: p2k-diag: PIC master imr=ff irr=01 isr=00 base=20
qemu-system-i386: info: p2k-diag: PIC master imr=60 irr=00 isr=00 base=20
qemu-system-i386: info: dcs-audio: [BAR4] execute_mixer 0x03ce d1=0xff7f d2=0x8180 → name=S03CE frames=25136 ch=3 vol=255 pan=127 (played #7)
qemu-system-i386: info: p2k-diag: cpu eip=0x0023b768 cs=0x0008 esp=0x003f7ee4 eflags=0x00000202 cr0=0x60000011
qemu-system-i386: info: dcs-audio: ch3 END  (cmd=0x03ce name=S03CE frames=25136 cb_elapsed=27)
qemu-system-i386: info: p2k-diag: cpu eip=0x001d83bd cs=0x0008 esp=0x003ebdb0 eflags=0x00000002 cr0=0x60000011
qemu-system-i386: info: p2k-timing #4 snap | clock=QEMU_CLOCK_VIRTUAL icount=off expected: pit0_div=298 pit0_mode=2 pit0_hz=4003.97 irq0_edges_pit_expected=60556 observed: irq0_raised=59787 irq0_replayed=0 clkint_entered=25067 eoi_seen=25067 delivery=41.9% replay=0.0% imr=60 irr=01 isr=00 base=20 idt20=0x001cc4be handler=clkint clkint_hook=0x001cc4be shim=0 wall=15.248s vtime=15.124s scale=0.992x host_slow=no pic_base=0x20
qemu-system-i386: info: p2k-latency snap | raise->clkint p50=62us p95=157us p99=311us max=512us max_total=1746us n=4096 | pdb05 count=24976
qemu-system-i386: info: p2k-pdb05 snap | pdb05_wall_delta   p50=625us p95=968us p99=1165us max=7324us max_total=32183us n=4096
qemu-system-i386: info: p2k-pdb05 snap | pdb05_wall_total   p50=625us p95=968us p99=1165us max=7324us max_total=34974us n=4096
qemu-system-i386: info: p2k-pdb05 snap | pdb05_vtime_delta  p50=625us p95=968us p99=1165us max=7324us max_total=32183us n=4096
qemu-system-i386: info: p2k-pdb05 snap | pdb05_vtime_total  p50=625us p95=968us p99=1165us max=7324us max_total=34974us n=4096
qemu-system-i386: info: p2k-xinu-drift snap | period_ms=0.250 | total: wall=15248.4ms vtime=15124.1ms xinu=6260.5ms drift=0.411 | delta: wall=3031.3ms vtime=3031.3ms xinu=1334.4ms drift=0.440
qemu-system-i386: info: p2k-segment snap | raise_intack  p50=57us p95=150us p99=315us max=502us max_total=1741us n=4096
qemu-system-i386: info: p2k-segment snap | intack_entry  p50=5us p95=7us p99=13us max=492us max_total=492us n=4096
qemu-system-i386: info: p2k-segment snap | entry_eoi     p50=1us p95=2us p99=3us max=151us max_total=168us n=4096
qemu-system-i386: info: p2k-segment snap | eoi_iret      p50=47us p95=111us p99=244us max=1984us max_total=7450us n=4096
qemu-system-i386: info: p2k-segment snap | iret_raise    p50=486us p95=815us p99=958us max=3712us max_total=10096us n=4096
qemu-system-i386: info: p2k-segment snap | coverage intack_seen=25067 iret_seen=23329 (vs clkint_entered=25067)
qemu-system-i386: info: p2k-pit-deadline snap | arms=23329 fires=20356 period_ns=249752
qemu-system-i386: info: p2k-eoi-eip snap | 0x001cc4be:25067 
qemu-system-i386: info: p2k-diag: cpu eip=0x001d96ae cs=0x0008 esp=0x003ffff0 eflags=0x00000202 cr0=0x60000011
qemu-system-i386: info: p2k-diag: cpu eip=0x001d96ae cs=0x0008 esp=0x003ffff0 eflags=0x00000202 cr0=0x60000011
qemu-system-i386: info: p2k-diag: PIC master imr=ff irr=01 isr=00 base=20
qemu-system-i386: info: p2k-diag: PIC master imr=60 irr=01 isr=00 base=20
qemu-system-i386: info: p2k-diag: cpu eip=0x001d96ae cs=0x0008 esp=0x003ffff0 eflags=0x00000202 cr0=0x60000011
qemu-system-i386: info: p2k-timing #5 snap | clock=QEMU_CLOCK_VIRTUAL icount=off expected: pit0_div=298 pit0_mode=2 pit0_hz=4003.97 irq0_edges_pit_expected=72681 observed: irq0_raised=71911 irq0_replayed=0 clkint_entered=30402 eoi_seen=30402 delivery=42.3% replay=0.0% imr=60 irr=01 isr=00 base=20 idt20=0x001cc4be handler=clkint clkint_hook=0x001cc4be shim=0 wall=18.276s vtime=18.152s scale=0.993x host_slow=no pic_base=0x20
qemu-system-i386: info: p2k-latency snap | raise->clkint p50=60us p95=150us p99=189us max=347us max_total=1746us n=4096 | pdb05 count=30311
qemu-system-i386: info: p2k-pdb05 snap | pdb05_wall_delta   p50=612us p95=957us p99=1155us max=4473us max_total=28604us n=4096
qemu-system-i386: info: p2k-pdb05 snap | pdb05_wall_total   p50=612us p95=957us p99=1155us max=4473us max_total=34974us n=4096
qemu-system-i386: info: p2k-pdb05 snap | pdb05_vtime_delta  p50=612us p95=957us p99=1155us max=4473us max_total=28604us n=4096
qemu-system-i386: info: p2k-pdb05 snap | pdb05_vtime_total  p50=612us p95=957us p99=1155us max=4473us max_total=34974us n=4096
qemu-system-i386: info: p2k-xinu-drift snap | period_ms=0.250 | total: wall=18276.4ms vtime=18152.1ms xinu=7593.0ms drift=0.415 | delta: wall=3028.0ms vtime=3028.0ms xinu=1332.4ms drift=0.440
qemu-system-i386: info: p2k-segment snap | raise_intack  p50=55us p95=144us p99=183us max=343us max_total=1741us n=4096
qemu-system-i386: info: p2k-segment snap | intack_entry  p50=5us p95=7us p99=11us max=71us max_total=492us n=4096
qemu-system-i386: info: p2k-segment snap | entry_eoi     p50=1us p95=2us p99=3us max=8us max_total=168us n=4096
qemu-system-i386: info: p2k-segment snap | eoi_iret      p50=47us p95=113us p99=207us max=791us max_total=7450us n=4096
qemu-system-i386: info: p2k-segment snap | iret_raise    p50=485us p95=837us p99=991us max=3993us max_total=10096us n=4096
qemu-system-i386: info: p2k-segment snap | coverage intack_seen=30402 iret_seen=28335 (vs clkint_entered=30402)
qemu-system-i386: info: p2k-pit-deadline snap | arms=28335 fires=24695 period_ns=249752
qemu-system-i386: info: p2k-eoi-eip snap | 0x001cc4be:30402 
qemu-system-i386: info: p2k-diag: cpu eip=0x001d96ae cs=0x0008 esp=0x003ffff0 eflags=0x00000202 cr0=0x60000011
qemu-system-i386: info: p2k-diag: cpu eip=0x001d96ae cs=0x0008 esp=0x003ffff0 eflags=0x00000202 cr0=0x60000011
qemu-system-i386: info: p2k-diag: PIC master imr=ff irr=01 isr=00 base=20
qemu-system-i386: info: p2k-diag: PIC master imr=60 irr=01 isr=00 base=20
qemu-system-i386: info: p2k-diag: cpu eip=0x001d96ae cs=0x0008 esp=0x003ffff0 eflags=0x00000202 cr0=0x60000011
qemu-system-i386: info: p2k-diag: PIC master imr=ff irr=00 isr=00 base=20
qemu-system-i386: info: p2k-diag: PIC master imr=60 irr=00 isr=00 base=20
qemu-system-i386: info: p2k-timing #6 snap | clock=QEMU_CLOCK_VIRTUAL icount=off expected: pit0_div=298 pit0_mode=2 pit0_hz=4003.97 irq0_edges_pit_expected=84808 observed: irq0_raised=84041 irq0_replayed=0 clkint_entered=35716 eoi_seen=35716 delivery=42.5% replay=0.0% imr=60 irr=01 isr=00 base=20 idt20=0x001cc4be handler=clkint clkint_hook=0x001cc4be shim=0 wall=21.305s vtime=21.181s scale=0.994x host_slow=no pic_base=0x20
qemu-system-i386: info: p2k-latency snap | raise->clkint p50=64us p95=161us p99=203us max=416us max_total=1746us n=4096 | pdb05 count=35625
qemu-system-i386: info: p2k-pdb05 snap | pdb05_wall_delta   p50=627us p95=957us p99=1102us max=4554us max_total=30425us n=4096
qemu-system-i386: info: p2k-pdb05 snap | pdb05_wall_total   p50=627us p95=957us p99=1102us max=4554us max_total=34974us n=4096
qemu-system-i386: info: p2k-pdb05 snap | pdb05_vtime_delta  p50=627us p95=957us p99=1102us max=4554us max_total=30425us n=4096
qemu-system-i386: info: p2k-pdb05 snap | pdb05_vtime_total  p50=627us p95=957us p99=1102us max=4554us max_total=34974us n=4096
qemu-system-i386: info: p2k-xinu-drift snap | period_ms=0.250 | total: wall=21305.3ms vtime=21181.1ms xinu=8920.2ms drift=0.419 | delta: wall=3028.9ms vtime=3028.9ms xinu=1327.2ms drift=0.438
qemu-system-i386: info: p2k-segment snap | raise_intack  p50=60us p95=154us p99=192us max=412us max_total=1741us n=4096
qemu-system-i386: info: p2k-segment snap | intack_entry  p50=5us p95=7us p99=17us max=187us max_total=492us n=4096
qemu-system-i386: info: p2k-segment snap | entry_eoi     p50=1us p95=2us p99=3us max=148us max_total=168us n=4096
qemu-system-i386: info: p2k-segment snap | eoi_iret      p50=47us p95=119us p99=225us max=676us max_total=7450us n=4096
qemu-system-i386: info: p2k-segment snap | iret_raise    p50=486us p95=827us p99=946us max=4301us max_total=10096us n=4096
qemu-system-i386: info: p2k-segment snap | coverage intack_seen=35716 iret_seen=33235 (vs clkint_entered=35716)
qemu-system-i386: info: p2k-pit-deadline snap | arms=33235 fires=29044 period_ns=249752
qemu-system-i386: info: p2k-eoi-eip snap | 0x001cc4be:35716 
qemu-system-i386: info: p2k-diag: cpu eip=0x001d96ae cs=0x0008 esp=0x003ffff0 eflags=0x00000202 cr0=0x60000011
qemu-system-i386: info: p2k-diag: cpu eip=0x0023b7be cs=0x0008 esp=0x003f7ee4 eflags=0x00000202 cr0=0x60000011
qemu-system-i386: info: p2k-diag: cpu eip=0x001d96ae cs=0x0008 esp=0x003ffff0 eflags=0x00000202 cr0=0x60000011
qemu-system-i386: info: p2k-timing #7 snap | clock=QEMU_CLOCK_VIRTUAL icount=off expected: pit0_div=298 pit0_mode=2 pit0_hz=4003.97 irq0_edges_pit_expected=96924 observed: irq0_raised=96157 irq0_replayed=0 clkint_entered=41036 eoi_seen=41036 delivery=42.7% replay=0.0% imr=60 irr=01 isr=00 base=20 idt20=0x001cc4be handler=clkint clkint_hook=0x001cc4be shim=0 wall=24.331s vtime=24.207s scale=0.995x host_slow=no pic_base=0x20
qemu-system-i386: info: p2k-latency snap | raise->clkint p50=61us p95=153us p99=190us max=355us max_total=1746us n=4096 | pdb05 count=40945
qemu-system-i386: info: p2k-pdb05 snap | pdb05_wall_delta   p50=626us p95=974us p99=1093us max=2911us max_total=26938us n=4096
qemu-system-i386: info: p2k-pdb05 snap | pdb05_wall_total   p50=626us p95=974us p99=1093us max=2911us max_total=34974us n=4096
qemu-system-i386: info: p2k-pdb05 snap | pdb05_vtime_delta  p50=626us p95=974us p99=1093us max=2911us max_total=26938us n=4096
qemu-system-i386: info: p2k-pdb05 snap | pdb05_vtime_total  p50=626us p95=974us p99=1093us max=2911us max_total=34974us n=4096
qemu-system-i386: info: p2k-xinu-drift snap | period_ms=0.250 | total: wall=24331.3ms vtime=24207.1ms xinu=10248.8ms drift=0.421 | delta: wall=3026.0ms vtime=3026.0ms xinu=1328.7ms drift=0.439
qemu-system-i386: info: p2k-segment snap | raise_intack  p50=56us p95=147us p99=181us max=349us max_total=1741us n=4096
qemu-system-i386: info: p2k-segment snap | intack_entry  p50=5us p95=6us p99=9us max=72us max_total=492us n=4096
qemu-system-i386: info: p2k-segment snap | entry_eoi     p50=1us p95=2us p99=3us max=157us max_total=168us n=4096
qemu-system-i386: info: p2k-segment snap | eoi_iret      p50=47us p95=118us p99=223us max=584us max_total=7450us n=4096
qemu-system-i386: info: p2k-segment snap | iret_raise    p50=490us p95=845us p99=951us max=1323us max_total=10096us n=4096
qemu-system-i386: info: p2k-segment snap | coverage intack_seen=41036 iret_seen=38176 (vs clkint_entered=41036)
qemu-system-i386: info: p2k-pit-deadline snap | arms=38176 fires=33417 period_ns=249752
qemu-system-i386: info: p2k-eoi-eip snap | 0x001cc4be:41036 
qemu-system-i386: info: p2k-diag: cpu eip=0x001d96ae cs=0x0008 esp=0x003ffff0 eflags=0x00000202 cr0=0x60000011
qemu-system-i386: info: p2k-diag: cpu eip=0x0023b771 cs=0x0008 esp=0x003f7ee4 eflags=0x00000202 cr0=0x60000011
qemu-system-i386: info: p2k-diag: cpu eip=0x001d96ae cs=0x0008 esp=0x003ffff0 eflags=0x00000202 cr0=0x60000011
qemu-system-i386: info: p2k-timing #8 snap | clock=QEMU_CLOCK_VIRTUAL icount=off expected: pit0_div=298 pit0_mode=2 pit0_hz=4003.97 irq0_edges_pit_expected=109026 observed: irq0_raised=108256 irq0_replayed=0 clkint_entered=46153 eoi_seen=46153 delivery=42.6% replay=0.0% imr=60 irr=00 isr=00 base=20 idt20=0x001cc4be handler=clkint clkint_hook=0x001cc4be shim=0 wall=27.354s vtime=27.229s scale=0.995x host_slow=no pic_base=0x20
qemu-system-i386: info: p2k-latency snap | raise->clkint p50=70us p95=152us p99=197us max=441us max_total=1746us n=4096 | pdb05 count=46062
qemu-system-i386: info: p2k-pdb05 snap | pdb05_wall_delta   p50=639us p95=1002us p99=1396us max=7301us max_total=22868us n=4096
qemu-system-i386: info: p2k-pdb05 snap | pdb05_wall_total   p50=639us p95=1002us p99=1396us max=7301us max_total=34974us n=4096
qemu-system-i386: info: p2k-pdb05 snap | pdb05_vtime_delta  p50=639us p95=1002us p99=1396us max=7301us max_total=22868us n=4096
qemu-system-i386: info: p2k-pdb05 snap | pdb05_vtime_total  p50=639us p95=1002us p99=1396us max=7301us max_total=34974us n=4096
qemu-system-i386: info: p2k-xinu-drift snap | period_ms=0.250 | total: wall=27353.8ms vtime=27229.5ms xinu=11526.8ms drift=0.421 | delta: wall=3022.4ms vtime=3022.4ms xinu=1278.0ms drift=0.423
qemu-system-i386: info: p2k-segment snap | raise_intack  p50=66us p95=147us p99=189us max=347us max_total=1741us n=4096
qemu-system-i386: info: p2k-segment snap | intack_entry  p50=5us p95=7us p99=11us max=380us max_total=492us n=4096
qemu-system-i386: info: p2k-segment snap | entry_eoi     p50=1us p95=2us p99=3us max=77us max_total=168us n=4096
qemu-system-i386: info: p2k-segment snap | eoi_iret      p50=47us p95=109us p99=243us max=550us max_total=7450us n=4096
qemu-system-i386: info: p2k-segment snap | iret_raise    p50=503us p95=877us p99=1088us max=7184us max_total=10096us n=4096
qemu-system-i386: info: p2k-segment snap | coverage intack_seen=46153 iret_seen=42926 (vs clkint_entered=46153)
qemu-system-i386: info: p2k-pit-deadline snap | arms=42926 fires=37598 period_ns=249752
qemu-system-i386: info: p2k-eoi-eip snap | 0x001cc4be:46153 
qemu-system-i386: info: p2k-diag: cpu eip=0x001d96ae cs=0x0008 esp=0x003ffff0 eflags=0x00000202 cr0=0x60000011
qemu-system-i386: info: p2k-diag: PIC master imr=ff irr=00 isr=00 base=20
qemu-system-i386: info: p2k-diag: cpu eip=0x001d83e5 cs=0x0008 esp=0x003fff34 eflags=0x00000002 cr0=0x60000011
qemu-system-i386: info: p2k-diag: PIC master imr=60 irr=01 isr=00 base=20
qemu-system-i386: info: p2k-diag: PIC master imr=ff irr=00 isr=00 base=20
qemu-system-i386: info: p2k-diag: PIC master imr=60 irr=01 isr=00 base=20
qemu-system-i386: info: p2k-diag: cpu eip=0x001d96ae cs=0x0008 esp=0x003ffff0 eflags=0x00000202 cr0=0x60000011
qemu-system-i386: info: p2k-diag: PIC master imr=ff irr=00 isr=00 base=20
qemu-system-i386: info: p2k-diag: PIC master imr=60 irr=01 isr=00 base=20
qemu-system-i386: info: p2k-timing #9 snap | clock=QEMU_CLOCK_VIRTUAL icount=off expected: pit0_div=298 pit0_mode=2 pit0_hz=4003.97 irq0_edges_pit_expected=121146 observed: irq0_raised=120379 irq0_replayed=0 clkint_entered=51467 eoi_seen=51467 delivery=42.8% replay=0.0% imr=ff irr=01 isr=00 base=20 idt20=0x001cc4be handler=clkint clkint_hook=0x001cc4be shim=0 wall=30.381s vtime=30.256s scale=0.996x host_slow=no pic_base=0x20
qemu-system-i386: info: p2k-latency snap | raise->clkint p50=71us p95=154us p99=192us max=695us max_total=1746us n=4096 | pdb05 count=51376
qemu-system-i386: info: p2k-pdb05 snap | pdb05_wall_delta   p50=619us p95=997us p99=1159us max=2957us max_total=28226us n=4096
qemu-system-i386: info: p2k-pdb05 snap | pdb05_wall_total   p50=619us p95=997us p99=1159us max=2957us max_total=34974us n=4096
qemu-system-i386: info: p2k-pdb05 snap | pdb05_vtime_delta  p50=619us p95=997us p99=1159us max=2957us max_total=28226us n=4096
qemu-system-i386: info: p2k-pdb05 snap | pdb05_vtime_total  p50=619us p95=997us p99=1159us max=2957us max_total=34974us n=4096
qemu-system-i386: info: p2k-xinu-drift snap | period_ms=0.250 | total: wall=30380.7ms vtime=30256.4ms xinu=12854.0ms drift=0.423 | delta: wall=3026.9ms vtime=3026.9ms xinu=1327.2ms drift=0.438
qemu-system-i386: info: p2k-segment snap | raise_intack  p50=67us p95=148us p99=185us max=691us max_total=1741us n=4096
qemu-system-i386: info: p2k-segment snap | intack_entry  p50=5us p95=6us p99=12us max=189us max_total=492us n=4096
qemu-system-i386: info: p2k-segment snap | entry_eoi     p50=1us p95=2us p99=3us max=180us max_total=180us n=4096
qemu-system-i386: info: p2k-segment snap | eoi_iret      p50=46us p95=104us p99=198us max=545us max_total=7450us n=4096
qemu-system-i386: info: p2k-segment snap | iret_raise    p50=489us p95=874us p99=972us max=2795us max_total=27593us n=4096
qemu-system-i386: info: p2k-segment snap | coverage intack_seen=51467 iret_seen=47801 (vs clkint_entered=51467)
qemu-system-i386: info: p2k-pit-deadline snap | arms=47801 fires=41916 period_ns=249752
qemu-system-i386: info: p2k-eoi-eip snap | 0x001cc4be:51467 
qemu-system-i386: info: p2k-diag: PIC master imr=ff irr=01 isr=00 base=20
qemu-system-i386: info: p2k-diag: PIC master imr=60 irr=01 isr=00 base=20
qemu-system-i386: info: p2k-diag: cpu eip=0x001d96ae cs=0x0008 esp=0x003ffff0 eflags=0x00000202 cr0=0x60000011
qemu-system-i386: info: p2k-diag: cpu eip=0x001d96ae cs=0x0008 esp=0x003ffff0 eflags=0x00000202 cr0=0x60000011
qemu-system-i386: info: p2k-diag: cpu eip=0x001d96ae cs=0x0008 esp=0x003ffff0 eflags=0x00000202 cr0=0x60000011
qemu-system-i386: info: p2k-diag: PIC master imr=ff irr=00 isr=00 base=20
qemu-system-i386: info: p2k-timing #10 snap | clock=QEMU_CLOCK_VIRTUAL icount=off expected: pit0_div=298 pit0_mode=2 pit0_hz=4003.97 irq0_edges_pit_expected=133257 observed: irq0_raised=132490 irq0_replayed=0 clkint_entered=56736 eoi_seen=56736 delivery=42.8% replay=0.0% imr=60 irr=01 isr=00 base=20 idt20=0x001cc4be handler=clkint clkint_hook=0x001cc4be shim=0 wall=33.406s vtime=33.281s scale=0.996x host_slow=no pic_base=0x20
qemu-system-i386: info: p2k-latency snap | raise->clkint p50=59us p95=128us p99=171us max=297us max_total=1746us n=4096 | pdb05 count=56645
qemu-system-i386: info: p2k-pdb05 snap | pdb05_wall_delta   p50=635us p95=1009us p99=1144us max=2800us max_total=26491us n=4096
qemu-system-i386: info: p2k-pdb05 snap | pdb05_wall_total   p50=635us p95=1009us p99=1144us max=2800us max_total=34974us n=4096
qemu-system-i386: info: p2k-pdb05 snap | pdb05_vtime_delta  p50=635us p95=1009us p99=1144us max=2800us max_total=26491us n=4096
qemu-system-i386: info: p2k-pdb05 snap | pdb05_vtime_total  p50=635us p95=1009us p99=1144us max=2800us max_total=34974us n=4096
qemu-system-i386: info: p2k-xinu-drift snap | period_ms=0.250 | total: wall=33405.6ms vtime=33281.4ms xinu=14169.9ms drift=0.424 | delta: wall=3024.9ms vtime=3024.9ms xinu=1315.9ms drift=0.435
qemu-system-i386: info: p2k-segment snap | raise_intack  p50=55us p95=123us p99=165us max=290us max_total=1741us n=4096
qemu-system-i386: info: p2k-segment snap | intack_entry  p50=5us p95=6us p99=10us max=85us max_total=492us n=4096
qemu-system-i386: info: p2k-segment snap | entry_eoi     p50=1us p95=2us p99=3us max=38us max_total=180us n=4096
qemu-system-i386: info: p2k-segment snap | eoi_iret      p50=46us p95=101us p99=215us max=523us max_total=7450us n=4096
qemu-system-i386: info: p2k-segment snap | iret_raise    p50=514us p95=885us p99=983us max=1350us max_total=27593us n=4096
qemu-system-i386: info: p2k-segment snap | coverage intack_seen=56736 iret_seen=52773 (vs clkint_entered=56736)
qemu-system-i386: info: p2k-pit-deadline snap | arms=52773 fires=46209 period_ns=249752
qemu-system-i386: info: p2k-eoi-eip snap | 0x001cc4be:56736 
qemu-system-i386: info: p2k-diag: PIC master imr=60 irr=01 isr=00 base=20
qemu-system-i386: info: p2k-diag: cpu eip=0x001d96ae cs=0x0008 esp=0x003ffff0 eflags=0x00000202 cr0=0x60000011
qemu-system-i386: info: p2k-diag: cpu eip=0x001d96ae cs=0x0008 esp=0x003ffff0 eflags=0x00000202 cr0=0x60000011
qemu-system-i386: info: p2k-diag: PIC master imr=ff irr=00 isr=00 base=20
qemu-system-i386: info: p2k-diag: cpu eip=0x00183790 cs=0x0008 esp=0x003f7e88 eflags=0x00000202 cr0=0x60000011
qemu-system-i386: info: p2k-diag: PIC master imr=60 irr=01 isr=00 base=20
qemu-system-i386: info: p2k-timing #11 snap | clock=QEMU_CLOCK_VIRTUAL icount=off expected: pit0_div=298 pit0_mode=2 pit0_hz=4003.97 irq0_edges_pit_expected=145379 observed: irq0_raised=144611 irq0_replayed=0 clkint_entered=62020 eoi_seen=62020 delivery=42.9% replay=0.0% imr=60 irr=01 isr=00 base=20 idt20=0x001cc4be handler=clkint clkint_hook=0x001cc4be shim=0 wall=36.433s vtime=36.309s scale=0.997x host_slow=no pic_base=0x20
qemu-system-i386: info: p2k-latency snap | raise->clkint p50=59us p95=146us p99=179us max=366us max_total=1746us n=4096 | pdb05 count=61929
qemu-system-i386: info: p2k-pdb05 snap | pdb05_wall_delta   p50=632us p95=1006us p99=1175us max=2469us max_total=29046us n=4096
qemu-system-i386: info: p2k-pdb05 snap | pdb05_wall_total   p50=632us p95=1006us p99=1175us max=2469us max_total=34974us n=4096
qemu-system-i386: info: p2k-pdb05 snap | pdb05_vtime_delta  p50=632us p95=1006us p99=1175us max=2469us max_total=29046us n=4096
qemu-system-i386: info: p2k-pdb05 snap | pdb05_vtime_total  p50=632us p95=1006us p99=1175us max=2469us max_total=34974us n=4096
qemu-system-i386: info: p2k-xinu-drift snap | period_ms=0.250 | total: wall=36433.0ms vtime=36308.8ms xinu=15489.6ms drift=0.425 | delta: wall=3027.4ms vtime=3027.4ms xinu=1319.7ms drift=0.436
qemu-system-i386: info: p2k-segment snap | raise_intack  p50=55us p95=140us p99=172us max=358us max_total=1741us n=4096
qemu-system-i386: info: p2k-segment snap | intack_entry  p50=5us p95=6us p99=10us max=54us max_total=492us n=4096
qemu-system-i386: info: p2k-segment snap | entry_eoi     p50=1us p95=2us p99=3us max=102us max_total=180us n=4096
qemu-system-i386: info: p2k-segment snap | eoi_iret      p50=46us p95=100us p99=202us max=545us max_total=7450us n=4096
qemu-system-i386: info: p2k-segment snap | iret_raise    p50=513us p95=885us p99=994us max=1396us max_total=27593us n=4096
qemu-system-i386: info: p2k-segment snap | coverage intack_seen=62020 iret_seen=57758 (vs clkint_entered=62020)
qemu-system-i386: info: p2k-pit-deadline snap | arms=57758 fires=50476 period_ns=249752
qemu-system-i386: info: p2k-eoi-eip snap | 0x001cc4be:62020 
qemu-system-i386: info: p2k-diag: cpu eip=0x001d96ae cs=0x0008 esp=0x003ffff0 eflags=0x00000202 cr0=0x60000011
qemu-system-i386: info: p2k-diag: cpu eip=0x001d96ae cs=0x0008 esp=0x003ffff0 eflags=0x00000202 cr0=0x60000011
qemu-system-i386: info: p2k-diag: cpu eip=0x001d96ae cs=0x0008 esp=0x003ffff0 eflags=0x00000202 cr0=0x60000011
qemu-system-i386: terminating on signal 15 from pid 95331 (timeout)
qemu-system-i386: info: p2k-timing #12 exit | clock=QEMU_CLOCK_VIRTUAL icount=off expected: pit0_div=298 pit0_mode=2 pit0_hz=4003.97 irq0_edges_pit_expected=156470 observed: irq0_raised=155696 irq0_replayed=0 clkint_entered=66910 eoi_seen=66910 delivery=43.0% replay=0.0% imr=60 irr=00 isr=01 base=20 idt20=0x001cc4be handler=clkint clkint_hook=0x001cc4be shim=0 wall=39.204s vtime=39.079s scale=0.997x host_slow=no pic_base=0x20
qemu-system-i386: info: p2k-latency exit | raise->clkint p50=59us p95=143us p99=171us max=383us max_total=1746us n=4096 | pdb05 count=66819
qemu-system-i386: info: p2k-pdb05 exit | pdb05_wall_delta   p50=621us p95=1010us p99=1152us max=2580us max_total=22019us n=4096
qemu-system-i386: info: p2k-pdb05 exit | pdb05_wall_total   p50=621us p95=1010us p99=1152us max=2580us max_total=34974us n=4096
qemu-system-i386: info: p2k-pdb05 exit | pdb05_vtime_delta  p50=621us p95=1010us p99=1152us max=2580us max_total=22019us n=4096
qemu-system-i386: info: p2k-pdb05 exit | pdb05_vtime_total  p50=621us p95=1010us p99=1152us max=2580us max_total=34974us n=4096
qemu-system-i386: info: p2k-xinu-drift exit | period_ms=0.250 | total: wall=39203.5ms vtime=39078.6ms xinu=16710.9ms drift=0.426 | delta: wall=2770.5ms vtime=2769.9ms xinu=1221.3ms drift=0.441
qemu-system-i386: info: p2k-segment exit | raise_intack  p50=55us p95=138us p99=168us max=1581us max_total=1741us n=4096
qemu-system-i386: info: p2k-segment exit | intack_entry  p50=5us p95=6us p99=9us max=215us max_total=492us n=4096
qemu-system-i386: info: p2k-segment exit | entry_eoi     p50=1us p95=2us p99=3us max=104us max_total=180us n=4096
qemu-system-i386: info: p2k-segment exit | eoi_iret      p50=46us p95=98us p99=204us max=625us max_total=7450us n=4096
qemu-system-i386: info: p2k-segment exit | iret_raise    p50=500us p95=886us p99=989us max=2404us max_total=27593us n=4096
qemu-system-i386: info: p2k-segment exit | coverage intack_seen=66911 iret_seen=62385 (vs clkint_entered=66910)
qemu-system-i386: info: p2k-pit-deadline exit | arms=62385 fires=54446 period_ns=249752
qemu-system-i386: info: p2k-eoi-eip exit | 0x001cc4be:66910 
qemu-system-i386: info: pinball2000: P2K_NO_SAVEDATA set — discarding BAR3 flash changes
qemu-system-i386: info: pinball2000: P2K_NO_SAVEDATA set — discarding SEEPROM changes
qemu-system-i386: info: pinball2000: P2K_NO_SAVEDATA set — discarding BAR2 NVRAM changes
